go: downloading golang.org/x/tools v0.40.0
go: downloading github.com/stretchr/testify v1.10.0
go: downloading gopkg.in/yaml.v3 v3.0.1
go: downloading github.com/davecgh/go-spew v1.1.1
go: downloading github.com/pmezard/go-difflib v1.0.0
=== RUN   TestDocExampleSimpleField
--- PASS: TestDocExampleSimpleField (0.00s)
=== RUN   TestDocExampleArrayIndex
--- PASS: TestDocExampleArrayIndex (0.00s)
=== RUN   TestDocExampleEqualityFilter
--- PASS: TestDocExampleEqualityFilter (0.00s)
=== RUN   TestDocExampleFunctionSum
    feature_test.go:131: feature: function calls not ready for implementation
--- SKIP: TestDocExampleFunctionSum (0.00s)
=== RUN   TestDocExampleSurname
--- PASS: TestDocExampleSurname (0.00s)
=== RUN   TestDocExampleAddressCity
--- PASS: TestDocExampleAddressCity (0.00s)
=== RUN   TestDocExamplePhoneNegativeIndex
--- PASS: TestDocExamplePhoneNegativeIndex (0.00s)
=== RUN   TestDocExamplePredicateGreater
    feature_test.go:131: feature: predicate comparison not ready for implementation
--- SKIP: TestDocExamplePredicateGreater (0.00s)
=== RUN   TestDocExampleNumericAdd
    feature_test.go:131: feature: numeric operators not ready for implementation
--- SKIP: TestDocExampleNumericAdd (0.00s)
=== RUN   TestDocExampleBooleanAnd
    feature_test.go:131: feature: boolean operators not ready for implementation
--- SKIP: TestDocExampleBooleanAnd (0.00s)
=== RUN   TestDocExampleStringLength
    feature_test.go:131: feature: string functions not ready for implementation
--- SKIP: TestDocExampleStringLength (0.00s)
=== RUN   TestDocExampleNumericFunctionSum
    feature_test.go:131: feature: numeric functions not ready for implementation
--- SKIP: TestDocExampleNumericFunctionSum (0.00s)
=== RUN   TestDocExampleAggregationCount
    feature_test.go:131: feature: aggregation functions not ready for implementation
--- SKIP: TestDocExampleAggregationCount (0.00s)
=== RUN   TestDocExampleArrayAppend
    feature_test.go:131: feature: array functions not ready for implementation
--- SKIP: TestDocExampleArrayAppend (0.00s)
=== RUN   TestDocExampleObjectMerge
    feature_test.go:131: feature: object functions not ready for implementation
--- SKIP: TestDocExampleObjectMerge (0.00s)
=== RUN   TestDocExampleHigherOrderMap
    feature_test.go:131: feature: higher order functions not ready for implementation
--- SKIP: TestDocExampleHigherOrderMap (0.00s)
=== RUN   TestDocExampleDateTimeNow
    feature_test.go:131: feature: date-time functions not ready for implementation
--- SKIP: TestDocExampleDateTimeNow (0.00s)
=== RUN   TestDocExampleRegexMatch
    feature_test.go:131: feature: regex functions not ready for implementation
--- SKIP: TestDocExampleRegexMatch (0.00s)
=== RUN   TestDocExampleWildcardPath
    feature_test.go:131: feature: path operators not ready for implementation
--- SKIP: TestDocExampleWildcardPath (0.00s)
=== RUN   TestDocExampleSubstring
    feature_test.go:131: feature: string functions not ready for implementation
--- SKIP: TestDocExampleSubstring (0.00s)
=== RUN   TestDocExampleRound
    feature_test.go:131: feature: numeric functions not ready for implementation
--- SKIP: TestDocExampleRound (0.00s)
=== RUN   TestDocExampleBooleanNot
    feature_test.go:131: feature: boolean functions not ready for implementation
--- SKIP: TestDocExampleBooleanNot (0.00s)
=== RUN   TestDocExampleRegexReplace
    feature_test.go:131: feature: regex functions not ready for implementation
--- SKIP: TestDocExampleRegexReplace (0.00s)
=== RUN   TestDocExampleFromMillis
    feature_test.go:131: feature: date-time functions not ready for implementation
--- SKIP: TestDocExampleFromMillis (0.00s)
=== RUN   TestStructQueries
--- PASS: TestStructQueries (0.00s)
=== RUN   TestJSONQueries
--- PASS: TestJSONQueries (0.00s)
=== RUN   TestComments
=== RUN   TestComments/Simple_comment_before_identifier
=== RUN   TestComments/Comment_between_identifiers
=== RUN   TestComments/Comment_inside_brackets
=== RUN   TestComments/Multiline_comment
=== RUN   TestComments/Unclosed_comment
=== RUN   TestComments/Unclosed_comment_with_content
--- PASS: TestComments (0.00s)
    --- PASS: TestComments/Simple_comment_before_identifier (0.00s)
    --- PASS: TestComments/Comment_between_identifiers (0.00s)
    --- PASS: TestComments/Comment_inside_brackets (0.00s)
    --- PASS: TestComments/Multiline_comment (0.00s)
    --- PASS: TestComments/Unclosed_comment (0.00s)
    --- PASS: TestComments/Unclosed_comment_with_content (0.00s)
=== RUN   TestGroups
=== RUN   TestGroups/array-constructor
=== RUN   TestGroups/array-constructor/case002
    test_suite_test.go:127: runCase failed: parse failed: expected identifier at 0
=== RUN   TestGroups/array-constructor/case004
    test_suite_test.go:127: runCase failed: parse failed: expected identifier at 0
=== RUN   TestGroups/array-constructor/case005
    test_suite_test.go:127: runCase failed: parse failed: expected identifier at 0
=== RUN   TestGroups/array-constructor/case008
    test_suite_test.go:127: runCase failed: parse failed: expected identifier at 0
=== RUN   TestGroups/array-constructor/case012
    test_suite_test.go:127: runCase failed: parse failed: expected identifier at 13
=== RUN   TestGroups/array-constructor/case014
    test_suite_test.go:127: runCase failed: parse failed: expected identifier at 9
=== RUN   TestGroups/array-constructor/case016
    test_suite_test.go:127: runCase failed: parse failed: expected identifier at 0
=== RUN   TestGroups/array-constructor/case017
    test_suite_test.go:127: runCase failed: parse failed: expected identifier at 0
=== RUN   TestGroups/array-constructor/case001
    test_suite_test.go:127: runCase failed: parse failed: expected identifier at 0
=== RUN   TestGroups/array-constructor/case007
    test_suite_test.go:127: runCase failed: parse failed: expected identifier at 0
=== RUN   TestGroups/array-constructor/case013
    test_suite_test.go:127: runCase failed: parse failed: expected identifier at 9
=== RUN   TestGroups/array-constructor/case019
    test_suite_test.go:127: runCase failed: parse failed: expected identifier at 0
=== RUN   TestGroups/array-constructor/case000
    test_suite_test.go:127: runCase failed: parse failed: expected identifier at 0
=== RUN   TestGroups/array-constructor/case009
    test_suite_test.go:127: runCase failed: parse failed: expected identifier at 0
=== RUN   TestGroups/array-constructor/case010
    test_suite_test.go:127: runCase failed: parse failed: expected identifier at 0
=== RUN   TestGroups/array-constructor/case020
    test_suite_test.go:127: runCase failed: parse failed: expected identifier at 0
=== RUN   TestGroups/array-constructor/case003
    test_suite_test.go:127: runCase failed: parse failed: expected identifier at 0
=== RUN   TestGroups/array-constructor/case006
    test_suite_test.go:127: runCase failed: parse failed: expected identifier at 0
=== RUN   TestGroups/array-constructor/case011
    test_suite_test.go:127: runCase failed: parse failed: expected identifier at 13
=== RUN   TestGroups/array-constructor/case015
    test_suite_test.go:127: runCase failed: parse failed: expected identifier at 0
=== RUN   TestGroups/array-constructor/case018
    test_suite_test.go:127: runCase failed: parse failed: expected identifier at 0
=== RUN   TestGroups/blocks
=== RUN   TestGroups/blocks/case000
    test_suite_test.go:127: runCase failed: parse failed: expected identifier at 0
=== RUN   TestGroups/blocks/case001
    test_suite_test.go:127: runCase failed: parse failed: expected identifier at 0
=== RUN   TestGroups/blocks/case002
    test_suite_test.go:127: runCase failed: parse failed: expected identifier at 0
=== RUN   TestGroups/blocks/case003
    test_suite_test.go:127: runCase failed: parse failed: expected identifier at 0
=== RUN   TestGroups/blocks/case004
    test_suite_test.go:127: runCase failed: parse failed: expected identifier at 22
=== RUN   TestGroups/blocks/case005
    test_suite_test.go:127: runCase failed: parse failed: expected identifier at 0
=== RUN   TestGroups/blocks/case006
    test_suite_test.go:127: runCase failed: parse failed: expected identifier at 0
=== RUN   TestGroups/boolean-expresssions
=== RUN   TestGroups/boolean-expresssions/case003
    test_suite_test.go:127: runCase failed: parse failed: expected '.' or operator at position 6, got o
=== RUN   TestGroups/boolean-expresssions/case007
    test_suite_test.go:127: runCase failed: parse failed: expected '.' or operator at position 6, got a
=== RUN   TestGroups/boolean-expresssions/case015
    test_suite_test.go:127: runCase failed: parse failed: expected '.' or operator at position 4, got a
=== RUN   TestGroups/boolean-expresssions/case023
    test_suite_test.go:127: runCase failed: parse failed: expected '.' or operator at position 4, got a
=== RUN   TestGroups/boolean-expresssions/case027
    test_suite_test.go:127: runCase failed: parse failed: expected '.' or operator at position 4, got (
=== RUN   TestGroups/boolean-expresssions/case010
    test_suite_test.go:127: runCase failed: parse failed: expected '.' or operator at position 4, got (
=== RUN   TestGroups/boolean-expresssions/case017
    test_suite_test.go:127: runCase failed: parse failed: expected '.' or operator at position 5, got o
=== RUN   TestGroups/boolean-expresssions/case019
    test_suite_test.go:127: runCase failed: parse failed: expected '.' or operator at position 6, got o
=== RUN   TestGroups/boolean-expresssions/case022
    test_suite_test.go:127: runCase failed: parse failed: expected '.' or operator at position 5, got a
=== RUN   TestGroups/boolean-expresssions/case013
    test_suite_test.go:127: runCase failed: parse failed: expected '.' or operator at position 3, got >
=== RUN   TestGroups/boolean-expresssions/case020
    test_suite_test.go:127: runCase failed: parse failed: expected '.' or operator at position 4, got o
=== RUN   TestGroups/boolean-expresssions/case026
    test_suite_test.go:127: runCase failed: parse failed: expected '.' or operator at position 4, got a
=== RUN   TestGroups/boolean-expresssions/case006
    test_suite_test.go:127: runCase failed: parse failed: expected '.' or operator at position 6, got a
=== RUN   TestGroups/boolean-expresssions/case009
    test_suite_test.go:127: runCase failed: parse failed: expected '.' or operator at position 5, got a
=== RUN   TestGroups/boolean-expresssions/case016
    test_suite_test.go:127: runCase failed: parse failed: empty brackets
=== RUN   TestGroups/boolean-expresssions/case004
    test_suite_test.go:127: runCase failed: parse failed: expected '.' or operator at position 5, got o
=== RUN   TestGroups/boolean-expresssions/case008
    test_suite_test.go:127: runCase failed: parse failed: expected '.' or operator at position 5, got a
=== RUN   TestGroups/boolean-expresssions/case024
    test_suite_test.go:127: runCase failed: parse failed: expected '.' or operator at position 6, got a
=== RUN   TestGroups/boolean-expresssions/case029
    test_suite_test.go:127: runCase failed: parse failed: expected '.' or operator at position 5, got (
=== RUN   TestGroups/boolean-expresssions/case014
    test_suite_test.go:127: runCase failed: parse failed: expected '.' or operator at position 3, got >
=== RUN   TestGroups/boolean-expresssions/case021
    test_suite_test.go:127: runCase failed: parse failed: expected '.' or operator at position 4, got o
=== RUN   TestGroups/boolean-expresssions/case028
    test_suite_test.go:127: runCase failed: parse failed: expected '.' or operator at position 4, got =
=== RUN   TestGroups/boolean-expresssions/case030
    test_suite_test.go:127: runCase failed: parse failed: expected '.' or operator at position 5, got (
=== RUN   TestGroups/boolean-expresssions/case001
    test_suite_test.go:147: Skipping failed test. Expected: false, Got: <nil>
=== RUN   TestGroups/boolean-expresssions/case002
    test_suite_test.go:127: runCase failed: parse failed: expected '.' or operator at position 6, got o
=== RUN   TestGroups/boolean-expresssions/case005
    test_suite_test.go:127: runCase failed: parse failed: expected '.' or operator at position 5, got o
=== RUN   TestGroups/boolean-expresssions/case011
    test_suite_test.go:127: runCase failed: parse failed: expected '.' or operator at position 4, got (
=== RUN   TestGroups/boolean-expresssions/case012
    test_suite_test.go:127: runCase failed: parse failed: expected '.' or operator at position 3, got =
=== RUN   TestGroups/boolean-expresssions/case018
    test_suite_test.go:127: runCase failed: parse failed: expected '.' or operator at position 4, got o
=== RUN   TestGroups/boolean-expresssions/case000
    test_suite_test.go:147: Skipping failed test. Expected: true, Got: <nil>
=== RUN   TestGroups/boolean-expresssions/case025
    test_suite_test.go:127: runCase failed: parse failed: expected '.' or operator at position 4, got a
=== RUN   TestGroups/closures
=== RUN   TestGroups/closures/case000
    test_suite_test.go:127: runCase failed: parse failed: expected identifier at 8
=== RUN   TestGroups/closures/case001
    test_suite_test.go:127: runCase failed: parse failed: expected identifier at 8
=== RUN   TestGroups/coalescing-operator
=== RUN   TestGroups/coalescing-operator/case006
    test_suite_test.go:127: runCase failed: parse failed: expected '.' or operator at position 5, got ?
=== RUN   TestGroups/coalescing-operator/case008
    test_suite_test.go:127: runCase failed: parse failed: expected '.' or operator at position 5, got ?
=== RUN   TestGroups/coalescing-operator/case009
    test_suite_test.go:127: runCase failed: parse failed: expected identifier at 0
=== RUN   TestGroups/coalescing-operator/case003
    test_suite_test.go:127: runCase failed: parse failed: expected '.' or operator at position 4, got ?
=== RUN   TestGroups/coalescing-operator/case005
    test_suite_test.go:127: runCase failed: parse failed: expected '.' or operator at position 20, got ?
=== RUN   TestGroups/coalescing-operator/case007
    test_suite_test.go:127: runCase failed: parse failed: expected '.' or operator at position 6, got ?
=== RUN   TestGroups/coalescing-operator/case010
    test_suite_test.go:127: runCase failed: parse failed: expected identifier at 0
=== RUN   TestGroups/coalescing-operator/case011
    test_suite_test.go:127: runCase failed: parse failed: expected identifier at 0
=== RUN   TestGroups/coalescing-operator/case012
    test_suite_test.go:127: runCase failed: parse failed: expected identifier at 0
=== RUN   TestGroups/coalescing-operator/case000
    test_suite_test.go:127: runCase failed: parse failed: expected '.' or operator at position 4, got ?
=== RUN   TestGroups/coalescing-operator/case001
    test_suite_test.go:127: runCase failed: parse failed: expected '.' or operator at position 8, got ?
=== RUN   TestGroups/coalescing-operator/case002
    test_suite_test.go:127: runCase failed: parse failed: expected '.' or operator at position 20, got ?
=== RUN   TestGroups/coalescing-operator/case004
    test_suite_test.go:127: runCase failed: parse failed: expected '.' or operator at position 8, got ?
=== RUN   TestGroups/comments
=== RUN   TestGroups/comments/case000
    test_suite_test.go:127: runCase failed: parse failed: expected identifier at 21
=== RUN   TestGroups/comments/case001
    test_suite_test.go:127: runCase failed: parse failed: expected '.' or operator at position 10, got (
=== RUN   TestGroups/comments/case002
    test_suite_test.go:127: runCase failed: parse failed: expected '.' or operator at position 10, got (
=== RUN   TestGroups/comments/case003
    test_suite_test.go:127: runCase failed: parse failed: expected identifier at 137
=== RUN   TestGroups/comparison-operators
=== RUN   TestGroups/comparison-operators/case010
    test_suite_test.go:127: runCase failed: parse failed: expected identifier at 0
=== RUN   TestGroups/comparison-operators/case015
    test_suite_test.go:127: runCase failed: parse failed: expected '.' or operator at position 3, got >
=== RUN   TestGroups/comparison-operators/case020
    test_suite_test.go:127: runCase failed: parse failed: expected '.' or operator at position 4, got !
=== RUN   TestGroups/comparison-operators/case021
    test_suite_test.go:147: Skipping failed test. Expected: map[fud:hello], Got: [map[fud:hello]]
=== RUN   TestGroups/comparison-operators/case024
    test_suite_test.go:147: Skipping failed test. Expected: [34.45 21.67 34.45], Got: <nil>
=== RUN   TestGroups/comparison-operators/case028
    test_suite_test.go:127: runCase failed: parse failed: expected '.' or operator at position 3, got <
=== RUN   TestGroups/comparison-operators/case003
    test_suite_test.go:127: runCase failed: parse failed: expected identifier at 0
=== RUN   TestGroups/comparison-operators/case017
    test_suite_test.go:127: runCase failed: parse failed: expected '.' or operator at position 8, got =
=== RUN   TestGroups/comparison-operators/case006
    test_suite_test.go:127: runCase failed: parse failed: expected identifier at 0
=== RUN   TestGroups/comparison-operators/case008
    test_suite_test.go:127: runCase failed: parse failed: expected identifier at 0
=== RUN   TestGroups/comparison-operators/case009
    test_suite_test.go:127: runCase failed: parse failed: expected '.' or operator at position 5, got <
=== RUN   TestGroups/comparison-operators/case025
    test_suite_test.go:127: runCase failed: parse failed: expected '.' or operator at position 6, got >
=== RUN   TestGroups/comparison-operators/case000
    test_suite_test.go:127: runCase failed: parse failed: expected identifier at 0
=== RUN   TestGroups/comparison-operators/case004
    test_suite_test.go:127: runCase failed: parse failed: expected identifier at 0
=== RUN   TestGroups/comparison-operators/case007
    test_suite_test.go:127: runCase failed: parse failed: expected identifier at 0
=== RUN   TestGroups/comparison-operators/case012
    test_suite_test.go:127: runCase failed: parse failed: expected '.' or operator at position 8, got >
=== RUN   TestGroups/comparison-operators/case019
    test_suite_test.go:127: runCase failed: parse failed: expected '.' or operator at position 4, got =
=== RUN   TestGroups/comparison-operators/case022
    test_suite_test.go:147: Skipping failed test. Expected: map[fud:hello], Got: [map[fud:hello]]
=== RUN   TestGroups/comparison-operators/case027
    test_suite_test.go:127: runCase failed: parse failed: expected identifier at 0
=== RUN   TestGroups/comparison-operators/case014
    test_suite_test.go:127: runCase failed: parse failed: expected '.' or operator at position 7, got <
=== RUN   TestGroups/comparison-operators/case018
    test_suite_test.go:127: runCase failed: parse failed: expected '.' or operator at position 7, got !
=== RUN   TestGroups/comparison-operators/case011
    test_suite_test.go:127: runCase failed: parse failed: expected '.' or operator at position 8, got >
=== RUN   TestGroups/comparison-operators/case013
    test_suite_test.go:127: runCase failed: parse failed: expected '.' or operator at position 7, got <
=== RUN   TestGroups/comparison-operators/case016
    test_suite_test.go:127: runCase failed: parse failed: expected '.' or operator at position 4, got <
=== RUN   TestGroups/comparison-operators/case023
    test_suite_test.go:147: Skipping failed test. Expected: [34.45 34.45 107.99], Got: <nil>
=== RUN   TestGroups/comparison-operators/case026
    test_suite_test.go:127: runCase failed: parse failed: expected '.' or operator at position 6, got >
=== RUN   TestGroups/comparison-operators/case001
    test_suite_test.go:127: runCase failed: parse failed: expected identifier at 0
=== RUN   TestGroups/comparison-operators/case002
    test_suite_test.go:127: runCase failed: parse failed: expected identifier at 0
=== RUN   TestGroups/comparison-operators/case005
    test_suite_test.go:127: runCase failed: parse failed: expected identifier at 0
=== RUN   TestGroups/conditionals
=== RUN   TestGroups/conditionals/case005
    test_suite_test.go:127: runCase failed: parse failed: expected '.' or operator at position 7, got (
=== RUN   TestGroups/conditionals/case007
    test_suite_test.go:127: runCase failed: parse failed: expected identifier at 22
=== RUN   TestGroups/conditionals/case000
    test_suite_test.go:127: runCase failed: parse failed: expected identifier at 0
=== RUN   TestGroups/conditionals/case003
    test_suite_test.go:127: runCase failed: parse failed: expected '.' or operator at position 7, got (
=== RUN   TestGroups/conditionals/case006
    test_suite_test.go:127: runCase failed: parse failed: expected identifier at 22
=== RUN   TestGroups/conditionals/case008
    test_suite_test.go:127: runCase failed: parse failed: expected identifier at 22
=== RUN   TestGroups/conditionals/case001
    test_suite_test.go:127: runCase failed: parse failed: expected identifier at 0
=== RUN   TestGroups/conditionals/case002
    test_suite_test.go:127: runCase failed: parse failed: expected identifier at 0
=== RUN   TestGroups/conditionals/case004
    test_suite_test.go:127: runCase failed: parse failed: expected '.' or operator at position 7, got (
=== RUN   TestGroups/context
=== RUN   TestGroups/context/case000
    test_suite_test.go:127: runCase failed: parse failed: expected '.' or operator at position 7, got (
=== RUN   TestGroups/context/case001
    test_suite_test.go:127: runCase failed: parse failed: expected identifier at 0
=== RUN   TestGroups/context/case002
    test_suite_test.go:127: runCase failed: parse failed: expected identifier at 0
=== RUN   TestGroups/context/case003
    test_suite_test.go:127: runCase failed: parse failed: expected identifier at 22
=== RUN   TestGroups/default-operator
=== RUN   TestGroups/default-operator/case009
    test_suite_test.go:127: runCase failed: parse failed: expected identifier at 0
=== RUN   TestGroups/default-operator/case010
    test_suite_test.go:127: runCase failed: parse failed: expected identifier at 0
=== RUN   TestGroups/default-operator/case012
    test_suite_test.go:127: runCase failed: parse failed: expected '.' or operator at position 13, got ?
=== RUN   TestGroups/default-operator/case013
    test_suite_test.go:127: runCase failed: parse failed: expected '.' or operator at position 13, got ?
=== RUN   TestGroups/default-operator/case004
    test_suite_test.go:127: runCase failed: parse failed: expected identifier at 0
=== RUN   TestGroups/default-operator/case005
    test_suite_test.go:127: runCase failed: parse failed: expected identifier at 0
=== RUN   TestGroups/default-operator/case006
    test_suite_test.go:127: runCase failed: parse failed: expected identifier at 0
=== RUN   TestGroups/default-operator/case007
    test_suite_test.go:127: runCase failed: parse failed: expected identifier at 0
=== RUN   TestGroups/default-operator/case008
    test_suite_test.go:127: runCase failed: parse failed: expected identifier at 0
=== RUN   TestGroups/default-operator/case011
    test_suite_test.go:127: runCase failed: parse failed: expected '.' or operator at position 8, got (
=== RUN   TestGroups/default-operator/case000
    test_suite_test.go:127: runCase failed: parse failed: expected '.' or operator at position 5, got ?
=== RUN   TestGroups/default-operator/case001
    test_suite_test.go:127: runCase failed: parse failed: expected '.' or operator at position 6, got ?
=== RUN   TestGroups/default-operator/case002
    test_suite_test.go:127: runCase failed: parse failed: expected identifier at 0
=== RUN   TestGroups/default-operator/case003
    test_suite_test.go:127: runCase failed: parse failed: expected identifier at 0
=== RUN   TestGroups/descendent-operator
=== RUN   TestGroups/descendent-operator/case004
    test_suite_test.go:127: runCase failed: parse failed: expected identifier at 4
=== RUN   TestGroups/descendent-operator/case007
    test_suite_test.go:127: runCase failed: parse failed: expected identifier at 4
=== RUN   TestGroups/descendent-operator/case011
    test_suite_test.go:127: runCase failed: parse failed: expected identifier at 0
=== RUN   TestGroups/descendent-operator/case005
    test_suite_test.go:127: runCase failed: parse failed: expected identifier at 0
=== RUN   TestGroups/descendent-operator/case010
    test_suite_test.go:127: runCase failed: parse failed: expected identifier at 0
=== RUN   TestGroups/descendent-operator/case016
    test_suite_test.go:127: runCase failed: parse failed: expected identifier at 0
=== RUN   TestGroups/descendent-operator/case003
    test_suite_test.go:127: runCase failed: parse failed: expected identifier at 0
=== RUN   TestGroups/descendent-operator/case008
    test_suite_test.go:127: runCase failed: parse failed: expected identifier at 14
=== RUN   TestGroups/descendent-operator/case009
    test_suite_test.go:127: runCase failed: parse failed: expected identifier at 4
=== RUN   TestGroups/descendent-operator/case014
    test_suite_test.go:127: runCase failed: parse failed: expected identifier at 0
=== RUN   TestGroups/descendent-operator/case015
    test_suite_test.go:127: runCase failed: parse failed: expected identifier at 19
=== RUN   TestGroups/descendent-operator/case001
    test_suite_test.go:127: runCase failed: parse failed: expected identifier at 4
=== RUN   TestGroups/descendent-operator/case002
    test_suite_test.go:127: runCase failed: parse failed: expected identifier at 4
=== RUN   TestGroups/descendent-operator/case006
    test_suite_test.go:127: runCase failed: parse failed: expected identifier at 4
=== RUN   TestGroups/descendent-operator/case012
    test_suite_test.go:127: runCase failed: parse failed: expected identifier at 0
=== RUN   TestGroups/descendent-operator/case013
    test_suite_test.go:127: runCase failed: parse failed: expected identifier at 0
=== RUN   TestGroups/descendent-operator/case000
    test_suite_test.go:127: runCase failed: parse failed: expected identifier at 4
=== RUN   TestGroups/encoding
=== RUN   TestGroups/encoding/case000
    test_suite_test.go:127: runCase failed: parse failed: expected '.' or operator at position 13, got (
=== RUN   TestGroups/encoding/case001
    test_suite_test.go:127: runCase failed: parse failed: expected '.' or operator at position 13, got (
=== RUN   TestGroups/encoding/case002
    test_suite_test.go:127: runCase failed: parse failed: expected '.' or operator at position 13, got (
=== RUN   TestGroups/encoding/case003
    test_suite_test.go:127: runCase failed: parse failed: expected '.' or operator at position 13, got (
=== RUN   TestGroups/errors
=== RUN   TestGroups/errors/case024
    test_suite_test.go:127: runCase failed: parse failed: expected '.' or operator at position 24, got ;
=== RUN   TestGroups/errors/case001
    test_suite_test.go:127: runCase failed: parse failed: expected identifier at 0
=== RUN   TestGroups/errors/case002
    test_suite_test.go:127: runCase failed: parse failed: expected identifier at 0
=== RUN   TestGroups/errors/case003
    test_suite_test.go:127: runCase failed: parse failed: expected identifier at 0
=== RUN   TestGroups/errors/case009
    test_suite_test.go:127: runCase failed: parse failed: expected '.' or operator at position 8, got (
=== RUN   TestGroups/errors/case012
    test_suite_test.go:127: runCase failed: parse failed: expected identifier at 0
=== RUN   TestGroups/errors/case014
    test_suite_test.go:127: runCase failed: parse failed: expected identifier at 0
=== RUN   TestGroups/errors/case015
    test_suite_test.go:127: runCase failed: parse failed: expected identifier at 0
=== RUN   TestGroups/errors/case016
    test_suite_test.go:127: runCase failed: parse failed: expected '.' or operator at position 8, got (
=== RUN   TestGroups/errors/case006
    test_suite_test.go:127: runCase failed: parse failed: expected '.' or operator at position 3, got (
=== RUN   TestGroups/errors/case008
    test_suite_test.go:127: runCase failed: parse failed: expected identifier at 0
=== RUN   TestGroups/errors/case011
    test_suite_test.go:127: runCase failed: parse failed: expected identifier at 0
=== RUN   TestGroups/errors/case017
    test_suite_test.go:127: runCase failed: parse failed: expected '.' or operator at position 1, got :
=== RUN   TestGroups/errors/case022
    test_suite_test.go:127: runCase failed: parse failed: expected identifier at 0
=== RUN   TestGroups/errors/case023
    test_suite_test.go:127: runCase failed: parse failed: expected identifier at 0
=== RUN   TestGroups/errors/case025
    test_suite_test.go:127: runCase failed: parse failed: expected identifier at 0
=== RUN   TestGroups/errors/case026
    test_suite_test.go:127: runCase failed: parse failed: expected identifier at 0
=== RUN   TestGroups/errors/case000
    test_suite_test.go:127: runCase failed: parse failed: expected identifier at 0
=== RUN   TestGroups/errors/case004
    test_suite_test.go:127: runCase failed: parse failed: expected identifier at 0
=== RUN   TestGroups/errors/case007
    test_suite_test.go:127: runCase failed: parse failed: expected identifier at 0
=== RUN   TestGroups/errors/case018
    test_suite_test.go:127: runCase failed: parse failed: expected identifier at 0
=== RUN   TestGroups/errors/case019
    test_suite_test.go:127: runCase failed: parse failed: expected '.' or operator at position 4, got (
=== RUN   TestGroups/errors/case005
    test_suite_test.go:127: runCase failed: parse failed: expected '.' or operator at position 7, got (
=== RUN   TestGroups/errors/case010
    test_suite_test.go:127: runCase failed: parse failed: expected identifier at 0
=== RUN   TestGroups/errors/case013
    test_suite_test.go:127: runCase failed: parse failed: expected identifier at 0
=== RUN   TestGroups/errors/case020
    test_suite_test.go:127: runCase failed: parse failed: expected identifier at 0
=== RUN   TestGroups/errors/case021
    test_suite_test.go:127: runCase failed: parse failed: expected '.' or operator at position 4, got (
=== RUN   TestGroups/fields
=== RUN   TestGroups/fields/case002
    test_suite_test.go:147: Skipping failed test. Expected: gotcha, Got: [gotcha]
=== RUN   TestGroups/fields/case003
    test_suite_test.go:147: Skipping failed test. Expected: [map[fud:hello] map[fud:world]], Got: [map[fud:hello] map[fud:world]]
=== RUN   TestGroups/fields/case004
    test_suite_test.go:147: Skipping failed test. Expected: [hello world], Got: [hello world]
=== RUN   TestGroups/fields/case005
=== RUN   TestGroups/fields/case006
    test_suite_test.go:147: Skipping failed test. Expected: gotcha, Got: [[gotcha]]
=== RUN   TestGroups/fields/case007
    test_suite_test.go:147: Skipping failed test. Expected: [hello world], Got: [hello world]
=== RUN   TestGroups/fields/case000
=== RUN   TestGroups/fields/case001
=== RUN   TestGroups/flattening
=== RUN   TestGroups/flattening/case012
    test_suite_test.go:127: runCase failed: parse failed: expected identifier at 6
=== RUN   TestGroups/flattening/case015
    test_suite_test.go:127: runCase failed: parse failed: expected identifier at 18
=== RUN   TestGroups/flattening/case020
    test_suite_test.go:127: runCase failed: parse failed: expected identifier at 6
=== RUN   TestGroups/flattening/case021
    test_suite_test.go:127: runCase failed: parse failed: expected identifier at 6
=== RUN   TestGroups/flattening/case022
    test_suite_test.go:127: runCase failed: parse failed: expected identifier at 12
=== RUN   TestGroups/flattening/case025
    test_suite_test.go:127: runCase failed: parse failed: expected identifier at 0
=== RUN   TestGroups/flattening/case039
    test_suite_test.go:127: runCase failed: parse failed: empty brackets
=== RUN   TestGroups/flattening/case045
    test_suite_test.go:127: runCase failed: parse failed: empty brackets
=== RUN   TestGroups/flattening/case019
    test_suite_test.go:127: runCase failed: parse failed: expected identifier at 6
=== RUN   TestGroups/flattening/case023
    test_suite_test.go:127: runCase failed: parse failed: expected identifier at 18
=== RUN   TestGroups/flattening/case028
    test_suite_test.go:147: Skipping failed test. Expected: [1], Got: <nil>
=== RUN   TestGroups/flattening/case037
    test_suite_test.go:127: runCase failed: parse failed: empty brackets
=== RUN   TestGroups/flattening/case000
    test_suite_test.go:127: runCase failed: parse failed: expected identifier at 14
=== RUN   TestGroups/flattening/case006
    test_suite_test.go:147: Skipping failed test. Expected: [1 2], Got: <nil>
=== RUN   TestGroups/flattening/case031
    test_suite_test.go:127: runCase failed: parse failed: expected identifier at 0
=== RUN   TestGroups/flattening/case034a
    test_suite_test.go:147: Skipping failed test. Expected: [1 3], Got: <nil>
=== RUN   TestGroups/flattening/case024
    test_suite_test.go:147: Skipping failed test. Expected: [1 2 3 4 5 6 7 8], Got: [[[1 2] [3 4]] [[5 6] [7 8]]]
=== RUN   TestGroups/flattening/case005
    test_suite_test.go:147: Skipping failed test. Expected: map[nest0:[3 4]], Got: <nil>
=== RUN   TestGroups/flattening/case009
    test_suite_test.go:127: runCase failed: parse failed: expected identifier at 6
=== RUN   TestGroups/flattening/case010
    test_suite_test.go:127: runCase failed: parse failed: expected identifier at 12
=== RUN   TestGroups/flattening/case011
    test_suite_test.go:127: runCase failed: parse failed: expected identifier at 6
=== RUN   TestGroups/flattening/case014
    test_suite_test.go:127: runCase failed: parse failed: expected identifier at 12
=== RUN   TestGroups/flattening/case018
    test_suite_test.go:127: runCase failed: parse failed: expected identifier at 12
=== RUN   TestGroups/flattening/case036
    test_suite_test.go:147: Skipping failed test. Expected: 077 7700 1234, Got: [077 7700 1234]
=== RUN   TestGroups/flattening/case002
    test_suite_test.go:147: Skipping failed test. Expected: [1 2 3 4], Got: <nil>
=== RUN   TestGroups/flattening/case008
    test_suite_test.go:147: Skipping failed test. Expected: 1, Got: <nil>
=== RUN   TestGroups/flattening/case026
    test_suite_test.go:147: Skipping failed test. Expected: 1, Got: <nil>
=== RUN   TestGroups/flattening/case035
    test_suite_test.go:147: Skipping failed test. Expected: [1 2 3 4], Got: <nil>
=== RUN   TestGroups/flattening/case038
    test_suite_test.go:127: runCase failed: parse failed: empty brackets
=== RUN   TestGroups/flattening/case043
    test_suite_test.go:127: runCase failed: parse failed: empty brackets
=== RUN   TestGroups/flattening/case044
    test_suite_test.go:127: runCase failed: parse failed: expected '.' or operator at position 7, got (
=== RUN   TestGroups/flattening/case001
    test_suite_test.go:147: Skipping failed test. Expected: [1 2 3 4], Got: <nil>
=== RUN   TestGroups/flattening/case013
    test_suite_test.go:127: runCase failed: parse failed: expected identifier at 6
=== RUN   TestGroups/flattening/case032
    test_suite_test.go:147: Skipping failed test. Expected: [1 2 3], Got: <nil>
=== RUN   TestGroups/flattening/case042
    test_suite_test.go:127: runCase failed: parse failed: empty brackets
=== RUN   TestGroups/flattening/case003
    test_suite_test.go:147: Skipping failed test. Expected: map[nest0:[1 2]], Got: <nil>
=== RUN   TestGroups/flattening/case004
    test_suite_test.go:147: Skipping failed test. Expected: map[nest0:[3 4]], Got: <nil>
=== RUN   TestGroups/flattening/case016
    test_suite_test.go:147: Skipping failed test. Expected: [1 2 3 4 5 6 7 8], Got: [[[[1] [2]] [[3] [4]]] [[[5] [6]] [[7] [8]]]]
=== RUN   TestGroups/flattening/case029
    test_suite_test.go:127: runCase failed: parse failed: expected identifier at 0
=== RUN   TestGroups/flattening/case030
    test_suite_test.go:147: Skipping failed test. Expected: [[1]], Got: <nil>
=== RUN   TestGroups/flattening/case033
    test_suite_test.go:127: runCase failed: parse failed: expected identifier at 0
=== RUN   TestGroups/flattening/case027
    test_suite_test.go:127: runCase failed: parse failed: expected identifier at 0
=== RUN   TestGroups/flattening/case007
    test_suite_test.go:147: Skipping failed test. Expected: [3 4], Got: <nil>
=== RUN   TestGroups/flattening/case017
    test_suite_test.go:127: runCase failed: parse failed: expected identifier at 6
=== RUN   TestGroups/flattening/case034
    test_suite_test.go:147: Skipping failed test. Expected: [1], Got: <nil>
=== RUN   TestGroups/flattening/case040
    test_suite_test.go:127: runCase failed: parse failed: expected '.' or operator at position 5, got {
=== RUN   TestGroups/flattening/case041
    test_suite_test.go:127: runCase failed: parse failed: expected '.' or operator at position 5, got {
=== RUN   TestGroups/function-abs
=== RUN   TestGroups/function-abs/case000
    test_suite_test.go:127: runCase failed: parse failed: expected '.' or operator at position 4, got (
=== RUN   TestGroups/function-abs/case001
    test_suite_test.go:127: runCase failed: parse failed: expected '.' or operator at position 4, got (
=== RUN   TestGroups/function-abs/case002
    test_suite_test.go:127: runCase failed: parse failed: expected '.' or operator at position 4, got (
=== RUN   TestGroups/function-abs/case003
    test_suite_test.go:127: runCase failed: parse failed: expected '.' or operator at position 4, got (
=== RUN   TestGroups/function-append
=== RUN   TestGroups/function-append/case000
    test_suite_test.go:127: runCase failed: parse failed: expected '.' or operator at position 7, got (
=== RUN   TestGroups/function-append/case001
    test_suite_test.go:127: runCase failed: parse failed: expected '.' or operator at position 7, got (
=== RUN   TestGroups/function-append/case002
    test_suite_test.go:127: runCase failed: parse failed: expected '.' or operator at position 7, got (
=== RUN   TestGroups/function-append/case003
    test_suite_test.go:127: runCase failed: parse failed: expected '.' or operator at position 7, got (
=== RUN   TestGroups/function-append/case004
    test_suite_test.go:127: runCase failed: parse failed: expected '.' or operator at position 7, got (
=== RUN   TestGroups/function-append/case005
    test_suite_test.go:127: runCase failed: parse failed: expected identifier at 0
=== RUN   TestGroups/function-applications
=== RUN   TestGroups/function-applications/case012
    test_suite_test.go:127: runCase failed: parse failed: expected identifier at 0
=== RUN   TestGroups/function-applications/case000
    test_suite_test.go:127: runCase failed: parse failed: expected '.' or operator at position 25, got ~
=== RUN   TestGroups/function-applications/case002
    test_suite_test.go:127: runCase failed: parse failed: expected '.' or operator at position 22, got ~
=== RUN   TestGroups/function-applications/case005
    test_suite_test.go:127: runCase failed: parse failed: expected identifier at 0
=== RUN   TestGroups/function-applications/case008
    test_suite_test.go:127: runCase failed: parse failed: expected '.' or operator at position 4, got ~
=== RUN   TestGroups/function-applications/case009
    test_suite_test.go:127: runCase failed: parse failed: expected identifier at 0
=== RUN   TestGroups/function-applications/case011
    test_suite_test.go:127: runCase failed: parse failed: expected identifier at 0
=== RUN   TestGroups/function-applications/case014
    test_suite_test.go:127: runCase failed: parse failed: expected identifier at 0
=== RUN   TestGroups/function-applications/case015
    test_suite_test.go:127: runCase failed: parse failed: expected identifier at 0
=== RUN   TestGroups/function-applications/case018
    test_suite_test.go:127: runCase failed: parse failed: expected identifier at 0
=== RUN   TestGroups/function-applications/case019
    test_suite_test.go:127: runCase failed: parse failed: expected identifier at 0
=== RUN   TestGroups/function-applications/case021
    test_suite_test.go:127: runCase failed: parse failed: expected operator after $
=== RUN   TestGroups/function-applications/case013
    test_suite_test.go:127: runCase failed: parse failed: expected identifier at 0
=== RUN   TestGroups/function-applications/case003
    test_suite_test.go:127: runCase failed: parse failed: expected '.' or operator at position 22, got ~
=== RUN   TestGroups/function-applications/case004
    test_suite_test.go:127: runCase failed: parse failed: expected identifier at 22
=== RUN   TestGroups/function-applications/case006
    test_suite_test.go:127: runCase failed: parse failed: expected identifier at 0
=== RUN   TestGroups/function-applications/case007
    test_suite_test.go:127: runCase failed: parse failed: expected identifier at 0
=== RUN   TestGroups/function-applications/case010
    test_suite_test.go:127: runCase failed: parse failed: expected identifier at 0
=== RUN   TestGroups/function-applications/case016
    test_suite_test.go:127: runCase failed: parse failed: expected identifier at 0
=== RUN   TestGroups/function-applications/case017
    test_suite_test.go:127: runCase failed: parse failed: expected identifier at 0
=== RUN   TestGroups/function-applications/case001
    test_suite_test.go:127: runCase failed: parse failed: expected '.' or operator at position 25, got ~
=== RUN   TestGroups/function-applications/case020
    test_suite_test.go:127: runCase failed: parse failed: expected identifier at 0
=== RUN   TestGroups/function-assert
=== RUN   TestGroups/function-assert/case003
    test_suite_test.go:127: runCase failed: parse failed: expected identifier at 0
=== RUN   TestGroups/function-assert/case004
    test_suite_test.go:127: runCase failed: parse failed: expected '.' or operator at position 7, got (
=== RUN   TestGroups/function-assert/case005
    test_suite_test.go:127: runCase failed: parse failed: expected '.' or operator at position 7, got (
=== RUN   TestGroups/function-assert/case006
    test_suite_test.go:127: runCase failed: parse failed: expected '.' or operator at position 7, got (
=== RUN   TestGroups/function-assert/case007
    test_suite_test.go:127: runCase failed: parse failed: expected '.' or operator at position 7, got (
=== RUN   TestGroups/function-assert/case000
    test_suite_test.go:127: runCase failed: parse failed: expected '.' or operator at position 7, got (
=== RUN   TestGroups/function-assert/case001
    test_suite_test.go:127: runCase failed: parse failed: expected '.' or operator at position 7, got (
=== RUN   TestGroups/function-assert/case002
    test_suite_test.go:127: runCase failed: parse failed: expected identifier at 0
=== RUN   TestGroups/function-average
=== RUN   TestGroups/function-average/case007
    test_suite_test.go:127: runCase failed: parse failed: expected '.' or operator at position 8, got (
=== RUN   TestGroups/function-average/case008
    test_suite_test.go:127: runCase failed: parse failed: expected '.' or operator at position 8, got (
=== RUN   TestGroups/function-average/case012
    test_suite_test.go:127: runCase failed: parse failed: expected '.' or operator at position 8, got (
=== RUN   TestGroups/function-average/case004
    test_suite_test.go:127: runCase failed: parse failed: expected '.' or operator at position 8, got (
=== RUN   TestGroups/function-average/case006
    test_suite_test.go:127: runCase failed: parse failed: expected '.' or operator at position 8, got (
=== RUN   TestGroups/function-average/case009
    test_suite_test.go:127: runCase failed: parse failed: expected '.' or operator at position 8, got (
=== RUN   TestGroups/function-average/case010
    test_suite_test.go:127: runCase failed: parse failed: expected '.' or operator at position 8, got (
=== RUN   TestGroups/function-average/case011
    test_suite_test.go:127: runCase failed: parse failed: expected '.' or operator at position 8, got (
=== RUN   TestGroups/function-average/case000
    test_suite_test.go:127: runCase failed: parse failed: expected '.' or operator at position 8, got (
=== RUN   TestGroups/function-average/case001
    test_suite_test.go:127: runCase failed: parse failed: expected '.' or operator at position 22, got (
=== RUN   TestGroups/function-average/case002
    test_suite_test.go:127: runCase failed: parse failed: expected identifier at 14
=== RUN   TestGroups/function-average/case003
    test_suite_test.go:127: runCase failed: parse failed: expected '.' or operator at position 8, got (
=== RUN   TestGroups/function-average/case005
    test_suite_test.go:127: runCase failed: parse failed: expected '.' or operator at position 8, got (
=== RUN   TestGroups/function-boolean
=== RUN   TestGroups/function-boolean/case022
    test_suite_test.go:127: runCase failed: parse failed: expected '.' or operator at position 8, got (
=== RUN   TestGroups/function-boolean/case005
    test_suite_test.go:127: runCase failed: parse failed: expected '.' or operator at position 8, got (
=== RUN   TestGroups/function-boolean/case013
    test_suite_test.go:127: runCase failed: parse failed: expected '.' or operator at position 8, got (
=== RUN   TestGroups/function-boolean/case014
    test_suite_test.go:127: runCase failed: parse failed: expected '.' or operator at position 8, got (
=== RUN   TestGroups/function-boolean/case016
    test_suite_test.go:127: runCase failed: parse failed: expected '.' or operator at position 8, got (
=== RUN   TestGroups/function-boolean/case019
    test_suite_test.go:127: runCase failed: parse failed: expected '.' or operator at position 8, got (
=== RUN   TestGroups/function-boolean/case023
    test_suite_test.go:127: runCase failed: parse failed: expected '.' or operator at position 8, got (
=== RUN   TestGroups/function-boolean/case011
    test_suite_test.go:127: runCase failed: parse failed: expected '.' or operator at position 8, got (
=== RUN   TestGroups/function-boolean/case000
    test_suite_test.go:127: runCase failed: parse failed: expected '.' or operator at position 8, got (
=== RUN   TestGroups/function-boolean/case001
    test_suite_test.go:127: runCase failed: parse failed: expected '.' or operator at position 8, got (
=== RUN   TestGroups/function-boolean/case002
    test_suite_test.go:127: runCase failed: parse failed: expected '.' or operator at position 8, got (
=== RUN   TestGroups/function-boolean/case009
    test_suite_test.go:127: runCase failed: parse failed: expected '.' or operator at position 8, got (
=== RUN   TestGroups/function-boolean/case010
    test_suite_test.go:127: runCase failed: parse failed: expected '.' or operator at position 8, got (
=== RUN   TestGroups/function-boolean/case017
    test_suite_test.go:127: runCase failed: parse failed: expected '.' or operator at position 8, got (
=== RUN   TestGroups/function-boolean/case006
    test_suite_test.go:127: runCase failed: parse failed: expected '.' or operator at position 8, got (
=== RUN   TestGroups/function-boolean/case008
    test_suite_test.go:127: runCase failed: parse failed: expected '.' or operator at position 8, got (
=== RUN   TestGroups/function-boolean/case018
    test_suite_test.go:127: runCase failed: parse failed: expected '.' or operator at position 8, got (
=== RUN   TestGroups/function-boolean/case020
    test_suite_test.go:127: runCase failed: parse failed: expected '.' or operator at position 8, got (
=== RUN   TestGroups/function-boolean/case012
    test_suite_test.go:127: runCase failed: parse failed: expected '.' or operator at position 8, got (
=== RUN   TestGroups/function-boolean/case003
    test_suite_test.go:127: runCase failed: parse failed: expected '.' or operator at position 8, got (
=== RUN   TestGroups/function-boolean/case004
    test_suite_test.go:127: runCase failed: parse failed: expected '.' or operator at position 8, got (
=== RUN   TestGroups/function-boolean/case007
    test_suite_test.go:127: runCase failed: parse failed: expected '.' or operator at position 8, got (
=== RUN   TestGroups/function-boolean/case015
    test_suite_test.go:127: runCase failed: parse failed: expected '.' or operator at position 8, got (
=== RUN   TestGroups/function-boolean/case021
    test_suite_test.go:127: runCase failed: parse failed: expected '.' or operator at position 8, got (
=== RUN   TestGroups/function-ceil
=== RUN   TestGroups/function-ceil/case001
    test_suite_test.go:127: runCase failed: parse failed: expected '.' or operator at position 5, got (
=== RUN   TestGroups/function-ceil/case002
    test_suite_test.go:127: runCase failed: parse failed: expected '.' or operator at position 5, got (
=== RUN   TestGroups/function-ceil/case003
    test_suite_test.go:127: runCase failed: parse failed: expected '.' or operator at position 5, got (
=== RUN   TestGroups/function-ceil/case000
    test_suite_test.go:127: runCase failed: parse failed: expected '.' or operator at position 5, got (
=== RUN   TestGroups/function-contains
=== RUN   TestGroups/function-contains/case000
    test_suite_test.go:127: runCase failed: parse failed: expected '.' or operator at position 9, got (
=== RUN   TestGroups/function-contains/case001
    test_suite_test.go:127: runCase failed: parse failed: expected '.' or operator at position 9, got (
=== RUN   TestGroups/function-contains/case002
    test_suite_test.go:127: runCase failed: parse failed: expected '.' or operator at position 9, got (
=== RUN   TestGroups/function-contains/case003
    test_suite_test.go:127: runCase failed: parse failed: expected '.' or operator at position 9, got (
=== RUN   TestGroups/function-contains/case004
    test_suite_test.go:127: runCase failed: parse failed: expected '.' or operator at position 9, got (
=== RUN   TestGroups/function-contains/case005
    test_suite_test.go:127: runCase failed: parse failed: expected '.' or operator at position 9, got (
=== RUN   TestGroups/function-contains/case006
    test_suite_test.go:127: runCase failed: parse failed: expected '.' or operator at position 9, got (
=== RUN   TestGroups/function-count
=== RUN   TestGroups/function-count/case009
    test_suite_test.go:127: runCase failed: parse failed: expected '.' or operator at position 6, got (
=== RUN   TestGroups/function-count/case011
    test_suite_test.go:127: runCase failed: parse failed: expected '.' or operator at position 6, got (
=== RUN   TestGroups/function-count/case013
    test_suite_test.go:127: runCase failed: parse failed: expected '.' or operator at position 6, got (
=== RUN   TestGroups/function-count/case000
    test_suite_test.go:127: runCase failed: parse failed: expected '.' or operator at position 6, got (
=== RUN   TestGroups/function-count/case005
    test_suite_test.go:127: runCase failed: parse failed: expected '.' or operator at position 6, got (
=== RUN   TestGroups/function-count/case006
    test_suite_test.go:127: runCase failed: parse failed: expected '.' or operator at position 6, got (
=== RUN   TestGroups/function-count/case007
    test_suite_test.go:127: runCase failed: parse failed: expected '.' or operator at position 6, got (
=== RUN   TestGroups/function-count/case010
    test_suite_test.go:127: runCase failed: parse failed: expected '.' or operator at position 6, got (
=== RUN   TestGroups/function-count/case012
    test_suite_test.go:127: runCase failed: parse failed: expected '.' or operator at position 6, got (
=== RUN   TestGroups/function-count/case001
    test_suite_test.go:127: runCase failed: parse failed: expected '.' or operator at position 20, got (
=== RUN   TestGroups/function-count/case002
    test_suite_test.go:127: runCase failed: parse failed: expected identifier at 14
=== RUN   TestGroups/function-count/case003
    test_suite_test.go:127: runCase failed: parse failed: expected '.' or operator at position 6, got (
=== RUN   TestGroups/function-count/case004
    test_suite_test.go:127: runCase failed: parse failed: expected '.' or operator at position 6, got (
=== RUN   TestGroups/function-count/case008
    test_suite_test.go:127: runCase failed: parse failed: expected '.' or operator at position 6, got (
=== RUN   TestGroups/function-decodeUrl
=== RUN   TestGroups/function-decodeUrl/case000
    test_suite_test.go:127: runCase failed: parse failed: expected '.' or operator at position 10, got (
=== RUN   TestGroups/function-decodeUrl/case001
    test_suite_test.go:127: runCase failed: parse failed: expected '.' or operator at position 10, got (
=== RUN   TestGroups/function-decodeUrl/case002
    test_suite_test.go:127: runCase failed: parse failed: expected '.' or operator at position 10, got (
=== RUN   TestGroups/function-decodeUrlComponent
=== RUN   TestGroups/function-decodeUrlComponent/case002
    test_suite_test.go:127: runCase failed: parse failed: expected '.' or operator at position 19, got (
=== RUN   TestGroups/function-decodeUrlComponent/case000
    test_suite_test.go:127: runCase failed: parse failed: expected '.' or operator at position 19, got (
=== RUN   TestGroups/function-decodeUrlComponent/case001
    test_suite_test.go:127: runCase failed: parse failed: expected '.' or operator at position 19, got (
=== RUN   TestGroups/function-each
=== RUN   TestGroups/function-each/case000
    test_suite_test.go:127: runCase failed: parse failed: expected '.' or operator at position 5, got (
=== RUN   TestGroups/function-each/case001
    test_suite_test.go:127: runCase failed: parse failed: expected '.' or operator at position 5, got (
=== RUN   TestGroups/function-each/case002
    test_suite_test.go:127: runCase failed: parse failed: expected '.' or operator at position 5, got (
=== RUN   TestGroups/function-encodeUrl
=== RUN   TestGroups/function-encodeUrl/case002
    test_suite_test.go:127: runCase failed: parse failed: expected '.' or operator at position 10, got (
=== RUN   TestGroups/function-encodeUrl/case000
    test_suite_test.go:127: runCase failed: parse failed: expected '.' or operator at position 10, got (
=== RUN   TestGroups/function-encodeUrl/case001
    test_suite_test.go:127: runCase failed: parse failed: expected '.' or operator at position 10, got (
=== RUN   TestGroups/function-encodeUrlComponent
=== RUN   TestGroups/function-encodeUrlComponent/case000
    test_suite_test.go:127: runCase failed: parse failed: expected '.' or operator at position 19, got (
=== RUN   TestGroups/function-encodeUrlComponent/case001
    test_suite_test.go:127: runCase failed: parse failed: expected '.' or operator at position 19, got (
=== RUN   TestGroups/function-encodeUrlComponent/case002
    test_suite_test.go:127: runCase failed: parse failed: expected '.' or operator at position 19, got (
=== RUN   TestGroups/function-error
=== RUN   TestGroups/function-error/case005
    test_suite_test.go:127: runCase failed: parse failed: expected '.' or operator at position 6, got (
=== RUN   TestGroups/function-error/case007
    test_suite_test.go:127: runCase failed: parse failed: expected '.' or operator at position 6, got (
=== RUN   TestGroups/function-error/case008
    test_suite_test.go:127: runCase failed: parse failed: expected '.' or operator at position 6, got (
=== RUN   TestGroups/function-error/case010
    test_suite_test.go:127: runCase failed: parse failed: expected '.' or operator at position 6, got (
=== RUN   TestGroups/function-error/case001
    test_suite_test.go:127: runCase failed: parse failed: expected '.' or operator at position 34, got >
=== RUN   TestGroups/function-error/case002
    test_suite_test.go:127: runCase failed: parse failed: expected '.' or operator at position 34, got >
=== RUN   TestGroups/function-error/case003
    test_suite_test.go:127: runCase failed: parse failed: expected '.' or operator at position 34, got >
=== RUN   TestGroups/function-error/case004
    test_suite_test.go:127: runCase failed: parse failed: expected '.' or operator at position 6, got (
=== RUN   TestGroups/function-error/case006
    test_suite_test.go:127: runCase failed: parse failed: expected identifier at 0
=== RUN   TestGroups/function-error/case009
    test_suite_test.go:127: runCase failed: parse failed: expected '.' or operator at position 6, got (
=== RUN   TestGroups/function-error/case000
    test_suite_test.go:127: runCase failed: parse failed: expected '.' or operator at position 34, got >
=== RUN   TestGroups/function-eval
=== RUN   TestGroups/function-eval/case007
    test_suite_test.go:127: runCase failed: parse failed: expected '.' or operator at position 5, got (
=== RUN   TestGroups/function-eval/case000
    test_suite_test.go:127: runCase failed: parse failed: expected '.' or operator at position 5, got (
=== RUN   TestGroups/function-eval/case001
    test_suite_test.go:127: runCase failed: parse failed: expected '.' or operator at position 5, got (
=== RUN   TestGroups/function-eval/case002
    test_suite_test.go:127: runCase failed: parse failed: expected '.' or operator at position 5, got (
=== RUN   TestGroups/function-eval/case003
    test_suite_test.go:127: runCase failed: parse failed: expected '.' or operator at position 5, got (
=== RUN   TestGroups/function-eval/case004
    test_suite_test.go:127: runCase failed: parse failed: expected identifier at 22
=== RUN   TestGroups/function-eval/case005
    test_suite_test.go:127: runCase failed: parse failed: expected identifier at 22
=== RUN   TestGroups/function-eval/case006
    test_suite_test.go:127: runCase failed: parse failed: expected '.' or operator at position 5, got (
=== RUN   TestGroups/function-exists
=== RUN   TestGroups/function-exists/case001
    test_suite_test.go:127: runCase failed: parse failed: expected '.' or operator at position 7, got (
=== RUN   TestGroups/function-exists/case003
    test_suite_test.go:127: runCase failed: parse failed: expected '.' or operator at position 7, got (
=== RUN   TestGroups/function-exists/case006
    test_suite_test.go:127: runCase failed: parse failed: expected '.' or operator at position 7, got (
=== RUN   TestGroups/function-exists/case009
    test_suite_test.go:127: runCase failed: parse failed: expected '.' or operator at position 7, got (
=== RUN   TestGroups/function-exists/case011
    test_suite_test.go:127: runCase failed: parse failed: expected '.' or operator at position 7, got (
=== RUN   TestGroups/function-exists/case012
    test_suite_test.go:127: runCase failed: parse failed: expected '.' or operator at position 7, got (
=== RUN   TestGroups/function-exists/case014
    test_suite_test.go:127: runCase failed: parse failed: expected '.' or operator at position 7, got (
=== RUN   TestGroups/function-exists/case019
    test_suite_test.go:127: runCase failed: parse failed: expected '.' or operator at position 7, got (
=== RUN   TestGroups/function-exists/case000
    test_suite_test.go:127: runCase failed: parse failed: expected '.' or operator at position 7, got (
=== RUN   TestGroups/function-exists/case007
    test_suite_test.go:127: runCase failed: parse failed: expected '.' or operator at position 7, got (
=== RUN   TestGroups/function-exists/case010
    test_suite_test.go:127: runCase failed: parse failed: expected '.' or operator at position 7, got (
=== RUN   TestGroups/function-exists/case020
    test_suite_test.go:127: runCase failed: parse failed: expected '.' or operator at position 7, got (
=== RUN   TestGroups/function-exists/case023
    test_suite_test.go:127: runCase failed: parse failed: expected '.' or operator at position 7, got (
=== RUN   TestGroups/function-exists/case024
    test_suite_test.go:127: runCase failed: parse failed: expected '.' or operator at position 7, got (
=== RUN   TestGroups/function-exists/case013
    test_suite_test.go:127: runCase failed: parse failed: expected '.' or operator at position 7, got (
=== RUN   TestGroups/function-exists/case002
    test_suite_test.go:127: runCase failed: parse failed: expected '.' or operator at position 7, got (
=== RUN   TestGroups/function-exists/case008
    test_suite_test.go:127: runCase failed: parse failed: expected '.' or operator at position 7, got (
=== RUN   TestGroups/function-exists/case015
    test_suite_test.go:127: runCase failed: parse failed: expected '.' or operator at position 7, got (
=== RUN   TestGroups/function-exists/case016
    test_suite_test.go:127: runCase failed: parse failed: expected '.' or operator at position 7, got (
=== RUN   TestGroups/function-exists/case022
    test_suite_test.go:127: runCase failed: parse failed: expected '.' or operator at position 7, got (
=== RUN   TestGroups/function-exists/case004
    test_suite_test.go:127: runCase failed: parse failed: expected '.' or operator at position 7, got (
=== RUN   TestGroups/function-exists/case005
    test_suite_test.go:127: runCase failed: parse failed: expected '.' or operator at position 7, got (
=== RUN   TestGroups/function-exists/case017
    test_suite_test.go:127: runCase failed: parse failed: expected '.' or operator at position 7, got (
=== RUN   TestGroups/function-exists/case018
    test_suite_test.go:127: runCase failed: parse failed: expected '.' or operator at position 7, got (
=== RUN   TestGroups/function-exists/case021
    test_suite_test.go:127: runCase failed: parse failed: expected '.' or operator at position 7, got (
=== RUN   TestGroups/function-floor
=== RUN   TestGroups/function-floor/case001
    test_suite_test.go:127: runCase failed: parse failed: expected '.' or operator at position 6, got (
=== RUN   TestGroups/function-floor/case002
    test_suite_test.go:127: runCase failed: parse failed: expected '.' or operator at position 6, got (
=== RUN   TestGroups/function-floor/case003
    test_suite_test.go:127: runCase failed: parse failed: expected '.' or operator at position 6, got (
=== RUN   TestGroups/function-floor/case000
    test_suite_test.go:127: runCase failed: parse failed: expected '.' or operator at position 6, got (
=== RUN   TestGroups/function-formatBase
=== RUN   TestGroups/function-formatBase/case001
    test_suite_test.go:127: runCase failed: parse failed: expected '.' or operator at position 11, got (
=== RUN   TestGroups/function-formatBase/case004
    test_suite_test.go:127: runCase failed: parse failed: expected '.' or operator at position 11, got (
=== RUN   TestGroups/function-formatBase/case006
    test_suite_test.go:127: runCase failed: parse failed: expected '.' or operator at position 11, got (
=== RUN   TestGroups/function-formatBase/case002
    test_suite_test.go:127: runCase failed: parse failed: expected '.' or operator at position 11, got (
=== RUN   TestGroups/function-formatBase/case003
    test_suite_test.go:127: runCase failed: parse failed: expected '.' or operator at position 11, got (
=== RUN   TestGroups/function-formatBase/case005
    test_suite_test.go:127: runCase failed: parse failed: expected '.' or operator at position 11, got (
=== RUN   TestGroups/function-formatBase/case007
    test_suite_test.go:127: runCase failed: parse failed: expected '.' or operator at position 11, got (
=== RUN   TestGroups/function-formatBase/case008
    test_suite_test.go:127: runCase failed: parse failed: expected '.' or operator at position 11, got (
=== RUN   TestGroups/function-formatBase/case000
    test_suite_test.go:127: runCase failed: parse failed: expected '.' or operator at position 11, got (
=== RUN   TestGroups/function-formatNumber
=== RUN   TestGroups/function-formatNumber/case024
    test_suite_test.go:127: runCase failed: parse failed: expected '.' or operator at position 13, got (
=== RUN   TestGroups/function-formatNumber/case031
    test_suite_test.go:127: runCase failed: parse failed: expected '.' or operator at position 13, got (
=== RUN   TestGroups/function-formatNumber/case032
    test_suite_test.go:127: runCase failed: parse failed: expected '.' or operator at position 13, got (
=== RUN   TestGroups/function-formatNumber/case033
    test_suite_test.go:127: runCase failed: parse failed: expected '.' or operator at position 13, got (
=== RUN   TestGroups/function-formatNumber/case025
    test_suite_test.go:127: runCase failed: parse failed: expected '.' or operator at position 13, got (
=== RUN   TestGroups/function-formatNumber/case010
    test_suite_test.go:127: runCase failed: parse failed: expected '.' or operator at position 13, got (
=== RUN   TestGroups/function-formatNumber/case017
    test_suite_test.go:127: runCase failed: parse failed: expected '.' or operator at position 13, got (
=== RUN   TestGroups/function-formatNumber/case019
    test_suite_test.go:127: runCase failed: parse failed: expected '.' or operator at position 13, got (
=== RUN   TestGroups/function-formatNumber/case021
    test_suite_test.go:127: runCase failed: parse failed: expected '.' or operator at position 13, got (
=== RUN   TestGroups/function-formatNumber/case004
    test_suite_test.go:127: runCase failed: parse failed: expected '.' or operator at position 13, got (
=== RUN   TestGroups/function-formatNumber/case012
    test_suite_test.go:127: runCase failed: parse failed: expected '.' or operator at position 13, got (
=== RUN   TestGroups/function-formatNumber/case016
    test_suite_test.go:127: runCase failed: parse failed: expected '.' or operator at position 13, got (
=== RUN   TestGroups/function-formatNumber/case023
    test_suite_test.go:127: runCase failed: parse failed: expected '.' or operator at position 13, got (
=== RUN   TestGroups/function-formatNumber/case034
    test_suite_test.go:127: runCase failed: parse failed: expected '.' or operator at position 13, got (
=== RUN   TestGroups/function-formatNumber/case009
    test_suite_test.go:127: runCase failed: parse failed: expected '.' or operator at position 13, got (
=== RUN   TestGroups/function-formatNumber/case036
    test_suite_test.go:127: runCase failed: parse failed: expected '.' or operator at position 13, got (
=== RUN   TestGroups/function-formatNumber/case006
    test_suite_test.go:127: runCase failed: parse failed: expected '.' or operator at position 13, got (
=== RUN   TestGroups/function-formatNumber/case008
    test_suite_test.go:127: runCase failed: parse failed: expected '.' or operator at position 13, got (
=== RUN   TestGroups/function-formatNumber/case029
    test_suite_test.go:127: runCase failed: parse failed: expected '.' or operator at position 13, got (
=== RUN   TestGroups/function-formatNumber/case035
    test_suite_test.go:127: runCase failed: parse failed: expected '.' or operator at position 13, got (
=== RUN   TestGroups/function-formatNumber/case026
    test_suite_test.go:127: runCase failed: parse failed: expected '.' or operator at position 13, got (
=== RUN   TestGroups/function-formatNumber/case000
    test_suite_test.go:127: runCase failed: parse failed: expected '.' or operator at position 13, got (
=== RUN   TestGroups/function-formatNumber/case007
    test_suite_test.go:127: runCase failed: parse failed: expected '.' or operator at position 13, got (
=== RUN   TestGroups/function-formatNumber/case011
    test_suite_test.go:127: runCase failed: parse failed: expected '.' or operator at position 13, got (
=== RUN   TestGroups/function-formatNumber/case013
    test_suite_test.go:127: runCase failed: parse failed: expected '.' or operator at position 13, got (
=== RUN   TestGroups/function-formatNumber/case014
    test_suite_test.go:127: runCase failed: parse failed: expected '.' or operator at position 13, got (
=== RUN   TestGroups/function-formatNumber/case015
    test_suite_test.go:127: runCase failed: parse failed: expected '.' or operator at position 13, got (
=== RUN   TestGroups/function-formatNumber/case020
    test_suite_test.go:127: runCase failed: parse failed: expected '.' or operator at position 13, got (
=== RUN   TestGroups/function-formatNumber/case022
    test_suite_test.go:127: runCase failed: parse failed: expected '.' or operator at position 13, got (
=== RUN   TestGroups/function-formatNumber/case030
    test_suite_test.go:127: runCase failed: parse failed: expected '.' or operator at position 13, got (
=== RUN   TestGroups/function-formatNumber/case001
    test_suite_test.go:127: runCase failed: parse failed: expected '.' or operator at position 13, got (
=== RUN   TestGroups/function-formatNumber/case003
    test_suite_test.go:127: runCase failed: parse failed: expected '.' or operator at position 13, got (
=== RUN   TestGroups/function-formatNumber/case027
    test_suite_test.go:127: runCase failed: parse failed: expected '.' or operator at position 13, got (
=== RUN   TestGroups/function-formatNumber/case028
    test_suite_test.go:127: runCase failed: parse failed: expected '.' or operator at position 13, got (
=== RUN   TestGroups/function-formatNumber/case002
    test_suite_test.go:127: runCase failed: parse failed: expected '.' or operator at position 13, got (
=== RUN   TestGroups/function-formatNumber/case005
    test_suite_test.go:127: runCase failed: parse failed: expected '.' or operator at position 13, got (
=== RUN   TestGroups/function-formatNumber/case018
    test_suite_test.go:127: runCase failed: parse failed: expected '.' or operator at position 13, got (
=== RUN   TestGroups/function-fromMillis
=== RUN   TestGroups/function-fromMillis/case000
    test_suite_test.go:127: runCase failed: parse failed: expected '.' or operator at position 11, got (
=== RUN   TestGroups/function-fromMillis/case001
    test_suite_test.go:127: runCase failed: parse failed: expected '.' or operator at position 11, got (
=== RUN   TestGroups/function-fromMillis/case002
    test_suite_test.go:127: runCase failed: parse failed: expected '.' or operator at position 11, got (
=== RUN   TestGroups/function-join
=== RUN   TestGroups/function-join/case003
    test_suite_test.go:127: runCase failed: parse failed: expected '.' or operator at position 5, got (
=== RUN   TestGroups/function-join/case008
    test_suite_test.go:127: runCase failed: parse failed: expected '.' or operator at position 5, got (
=== RUN   TestGroups/function-join/case009
    test_suite_test.go:127: runCase failed: parse failed: expected '.' or operator at position 5, got (
=== RUN   TestGroups/function-join/case010
    test_suite_test.go:127: runCase failed: parse failed: expected '.' or operator at position 5, got (
=== RUN   TestGroups/function-join/case011
    test_suite_test.go:127: runCase failed: parse failed: expected '.' or operator at position 5, got (
=== RUN   TestGroups/function-join/case000
    test_suite_test.go:127: runCase failed: parse failed: expected '.' or operator at position 5, got (
=== RUN   TestGroups/function-join/case001
    test_suite_test.go:127: runCase failed: parse failed: expected '.' or operator at position 5, got (
=== RUN   TestGroups/function-join/case002
    test_suite_test.go:127: runCase failed: parse failed: expected '.' or operator at position 5, got (
=== RUN   TestGroups/function-join/case004
    test_suite_test.go:127: runCase failed: parse failed: expected '.' or operator at position 5, got (
=== RUN   TestGroups/function-join/case005
    test_suite_test.go:127: runCase failed: parse failed: expected '.' or operator at position 5, got (
=== RUN   TestGroups/function-join/case006
    test_suite_test.go:127: runCase failed: parse failed: expected '.' or operator at position 5, got (
=== RUN   TestGroups/function-join/case007
    test_suite_test.go:127: runCase failed: parse failed: expected '.' or operator at position 5, got (
=== RUN   TestGroups/function-keys
=== RUN   TestGroups/function-keys/case004
    test_suite_test.go:127: runCase failed: parse failed: expected '.' or operator at position 5, got (
=== RUN   TestGroups/function-keys/case005
    test_suite_test.go:127: runCase failed: parse failed: expected '.' or operator at position 5, got (
=== RUN   TestGroups/function-keys/case006
    test_suite_test.go:127: runCase failed: parse failed: expected '.' or operator at position 5, got (
=== RUN   TestGroups/function-keys/case000
    test_suite_test.go:127: runCase failed: parse failed: expected '.' or operator at position 5, got (
=== RUN   TestGroups/function-keys/case001
    test_suite_test.go:127: runCase failed: parse failed: expected '.' or operator at position 5, got (
=== RUN   TestGroups/function-keys/case002
    test_suite_test.go:127: runCase failed: parse failed: expected '.' or operator at position 5, got (
=== RUN   TestGroups/function-keys/case003
    test_suite_test.go:127: runCase failed: parse failed: expected '.' or operator at position 5, got (
=== RUN   TestGroups/function-length
=== RUN   TestGroups/function-length/case006
    test_suite_test.go:127: runCase failed: parse failed: expected '.' or operator at position 7, got (
=== RUN   TestGroups/function-length/case014
    test_suite_test.go:127: runCase failed: parse failed: expected '.' or operator at position 7, got (
=== RUN   TestGroups/function-length/case015
    test_suite_test.go:127: runCase failed: parse failed: expected '.' or operator at position 7, got (
=== RUN   TestGroups/function-length/case016
    test_suite_test.go:127: runCase failed: parse failed: expected '.' or operator at position 7, got (
=== RUN   TestGroups/function-length/case002
    test_suite_test.go:127: runCase failed: parse failed: expected '.' or operator at position 7, got (
=== RUN   TestGroups/function-length/case009
    test_suite_test.go:127: runCase failed: parse failed: expected '.' or operator at position 7, got (
=== RUN   TestGroups/function-length/case011
    test_suite_test.go:127: runCase failed: parse failed: expected '.' or operator at position 7, got (
=== RUN   TestGroups/function-length/case008
    test_suite_test.go:127: runCase failed: parse failed: expected '.' or operator at position 7, got (
=== RUN   TestGroups/function-length/case013
    test_suite_test.go:127: runCase failed: parse failed: expected '.' or operator at position 7, got (
=== RUN   TestGroups/function-length/case012
    test_suite_test.go:127: runCase failed: parse failed: expected '.' or operator at position 7, got (
=== RUN   TestGroups/function-length/case003
    test_suite_test.go:127: runCase failed: parse failed: expected '.' or operator at position 7, got (
=== RUN   TestGroups/function-length/case004
    test_suite_test.go:127: runCase failed: parse failed: expected '.' or operator at position 7, got (
=== RUN   TestGroups/function-length/case005
    test_suite_test.go:127: runCase failed: parse failed: expected '.' or operator at position 7, got (
=== RUN   TestGroups/function-length/case007
    test_suite_test.go:127: runCase failed: parse failed: expected '.' or operator at position 7, got (
=== RUN   TestGroups/function-length/case010
    test_suite_test.go:127: runCase failed: parse failed: expected '.' or operator at position 7, got (
=== RUN   TestGroups/function-length/case000
    test_suite_test.go:127: runCase failed: parse failed: expected '.' or operator at position 7, got (
=== RUN   TestGroups/function-length/case001
    test_suite_test.go:127: runCase failed: parse failed: expected '.' or operator at position 7, got (
=== RUN   TestGroups/function-lookup
=== RUN   TestGroups/function-lookup/case000
    test_suite_test.go:127: runCase failed: parse failed: expected '.' or operator at position 7, got (
=== RUN   TestGroups/function-lookup/case001
    test_suite_test.go:127: runCase failed: parse failed: expected '.' or operator at position 7, got (
=== RUN   TestGroups/function-lookup/case002
    test_suite_test.go:127: runCase failed: parse failed: expected '.' or operator at position 7, got (
=== RUN   TestGroups/function-lookup/case003
    test_suite_test.go:127: runCase failed: parse failed: expected '.' or operator at position 7, got (
=== RUN   TestGroups/function-lowercase
=== RUN   TestGroups/function-lowercase/case000
    test_suite_test.go:127: runCase failed: parse failed: expected '.' or operator at position 10, got (
=== RUN   TestGroups/function-lowercase/case001
    test_suite_test.go:127: runCase failed: parse failed: expected '.' or operator at position 10, got (
=== RUN   TestGroups/function-max
=== RUN   TestGroups/function-max/case019
    test_suite_test.go:127: runCase failed: parse failed: expected '.' or operator at position 4, got (
=== RUN   TestGroups/function-max/case021
    test_suite_test.go:127: runCase failed: parse failed: expected '.' or operator at position 4, got (
=== RUN   TestGroups/function-max/case006
    test_suite_test.go:127: runCase failed: parse failed: expected '.' or operator at position 4, got (
=== RUN   TestGroups/function-max/case007
    test_suite_test.go:127: runCase failed: parse failed: expected '.' or operator at position 4, got (
=== RUN   TestGroups/function-max/case008
    test_suite_test.go:127: runCase failed: parse failed: expected '.' or operator at position 4, got (
=== RUN   TestGroups/function-max/case011
    test_suite_test.go:127: runCase failed: parse failed: expected '.' or operator at position 4, got (
=== RUN   TestGroups/function-max/case014
    test_suite_test.go:127: runCase failed: parse failed: expected '.' or operator at position 4, got (
=== RUN   TestGroups/function-max/case020
    test_suite_test.go:127: runCase failed: parse failed: expected '.' or operator at position 4, got (
=== RUN   TestGroups/function-max/case022
    test_suite_test.go:127: runCase failed: parse failed: expected '.' or operator at position 4, got (
=== RUN   TestGroups/function-max/case023
    test_suite_test.go:127: runCase failed: parse failed: expected '.' or operator at position 4, got (
=== RUN   TestGroups/function-max/case000
    test_suite_test.go:127: runCase failed: parse failed: expected '.' or operator at position 4, got (
=== RUN   TestGroups/function-max/case003
    test_suite_test.go:127: runCase failed: parse failed: expected '.' or operator at position 4, got (
=== RUN   TestGroups/function-max/case012
    test_suite_test.go:127: runCase failed: parse failed: expected '.' or operator at position 4, got (
=== RUN   TestGroups/function-max/case025
    test_suite_test.go:127: runCase failed: parse failed: expected '.' or operator at position 4, got (
=== RUN   TestGroups/function-max/case002
    test_suite_test.go:127: runCase failed: parse failed: expected identifier at 14
=== RUN   TestGroups/function-max/case005
    test_suite_test.go:127: runCase failed: parse failed: expected '.' or operator at position 4, got (
=== RUN   TestGroups/function-max/case009
    test_suite_test.go:127: runCase failed: parse failed: expected '.' or operator at position 4, got (
=== RUN   TestGroups/function-max/case013
    test_suite_test.go:127: runCase failed: parse failed: expected '.' or operator at position 4, got (
=== RUN   TestGroups/function-max/case018
    test_suite_test.go:127: runCase failed: parse failed: expected '.' or operator at position 4, got (
=== RUN   TestGroups/function-max/case024
    test_suite_test.go:127: runCase failed: parse failed: expected '.' or operator at position 4, got (
=== RUN   TestGroups/function-max/case026
    test_suite_test.go:127: runCase failed: parse failed: expected '.' or operator at position 4, got (
=== RUN   TestGroups/function-max/case001
    test_suite_test.go:127: runCase failed: parse failed: expected '.' or operator at position 18, got (
=== RUN   TestGroups/function-max/case004
    test_suite_test.go:127: runCase failed: parse failed: expected '.' or operator at position 4, got (
=== RUN   TestGroups/function-max/case010
    test_suite_test.go:127: runCase failed: parse failed: expected '.' or operator at position 4, got (
=== RUN   TestGroups/function-max/case015
    test_suite_test.go:127: runCase failed: parse failed: expected '.' or operator at position 18, got (
=== RUN   TestGroups/function-max/case016
    test_suite_test.go:127: runCase failed: parse failed: expected identifier at 14
=== RUN   TestGroups/function-max/case017
    test_suite_test.go:127: runCase failed: parse failed: expected '.' or operator at position 4, got (
=== RUN   TestGroups/function-merge
=== RUN   TestGroups/function-merge/case000
    test_suite_test.go:127: runCase failed: parse failed: expected '.' or operator at position 6, got (
=== RUN   TestGroups/function-merge/case001
    test_suite_test.go:127: runCase failed: parse failed: expected '.' or operator at position 6, got (
=== RUN   TestGroups/function-merge/case002
    test_suite_test.go:127: runCase failed: parse failed: expected '.' or operator at position 6, got (
=== RUN   TestGroups/function-merge/case003
    test_suite_test.go:127: runCase failed: parse failed: expected '.' or operator at position 6, got (
=== RUN   TestGroups/function-merge/case004
    test_suite_test.go:127: runCase failed: parse failed: expected '.' or operator at position 6, got (
=== RUN   TestGroups/function-number
=== RUN   TestGroups/function-number/case007
    test_suite_test.go:127: runCase failed: parse failed: expected '.' or operator at position 7, got (
=== RUN   TestGroups/function-number/case008
    test_suite_test.go:127: runCase failed: parse failed: expected '.' or operator at position 7, got (
=== RUN   TestGroups/function-number/case004
    test_suite_test.go:127: runCase failed: parse failed: expected '.' or operator at position 7, got (
=== RUN   TestGroups/function-number/case017
    test_suite_test.go:127: runCase failed: parse failed: expected '.' or operator at position 7, got (
=== RUN   TestGroups/function-number/case019
    test_suite_test.go:127: runCase failed: parse failed: expected '.' or operator at position 7, got (
=== RUN   TestGroups/function-number/case024
    test_suite_test.go:127: runCase failed: parse failed: expected '.' or operator at position 7, got (
=== RUN   TestGroups/function-number/case030
    test_suite_test.go:127: runCase failed: parse failed: expected '.' or operator at position 7, got (
=== RUN   TestGroups/function-number/case000
    test_suite_test.go:127: runCase failed: parse failed: expected '.' or operator at position 7, got (
=== RUN   TestGroups/function-number/case006
    test_suite_test.go:127: runCase failed: parse failed: expected '.' or operator at position 7, got (
=== RUN   TestGroups/function-number/case010
    test_suite_test.go:127: runCase failed: parse failed: expected '.' or operator at position 7, got (
=== RUN   TestGroups/function-number/case032
    test_suite_test.go:127: runCase failed: parse failed: expected '.' or operator at position 7, got (
=== RUN   TestGroups/function-number/case002
    test_suite_test.go:127: runCase failed: parse failed: expected '.' or operator at position 7, got (
=== RUN   TestGroups/function-number/case003
    test_suite_test.go:127: runCase failed: parse failed: expected '.' or operator at position 7, got (
=== RUN   TestGroups/function-number/case009
    test_suite_test.go:127: runCase failed: parse failed: expected '.' or operator at position 7, got (
=== RUN   TestGroups/function-number/case011
    test_suite_test.go:127: runCase failed: parse failed: expected '.' or operator at position 7, got (
=== RUN   TestGroups/function-number/case012
    test_suite_test.go:127: runCase failed: parse failed: expected '.' or operator at position 7, got (
=== RUN   TestGroups/function-number/case018
    test_suite_test.go:127: runCase failed: parse failed: expected '.' or operator at position 7, got (
=== RUN   TestGroups/function-number/case020
    test_suite_test.go:127: runCase failed: parse failed: expected '.' or operator at position 7, got (
=== RUN   TestGroups/function-number/case022
    test_suite_test.go:127: runCase failed: parse failed: expected '.' or operator at position 7, got (
=== RUN   TestGroups/function-number/case023
    test_suite_test.go:127: runCase failed: parse failed: expected '.' or operator at position 7, got (
=== RUN   TestGroups/function-number/case026
    test_suite_test.go:127: runCase failed: parse failed: expected '.' or operator at position 7, got (
=== RUN   TestGroups/function-number/case027
    test_suite_test.go:127: runCase failed: parse failed: expected '.' or operator at position 7, got (
=== RUN   TestGroups/function-number/case028
    test_suite_test.go:127: runCase failed: parse failed: expected '.' or operator at position 7, got (
=== RUN   TestGroups/function-number/case033
    test_suite_test.go:127: runCase failed: parse failed: expected '.' or operator at position 7, got (
=== RUN   TestGroups/function-number/case013
    test_suite_test.go:127: runCase failed: parse failed: expected '.' or operator at position 7, got (
=== RUN   TestGroups/function-number/case015
    test_suite_test.go:127: runCase failed: parse failed: expected '.' or operator at position 7, got (
=== RUN   TestGroups/function-number/case025
    test_suite_test.go:127: runCase failed: parse failed: expected '.' or operator at position 7, got (
=== RUN   TestGroups/function-number/case031
    test_suite_test.go:127: runCase failed: parse failed: expected '.' or operator at position 7, got (
=== RUN   TestGroups/function-number/case005
    test_suite_test.go:127: runCase failed: parse failed: expected '.' or operator at position 7, got (
=== RUN   TestGroups/function-number/case016
    test_suite_test.go:127: runCase failed: parse failed: expected '.' or operator at position 7, got (
=== RUN   TestGroups/function-number/case001
    test_suite_test.go:127: runCase failed: parse failed: expected '.' or operator at position 7, got (
=== RUN   TestGroups/function-number/case014
    test_suite_test.go:127: runCase failed: parse failed: expected '.' or operator at position 7, got (
=== RUN   TestGroups/function-number/case021
    test_suite_test.go:127: runCase failed: parse failed: expected '.' or operator at position 7, got (
=== RUN   TestGroups/function-number/case029
    test_suite_test.go:127: runCase failed: parse failed: expected '.' or operator at position 7, got (
=== RUN   TestGroups/function-pad
=== RUN   TestGroups/function-pad/case003
    test_suite_test.go:127: runCase failed: parse failed: expected '.' or operator at position 4, got (
=== RUN   TestGroups/function-pad/case004
    test_suite_test.go:127: runCase failed: parse failed: expected '.' or operator at position 4, got (
=== RUN   TestGroups/function-pad/case007
    test_suite_test.go:127: runCase failed: parse failed: expected '.' or operator at position 4, got (
=== RUN   TestGroups/function-pad/case009
    test_suite_test.go:127: runCase failed: parse failed: expected '.' or operator at position 4, got (
=== RUN   TestGroups/function-pad/case011
    test_suite_test.go:127: runCase failed: parse failed: expected '.' or operator at position 4, got (
=== RUN   TestGroups/function-pad/case012
    test_suite_test.go:127: runCase failed: parse failed: expected '.' or operator at position 4, got (
=== RUN   TestGroups/function-pad/case002
    test_suite_test.go:127: runCase failed: parse failed: expected '.' or operator at position 4, got (
=== RUN   TestGroups/function-pad/case005
    test_suite_test.go:127: runCase failed: parse failed: expected '.' or operator at position 4, got (
=== RUN   TestGroups/function-pad/case006
    test_suite_test.go:127: runCase failed: parse failed: expected '.' or operator at position 4, got (
=== RUN   TestGroups/function-pad/case008
    test_suite_test.go:127: runCase failed: parse failed: expected '.' or operator at position 4, got (
=== RUN   TestGroups/function-pad/case010
    test_suite_test.go:127: runCase failed: parse failed: expected '.' or operator at position 4, got (
=== RUN   TestGroups/function-pad/case000
    test_suite_test.go:127: runCase failed: parse failed: expected '.' or operator at position 4, got (
=== RUN   TestGroups/function-pad/case001
    test_suite_test.go:127: runCase failed: parse failed: expected '.' or operator at position 4, got (
=== RUN   TestGroups/function-power
=== RUN   TestGroups/function-power/case005
    test_suite_test.go:127: runCase failed: parse failed: expected '.' or operator at position 6, got (
=== RUN   TestGroups/function-power/case006
    test_suite_test.go:127: runCase failed: parse failed: expected '.' or operator at position 6, got (
=== RUN   TestGroups/function-power/case000
    test_suite_test.go:127: runCase failed: parse failed: expected '.' or operator at position 6, got (
=== RUN   TestGroups/function-power/case001
    test_suite_test.go:127: runCase failed: parse failed: expected '.' or operator at position 6, got (
=== RUN   TestGroups/function-power/case002
    test_suite_test.go:127: runCase failed: parse failed: expected '.' or operator at position 6, got (
=== RUN   TestGroups/function-power/case003
    test_suite_test.go:127: runCase failed: parse failed: expected '.' or operator at position 6, got (
=== RUN   TestGroups/function-power/case004
    test_suite_test.go:127: runCase failed: parse failed: expected '.' or operator at position 6, got (
=== RUN   TestGroups/function-replace
=== RUN   TestGroups/function-replace/case000
    test_suite_test.go:127: runCase failed: parse failed: expected '.' or operator at position 8, got (
=== RUN   TestGroups/function-replace/case002
    test_suite_test.go:127: runCase failed: parse failed: expected '.' or operator at position 8, got (
=== RUN   TestGroups/function-replace/case005
    test_suite_test.go:127: runCase failed: parse failed: expected '.' or operator at position 8, got (
=== RUN   TestGroups/function-replace/case008
    test_suite_test.go:127: runCase failed: parse failed: expected '.' or operator at position 8, got (
=== RUN   TestGroups/function-replace/case009
    test_suite_test.go:127: runCase failed: parse failed: expected '.' or operator at position 8, got (
=== RUN   TestGroups/function-replace/case010
    test_suite_test.go:127: runCase failed: parse failed: expected '.' or operator at position 8, got (
=== RUN   TestGroups/function-replace/case011
    test_suite_test.go:127: runCase failed: parse failed: expected '.' or operator at position 8, got (
=== RUN   TestGroups/function-replace/case001
    test_suite_test.go:127: runCase failed: parse failed: expected '.' or operator at position 8, got (
=== RUN   TestGroups/function-replace/case003
    test_suite_test.go:127: runCase failed: parse failed: expected '.' or operator at position 8, got (
=== RUN   TestGroups/function-replace/case004
    test_suite_test.go:127: runCase failed: parse failed: expected '.' or operator at position 8, got (
=== RUN   TestGroups/function-replace/case006
    test_suite_test.go:127: runCase failed: parse failed: expected '.' or operator at position 8, got (
=== RUN   TestGroups/function-replace/case007
    test_suite_test.go:127: runCase failed: parse failed: expected '.' or operator at position 8, got (
=== RUN   TestGroups/function-reverse
=== RUN   TestGroups/function-reverse/case002
    test_suite_test.go:127: runCase failed: parse failed: expected '.' or operator at position 8, got (
=== RUN   TestGroups/function-reverse/case003
    test_suite_test.go:127: runCase failed: parse failed: expected '.' or operator at position 8, got (
=== RUN   TestGroups/function-reverse/case000
    test_suite_test.go:127: runCase failed: parse failed: expected '.' or operator at position 8, got (
=== RUN   TestGroups/function-reverse/case001
    test_suite_test.go:127: runCase failed: parse failed: expected identifier at 0
=== RUN   TestGroups/function-round
=== RUN   TestGroups/function-round/case003
    test_suite_test.go:127: runCase failed: parse failed: expected '.' or operator at position 6, got (
=== RUN   TestGroups/function-round/case008
    test_suite_test.go:127: runCase failed: parse failed: expected '.' or operator at position 6, got (
=== RUN   TestGroups/function-round/case009
    test_suite_test.go:127: runCase failed: parse failed: expected '.' or operator at position 6, got (
=== RUN   TestGroups/function-round/case010
    test_suite_test.go:127: runCase failed: parse failed: expected '.' or operator at position 6, got (
=== RUN   TestGroups/function-round/case016
    test_suite_test.go:127: runCase failed: parse failed: expected '.' or operator at position 6, got (
=== RUN   TestGroups/function-round/case000
    test_suite_test.go:127: runCase failed: parse failed: expected '.' or operator at position 6, got (
=== RUN   TestGroups/function-round/case005
    test_suite_test.go:127: runCase failed: parse failed: expected '.' or operator at position 6, got (
=== RUN   TestGroups/function-round/case011
    test_suite_test.go:127: runCase failed: parse failed: expected '.' or operator at position 6, got (
=== RUN   TestGroups/function-round/case013
    test_suite_test.go:127: runCase failed: parse failed: expected '.' or operator at position 6, got (
=== RUN   TestGroups/function-round/case014
    test_suite_test.go:127: runCase failed: parse failed: expected '.' or operator at position 6, got (
=== RUN   TestGroups/function-round/case002
    test_suite_test.go:127: runCase failed: parse failed: expected '.' or operator at position 6, got (
=== RUN   TestGroups/function-round/case004
    test_suite_test.go:127: runCase failed: parse failed: expected '.' or operator at position 6, got (
=== RUN   TestGroups/function-round/case015
    test_suite_test.go:127: runCase failed: parse failed: expected '.' or operator at position 6, got (
=== RUN   TestGroups/function-round/case017
    test_suite_test.go:127: runCase failed: parse failed: expected '.' or operator at position 6, got (
=== RUN   TestGroups/function-round/case001
    test_suite_test.go:127: runCase failed: parse failed: expected '.' or operator at position 6, got (
=== RUN   TestGroups/function-round/case006
    test_suite_test.go:127: runCase failed: parse failed: expected '.' or operator at position 6, got (
=== RUN   TestGroups/function-round/case007
    test_suite_test.go:127: runCase failed: parse failed: expected '.' or operator at position 6, got (
=== RUN   TestGroups/function-round/case012
    test_suite_test.go:127: runCase failed: parse failed: expected '.' or operator at position 6, got (
=== RUN   TestGroups/function-shuffle
=== RUN   TestGroups/function-shuffle/case003
    test_suite_test.go:127: runCase failed: parse failed: expected '.' or operator at position 8, got (
=== RUN   TestGroups/function-shuffle/case000
    test_suite_test.go:127: runCase failed: parse failed: expected '.' or operator at position 6, got (
=== RUN   TestGroups/function-shuffle/case001
    test_suite_test.go:127: runCase failed: parse failed: expected '.' or operator at position 5, got (
=== RUN   TestGroups/function-shuffle/case002
    test_suite_test.go:127: runCase failed: parse failed: expected '.' or operator at position 8, got (
=== RUN   TestGroups/function-sift
=== RUN   TestGroups/function-sift/case003
    test_suite_test.go:127: runCase failed: parse failed: expected '.' or operator at position 5, got (
=== RUN   TestGroups/function-sift/case004
    test_suite_test.go:127: runCase failed: parse failed: expected '.' or operator at position 5, got (
=== RUN   TestGroups/function-sift/case000
    test_suite_test.go:127: runCase failed: parse failed: expected '.' or operator at position 5, got (
=== RUN   TestGroups/function-sift/case001
    test_suite_test.go:127: runCase failed: parse failed: expected identifier at 0
=== RUN   TestGroups/function-sift/case002
    test_suite_test.go:127: runCase failed: parse failed: expected '.' or operator at position 5, got (
=== RUN   TestGroups/function-signatures
=== RUN   TestGroups/function-signatures/case015
    test_suite_test.go:127: runCase failed: parse failed: expected identifier at 0
=== RUN   TestGroups/function-signatures/case023
    test_suite_test.go:127: runCase failed: parse failed: expected identifier at 0
=== RUN   TestGroups/function-signatures/case028
    test_suite_test.go:127: runCase failed: parse failed: expected identifier at 0
=== RUN   TestGroups/function-signatures/case005
    test_suite_test.go:127: runCase failed: parse failed: expected identifier at 0
=== RUN   TestGroups/function-signatures/case008
    test_suite_test.go:127: runCase failed: parse failed: expected identifier at 41
=== RUN   TestGroups/function-signatures/case013
    test_suite_test.go:127: runCase failed: parse failed: expected identifier at 0
=== RUN   TestGroups/function-signatures/case004
    test_suite_test.go:127: runCase failed: parse failed: expected identifier at 0
=== RUN   TestGroups/function-signatures/case010
    test_suite_test.go:127: runCase failed: parse failed: expected identifier at 10
=== RUN   TestGroups/function-signatures/case014
    test_suite_test.go:127: runCase failed: parse failed: expected identifier at 0
=== RUN   TestGroups/function-signatures/case029
    test_suite_test.go:127: runCase failed: parse failed: expected identifier at 0
=== RUN   TestGroups/function-signatures/case033
    test_suite_test.go:127: runCase failed: parse failed: expected identifier at 0
=== RUN   TestGroups/function-signatures/case000
    test_suite_test.go:127: runCase failed: parse failed: expected identifier at 0
=== RUN   TestGroups/function-signatures/case001
    test_suite_test.go:127: runCase failed: parse failed: expected identifier at 0
=== RUN   TestGroups/function-signatures/case011
    test_suite_test.go:127: runCase failed: parse failed: expected identifier at 0
=== RUN   TestGroups/function-signatures/case012
    test_suite_test.go:127: runCase failed: parse failed: expected identifier at 0
=== RUN   TestGroups/function-signatures/case017
    test_suite_test.go:127: runCase failed: parse failed: expected identifier at 0
=== RUN   TestGroups/function-signatures/case009
    test_suite_test.go:127: runCase failed: parse failed: expected identifier at 0
=== RUN   TestGroups/function-signatures/case020
    test_suite_test.go:127: runCase failed: parse failed: expected identifier at 0
=== RUN   TestGroups/function-signatures/case022
    test_suite_test.go:127: runCase failed: parse failed: expected identifier at 0
=== RUN   TestGroups/function-signatures/case027
    test_suite_test.go:127: runCase failed: parse failed: expected identifier at 0
=== RUN   TestGroups/function-signatures/case006
    test_suite_test.go:127: runCase failed: parse failed: expected '.' or operator at position 12, got (
=== RUN   TestGroups/function-signatures/case025
    test_suite_test.go:127: runCase failed: parse failed: expected identifier at 0
=== RUN   TestGroups/function-signatures/case030
    test_suite_test.go:127: runCase failed: parse failed: expected identifier at 0
=== RUN   TestGroups/function-signatures/case031
    test_suite_test.go:127: runCase failed: parse failed: expected identifier at 0
=== RUN   TestGroups/function-signatures/case034
    test_suite_test.go:127: runCase failed: parse failed: expected identifier at 0
=== RUN   TestGroups/function-signatures/case003
    test_suite_test.go:127: runCase failed: parse failed: expected '.' or operator at position 8, got (
=== RUN   TestGroups/function-signatures/case018
    test_suite_test.go:127: runCase failed: parse failed: expected identifier at 0
=== RUN   TestGroups/function-signatures/case019
    test_suite_test.go:127: runCase failed: parse failed: expected identifier at 0
=== RUN   TestGroups/function-signatures/case032
    test_suite_test.go:127: runCase failed: parse failed: expected identifier at 0
=== RUN   TestGroups/function-signatures/case026
    test_suite_test.go:127: runCase failed: parse failed: expected identifier at 0
=== RUN   TestGroups/function-signatures/case016
    test_suite_test.go:127: runCase failed: parse failed: expected identifier at 0
=== RUN   TestGroups/function-signatures/case021
    test_suite_test.go:127: runCase failed: parse failed: expected identifier at 0
=== RUN   TestGroups/function-signatures/case024
    test_suite_test.go:127: runCase failed: parse failed: expected identifier at 0
=== RUN   TestGroups/function-signatures/case002
    test_suite_test.go:127: runCase failed: parse failed: expected identifier at 0
=== RUN   TestGroups/function-signatures/case007
    test_suite_test.go:127: runCase failed: parse failed: expected identifier at 0
=== RUN   TestGroups/function-sort
=== RUN   TestGroups/function-sort/case002
    test_suite_test.go:127: runCase failed: parse failed: expected '.' or operator at position 5, got (
=== RUN   TestGroups/function-sort/case003
    test_suite_test.go:127: runCase failed: parse failed: expected '.' or operator at position 5, got (
=== RUN   TestGroups/function-sort/case004
    test_suite_test.go:127: runCase failed: parse failed: expected identifier at 0
=== RUN   TestGroups/function-sort/case005
    test_suite_test.go:127: runCase failed: parse failed: expected '.' or operator at position 5, got (
=== RUN   TestGroups/function-sort/case006
    test_suite_test.go:127: runCase failed: parse failed: expected '.' or operator at position 5, got (
=== RUN   TestGroups/function-sort/case009
    test_suite_test.go:127: runCase failed: parse failed: expected '.' or operator at position 5, got (
=== RUN   TestGroups/function-sort/case000
    test_suite_test.go:127: runCase failed: parse failed: expected '.' or operator at position 5, got (
=== RUN   TestGroups/function-sort/case001
    test_suite_test.go:127: runCase failed: parse failed: expected '.' or operator at position 5, got (
=== RUN   TestGroups/function-sort/case007
    test_suite_test.go:127: runCase failed: parse failed: expected '.' or operator at position 5, got (
=== RUN   TestGroups/function-sort/case008
    test_suite_test.go:127: runCase failed: parse failed: expected '.' or operator at position 5, got (
=== RUN   TestGroups/function-sort/case010
    test_suite_test.go:127: runCase failed: parse failed: expected identifier at 0
=== RUN   TestGroups/function-split
=== RUN   TestGroups/function-split/case011
    test_suite_test.go:127: runCase failed: parse failed: expected '.' or operator at position 6, got (
=== RUN   TestGroups/function-split/case014
    test_suite_test.go:127: runCase failed: parse failed: expected '.' or operator at position 6, got (
=== RUN   TestGroups/function-split/case017
    test_suite_test.go:127: runCase failed: parse failed: expected '.' or operator at position 6, got (
=== RUN   TestGroups/function-split/case018
    test_suite_test.go:127: runCase failed: parse failed: expected '.' or operator at position 6, got (
=== RUN   TestGroups/function-split/case000
    test_suite_test.go:127: runCase failed: parse failed: expected '.' or operator at position 6, got (
=== RUN   TestGroups/function-split/case002
    test_suite_test.go:127: runCase failed: parse failed: expected '.' or operator at position 6, got (
=== RUN   TestGroups/function-split/case009
    test_suite_test.go:127: runCase failed: parse failed: expected '.' or operator at position 6, got (
=== RUN   TestGroups/function-split/case001
    test_suite_test.go:127: runCase failed: parse failed: expected '.' or operator at position 6, got (
=== RUN   TestGroups/function-split/case004
    test_suite_test.go:127: runCase failed: parse failed: expected '.' or operator at position 4, got (
=== RUN   TestGroups/function-split/case006
    test_suite_test.go:127: runCase failed: parse failed: expected '.' or operator at position 6, got (
=== RUN   TestGroups/function-split/case015
    test_suite_test.go:127: runCase failed: parse failed: expected '.' or operator at position 6, got (
=== RUN   TestGroups/function-split/case016
    test_suite_test.go:127: runCase failed: parse failed: expected '.' or operator at position 6, got (
=== RUN   TestGroups/function-split/case007
    test_suite_test.go:127: runCase failed: parse failed: expected '.' or operator at position 6, got (
=== RUN   TestGroups/function-split/case010
    test_suite_test.go:127: runCase failed: parse failed: expected '.' or operator at position 6, got (
=== RUN   TestGroups/function-split/case012
    test_suite_test.go:127: runCase failed: parse failed: expected '.' or operator at position 6, got (
=== RUN   TestGroups/function-split/case013
    test_suite_test.go:127: runCase failed: parse failed: expected '.' or operator at position 6, got (
=== RUN   TestGroups/function-split/case003
    test_suite_test.go:127: runCase failed: parse failed: expected '.' or operator at position 6, got (
=== RUN   TestGroups/function-split/case005
    test_suite_test.go:127: runCase failed: parse failed: expected '.' or operator at position 6, got (
=== RUN   TestGroups/function-split/case008
    test_suite_test.go:127: runCase failed: parse failed: expected '.' or operator at position 6, got (
=== RUN   TestGroups/function-spread
=== RUN   TestGroups/function-spread/case001
    test_suite_test.go:127: runCase failed: parse failed: expected '.' or operator at position 7, got (
=== RUN   TestGroups/function-spread/case002
    test_suite_test.go:127: runCase failed: parse failed: expected '.' or operator at position 7, got (
=== RUN   TestGroups/function-spread/case003
    test_suite_test.go:127: runCase failed: parse failed: expected '.' or operator at position 7, got (
=== RUN   TestGroups/function-spread/case000
    test_suite_test.go:127: runCase failed: parse failed: expected '.' or operator at position 7, got (
=== RUN   TestGroups/function-sqrt
=== RUN   TestGroups/function-sqrt/case000
    test_suite_test.go:127: runCase failed: parse failed: expected '.' or operator at position 5, got (
=== RUN   TestGroups/function-sqrt/case001
    test_suite_test.go:127: runCase failed: parse failed: expected '.' or operator at position 5, got (
=== RUN   TestGroups/function-sqrt/case002
    test_suite_test.go:127: runCase failed: parse failed: expected '.' or operator at position 5, got (
=== RUN   TestGroups/function-sqrt/case003
    test_suite_test.go:127: runCase failed: parse failed: expected '.' or operator at position 5, got (
=== RUN   TestGroups/function-string
=== RUN   TestGroups/function-string/case009
    test_suite_test.go:127: runCase failed: parse failed: expected '.' or operator at position 7, got (
=== RUN   TestGroups/function-string/case022
    test_suite_test.go:127: runCase failed: parse failed: expected '.' or operator at position 7, got (
=== RUN   TestGroups/function-string/case025
    test_suite_test.go:127: runCase failed: parse failed: expected '.' or operator at position 7, got (
=== RUN   TestGroups/function-string/case030
    test_suite_test.go:127: runCase failed: parse failed: expected '.' or operator at position 7, got (
=== RUN   TestGroups/function-string/case001
    test_suite_test.go:127: runCase failed: parse failed: expected '.' or operator at position 7, got (
=== RUN   TestGroups/function-string/case008
    test_suite_test.go:127: runCase failed: parse failed: expected '.' or operator at position 21, got (
=== RUN   TestGroups/function-string/case010
    test_suite_test.go:127: runCase failed: parse failed: expected '.' or operator at position 7, got (
=== RUN   TestGroups/function-string/case026
    test_suite_test.go:127: runCase failed: parse failed: expected '.' or operator at position 7, got (
=== RUN   TestGroups/function-string/case029
    test_suite_test.go:127: runCase failed: parse failed: expected '.' or operator at position 7, got (
=== RUN   TestGroups/function-string/case014
    test_suite_test.go:127: runCase failed: parse failed: expected '.' or operator at position 7, got (
=== RUN   TestGroups/function-string/case028
    test_suite_test.go:127: runCase failed: parse failed: expected '.' or operator at position 7, got (
=== RUN   TestGroups/function-string/case006
    test_suite_test.go:127: runCase failed: parse failed: expected '.' or operator at position 7, got (
=== RUN   TestGroups/function-string/case016
    test_suite_test.go:127: runCase failed: parse failed: expected '.' or operator at position 7, got (
=== RUN   TestGroups/function-string/case020
    test_suite_test.go:127: runCase failed: parse failed: expected '.' or operator at position 7, got (
=== RUN   TestGroups/function-string/case002
    test_suite_test.go:127: runCase failed: parse failed: expected '.' or operator at position 7, got (
=== RUN   TestGroups/function-string/case003
    test_suite_test.go:127: runCase failed: parse failed: expected '.' or operator at position 7, got (
=== RUN   TestGroups/function-string/case015
    test_suite_test.go:127: runCase failed: parse failed: expected '.' or operator at position 7, got (
=== RUN   TestGroups/function-string/case017
    test_suite_test.go:127: runCase failed: parse failed: expected '.' or operator at position 7, got (
=== RUN   TestGroups/function-string/case018
    test_suite_test.go:127: runCase failed: parse failed: expected '.' or operator at position 7, got (
=== RUN   TestGroups/function-string/case019
    test_suite_test.go:127: runCase failed: parse failed: expected '.' or operator at position 7, got (
=== RUN   TestGroups/function-string/case024
    test_suite_test.go:127: runCase failed: parse failed: expected '.' or operator at position 7, got (
=== RUN   TestGroups/function-string/case000
    test_suite_test.go:127: runCase failed: parse failed: expected '.' or operator at position 7, got (
=== RUN   TestGroups/function-string/case004
    test_suite_test.go:127: runCase failed: parse failed: expected '.' or operator at position 7, got (
=== RUN   TestGroups/function-string/case012
    test_suite_test.go:127: runCase failed: parse failed: expected '.' or operator at position 7, got (
=== RUN   TestGroups/function-string/case027
    test_suite_test.go:127: runCase failed: parse failed: expected '.' or operator at position 7, got (
=== RUN   TestGroups/function-string/case011
    test_suite_test.go:127: runCase failed: parse failed: expected '.' or operator at position 7, got (
=== RUN   TestGroups/function-string/case013
    test_suite_test.go:127: runCase failed: parse failed: expected '.' or operator at position 7, got (
=== RUN   TestGroups/function-string/case021
    test_suite_test.go:127: runCase failed: parse failed: expected '.' or operator at position 7, got (
=== RUN   TestGroups/function-string/case023
    test_suite_test.go:127: runCase failed: parse failed: expected '.' or operator at position 7, got (
=== RUN   TestGroups/function-string/case005
    test_suite_test.go:127: runCase failed: parse failed: expected '.' or operator at position 7, got (
=== RUN   TestGroups/function-string/case007
    test_suite_test.go:127: runCase failed: parse failed: expected '.' or operator at position 7, got (
=== RUN   TestGroups/function-substring
=== RUN   TestGroups/function-substring/case014
    test_suite_test.go:127: runCase failed: parse failed: expected '.' or operator at position 10, got (
=== RUN   TestGroups/function-substring/case010
    test_suite_test.go:127: runCase failed: parse failed: expected '.' or operator at position 10, got (
=== RUN   TestGroups/function-substring/case011
    test_suite_test.go:127: runCase failed: parse failed: expected '.' or operator at position 10, got (
=== RUN   TestGroups/function-substring/case013
    test_suite_test.go:127: runCase failed: parse failed: expected '.' or operator at position 10, got (
=== RUN   TestGroups/function-substring/case000
    test_suite_test.go:127: runCase failed: parse failed: expected '.' or operator at position 10, got (
=== RUN   TestGroups/function-substring/case004
    test_suite_test.go:127: runCase failed: parse failed: expected '.' or operator at position 10, got (
=== RUN   TestGroups/function-substring/case016
    test_suite_test.go:127: runCase failed: parse failed: expected '.' or operator at position 10, got (
=== RUN   TestGroups/function-substring/case018
    test_suite_test.go:127: runCase failed: parse failed: expected '.' or operator at position 10, got (
=== RUN   TestGroups/function-substring/case006
    test_suite_test.go:127: runCase failed: parse failed: expected '.' or operator at position 10, got (
=== RUN   TestGroups/function-substring/case007
    test_suite_test.go:127: runCase failed: parse failed: expected '.' or operator at position 10, got (
=== RUN   TestGroups/function-substring/case008
    test_suite_test.go:127: runCase failed: parse failed: expected '.' or operator at position 10, got (
=== RUN   TestGroups/function-substring/case012
    test_suite_test.go:127: runCase failed: parse failed: expected '.' or operator at position 10, got (
=== RUN   TestGroups/function-substring/case015
    test_suite_test.go:127: runCase failed: parse failed: expected '.' or operator at position 10, got (
=== RUN   TestGroups/function-substring/case017
    test_suite_test.go:127: runCase failed: parse failed: expected '.' or operator at position 10, got (
=== RUN   TestGroups/function-substring/case001
    test_suite_test.go:127: runCase failed: parse failed: expected '.' or operator at position 10, got (
=== RUN   TestGroups/function-substring/case002
    test_suite_test.go:127: runCase failed: parse failed: expected '.' or operator at position 10, got (
=== RUN   TestGroups/function-substring/case003
    test_suite_test.go:127: runCase failed: parse failed: expected '.' or operator at position 10, got (
=== RUN   TestGroups/function-substring/case005
    test_suite_test.go:127: runCase failed: parse failed: expected '.' or operator at position 10, got (
=== RUN   TestGroups/function-substring/case009
    test_suite_test.go:127: runCase failed: parse failed: expected '.' or operator at position 10, got (
=== RUN   TestGroups/function-substringAfter
=== RUN   TestGroups/function-substringAfter/case000
    test_suite_test.go:127: runCase failed: parse failed: expected '.' or operator at position 15, got (
=== RUN   TestGroups/function-substringAfter/case001
    test_suite_test.go:127: runCase failed: parse failed: expected '.' or operator at position 15, got (
=== RUN   TestGroups/function-substringAfter/case002
    test_suite_test.go:127: runCase failed: parse failed: expected '.' or operator at position 15, got (
=== RUN   TestGroups/function-substringAfter/case003
    test_suite_test.go:127: runCase failed: parse failed: expected '.' or operator at position 15, got (
=== RUN   TestGroups/function-substringAfter/case004
    test_suite_test.go:127: runCase failed: parse failed: expected '.' or operator at position 15, got (
=== RUN   TestGroups/function-substringBefore
=== RUN   TestGroups/function-substringBefore/case000
    test_suite_test.go:127: runCase failed: parse failed: expected '.' or operator at position 16, got (
=== RUN   TestGroups/function-substringBefore/case001
    test_suite_test.go:127: runCase failed: parse failed: expected '.' or operator at position 16, got (
=== RUN   TestGroups/function-substringBefore/case002
    test_suite_test.go:127: runCase failed: parse failed: expected '.' or operator at position 16, got (
=== RUN   TestGroups/function-substringBefore/case003
    test_suite_test.go:127: runCase failed: parse failed: expected '.' or operator at position 16, got (
=== RUN   TestGroups/function-substringBefore/case004
    test_suite_test.go:127: runCase failed: parse failed: expected '.' or operator at position 16, got (
=== RUN   TestGroups/function-sum
=== RUN   TestGroups/function-sum/case001
    test_suite_test.go:127: runCase failed: parse failed: expected '.' or operator at position 18, got (
=== RUN   TestGroups/function-sum/case002
    test_suite_test.go:127: runCase failed: parse failed: expected identifier at 14
=== RUN   TestGroups/function-sum/case003
    test_suite_test.go:127: runCase failed: parse failed: expected '.' or operator at position 4, got (
=== RUN   TestGroups/function-sum/case004
    test_suite_test.go:127: runCase failed: parse failed: expected '.' or operator at position 4, got (
=== RUN   TestGroups/function-sum/case005
    test_suite_test.go:127: runCase failed: parse failed: expected '.' or operator at position 4, got (
=== RUN   TestGroups/function-sum/case006
    test_suite_test.go:127: runCase failed: parse failed: expected '.' or operator at position 4, got (
=== RUN   TestGroups/function-sum/case000
    test_suite_test.go:127: runCase failed: parse failed: expected '.' or operator at position 4, got (
=== RUN   TestGroups/function-tomillis
=== RUN   TestGroups/function-tomillis/case007
    test_suite_test.go:127: runCase failed: parse failed: expected '.' or operator at position 9, got (
=== RUN   TestGroups/function-tomillis/case008
    test_suite_test.go:127: runCase failed: parse failed: expected '.' or operator at position 9, got (
=== RUN   TestGroups/function-tomillis/case009
    test_suite_test.go:127: runCase failed: parse failed: expected '.' or operator at position 9, got (
=== RUN   TestGroups/function-tomillis/case013
    test_suite_test.go:127: runCase failed: parse failed: expected '.' or operator at position 9, got (
=== RUN   TestGroups/function-tomillis/case001
    test_suite_test.go:127: runCase failed: parse failed: expected '.' or operator at position 9, got (
=== RUN   TestGroups/function-tomillis/case002
    test_suite_test.go:127: runCase failed: parse failed: expected '.' or operator at position 9, got (
=== RUN   TestGroups/function-tomillis/case004
    test_suite_test.go:127: runCase failed: parse failed: expected '.' or operator at position 9, got (
=== RUN   TestGroups/function-tomillis/case010
    test_suite_test.go:127: runCase failed: parse failed: expected '.' or operator at position 9, got (
=== RUN   TestGroups/function-tomillis/case011
    test_suite_test.go:127: runCase failed: parse failed: expected '.' or operator at position 9, got (
=== RUN   TestGroups/function-tomillis/case012
    test_suite_test.go:127: runCase failed: parse failed: expected '.' or operator at position 9, got (
=== RUN   TestGroups/function-tomillis/case003
    test_suite_test.go:127: runCase failed: parse failed: expected '.' or operator at position 9, got (
=== RUN   TestGroups/function-tomillis/case005
    test_suite_test.go:127: runCase failed: parse failed: expected '.' or operator at position 9, got (
=== RUN   TestGroups/function-tomillis/case006
    test_suite_test.go:127: runCase failed: parse failed: expected '.' or operator at position 9, got (
=== RUN   TestGroups/function-trim
=== RUN   TestGroups/function-trim/case001
    test_suite_test.go:127: runCase failed: parse failed: expected '.' or operator at position 5, got (
=== RUN   TestGroups/function-trim/case002
    test_suite_test.go:127: runCase failed: parse failed: expected '.' or operator at position 5, got (
=== RUN   TestGroups/function-trim/case000
    test_suite_test.go:127: runCase failed: parse failed: expected '.' or operator at position 5, got (
=== RUN   TestGroups/function-typeOf
=== RUN   TestGroups/function-typeOf/case007
    test_suite_test.go:127: runCase failed: parse failed: expected identifier at 0
=== RUN   TestGroups/function-typeOf/case008
    test_suite_test.go:127: runCase failed: parse failed: expected identifier at 0
=== RUN   TestGroups/function-typeOf/case010
    test_suite_test.go:127: runCase failed: parse failed: expected identifier at 0
=== RUN   TestGroups/function-typeOf/case011
    test_suite_test.go:127: runCase failed: parse failed: expected identifier at 0
=== RUN   TestGroups/function-typeOf/case012
    test_suite_test.go:127: runCase failed: parse failed: expected identifier at 0
=== RUN   TestGroups/function-typeOf/case001
    test_suite_test.go:127: runCase failed: parse failed: expected identifier at 0
=== RUN   TestGroups/function-typeOf/case002
    test_suite_test.go:127: runCase failed: parse failed: expected identifier at 0
=== RUN   TestGroups/function-typeOf/case003
    test_suite_test.go:127: runCase failed: parse failed: expected identifier at 0
=== RUN   TestGroups/function-typeOf/case005
    test_suite_test.go:127: runCase failed: parse failed: expected identifier at 0
=== RUN   TestGroups/function-typeOf/case006
    test_suite_test.go:127: runCase failed: parse failed: expected identifier at 0
=== RUN   TestGroups/function-typeOf/case009
    test_suite_test.go:127: runCase failed: parse failed: expected identifier at 0
=== RUN   TestGroups/function-typeOf/case013
    test_suite_test.go:127: runCase failed: parse failed: expected identifier at 0
=== RUN   TestGroups/function-typeOf/case004
    test_suite_test.go:127: runCase failed: parse failed: expected identifier at 0
=== RUN   TestGroups/function-uppercase
=== RUN   TestGroups/function-uppercase/case001
    test_suite_test.go:127: runCase failed: parse failed: expected '.' or operator at position 10, got (
=== RUN   TestGroups/function-uppercase/case000
    test_suite_test.go:127: runCase failed: parse failed: expected '.' or operator at position 10, got (
=== RUN   TestGroups/function-zip
=== RUN   TestGroups/function-zip/case003
    test_suite_test.go:127: runCase failed: parse failed: expected '.' or operator at position 4, got (
=== RUN   TestGroups/function-zip/case004
    test_suite_test.go:127: runCase failed: parse failed: expected '.' or operator at position 4, got (
=== RUN   TestGroups/function-zip/case005
    test_suite_test.go:127: runCase failed: parse failed: expected '.' or operator at position 4, got (
=== RUN   TestGroups/function-zip/case000
    test_suite_test.go:127: runCase failed: parse failed: expected '.' or operator at position 4, got (
=== RUN   TestGroups/function-zip/case001
    test_suite_test.go:127: runCase failed: parse failed: expected '.' or operator at position 4, got (
=== RUN   TestGroups/function-zip/case002
    test_suite_test.go:127: runCase failed: parse failed: expected '.' or operator at position 4, got (
=== RUN   TestGroups/higher-order-functions
=== RUN   TestGroups/higher-order-functions/case000
    test_suite_test.go:127: runCase failed: parse failed: expected identifier at 0
=== RUN   TestGroups/higher-order-functions/case001
    test_suite_test.go:127: runCase failed: parse failed: expected identifier at 0
=== RUN   TestGroups/higher-order-functions/case002
    test_suite_test.go:127: runCase failed: parse failed: expected identifier at 0
=== RUN   TestGroups/hof-filter
=== RUN   TestGroups/hof-filter/case003
    test_suite_test.go:127: runCase failed: parse failed: expected '.' or operator at position 7, got (
=== RUN   TestGroups/hof-filter/case000
    test_suite_test.go:127: runCase failed: parse failed: expected identifier at 0
=== RUN   TestGroups/hof-filter/case001
    test_suite_test.go:127: runCase failed: parse failed: expected '.' or operator at position 7, got ~
=== RUN   TestGroups/hof-filter/case002
    test_suite_test.go:127: runCase failed: parse failed: expected '.' or operator at position 7, got (
=== RUN   TestGroups/hof-map
=== RUN   TestGroups/hof-map/case005
    test_suite_test.go:127: runCase failed: parse failed: expected '.' or operator at position 4, got (
=== RUN   TestGroups/hof-map/case007
    test_suite_test.go:127: runCase failed: parse failed: expected '.' or operator at position 4, got (
=== RUN   TestGroups/hof-map/case009
    test_suite_test.go:127: runCase failed: parse failed: expected '.' or operator at position 4, got (
=== RUN   TestGroups/hof-map/case001
    test_suite_test.go:127: runCase failed: parse failed: expected identifier at 0
=== RUN   TestGroups/hof-map/case0010
    test_suite_test.go:127: runCase failed: parse failed: expected identifier at 0
=== RUN   TestGroups/hof-map/case002
    test_suite_test.go:127: runCase failed: parse failed: expected '.' or operator at position 4, got (
=== RUN   TestGroups/hof-map/case003
    test_suite_test.go:127: runCase failed: parse failed: expected '.' or operator at position 22, got ~
=== RUN   TestGroups/hof-map/case004
    test_suite_test.go:127: runCase failed: parse failed: expected '.' or operator at position 22, got ~
=== RUN   TestGroups/hof-map/case006
    test_suite_test.go:127: runCase failed: parse failed: expected '.' or operator at position 4, got (
=== RUN   TestGroups/hof-map/case008
    test_suite_test.go:127: runCase failed: parse failed: expected '.' or operator at position 4, got (
=== RUN   TestGroups/hof-map/case000
    test_suite_test.go:127: runCase failed: parse failed: expected identifier at 0
=== RUN   TestGroups/hof-map/case0011
    test_suite_test.go:127: runCase failed: parse failed: expected identifier at 0
=== RUN   TestGroups/hof-reduce
=== RUN   TestGroups/hof-reduce/case000
    test_suite_test.go:127: runCase failed: parse failed: expected identifier at 0
=== RUN   TestGroups/hof-reduce/case006
    test_suite_test.go:127: runCase failed: parse failed: expected '.' or operator at position 7, got (
=== RUN   TestGroups/hof-reduce/case007
    test_suite_test.go:127: runCase failed: parse failed: expected identifier at 0
=== RUN   TestGroups/hof-reduce/case009
    test_suite_test.go:127: runCase failed: parse failed: expected identifier at 0
=== RUN   TestGroups/hof-reduce/case010
    test_suite_test.go:127: runCase failed: parse failed: expected identifier at 0
=== RUN   TestGroups/hof-reduce/case001
    test_suite_test.go:127: runCase failed: parse failed: expected identifier at 0
=== RUN   TestGroups/hof-reduce/case002
    test_suite_test.go:127: runCase failed: parse failed: expected identifier at 0
=== RUN   TestGroups/hof-reduce/case003
    test_suite_test.go:127: runCase failed: parse failed: expected identifier at 0
=== RUN   TestGroups/hof-reduce/case004
    test_suite_test.go:127: runCase failed: parse failed: expected identifier at 0
=== RUN   TestGroups/hof-reduce/case005
    test_suite_test.go:127: runCase failed: parse failed: expected '.' or operator at position 7, got (
=== RUN   TestGroups/hof-reduce/case008
    test_suite_test.go:127: runCase failed: parse failed: expected identifier at 0
=== RUN   TestGroups/hof-single
=== RUN   TestGroups/hof-single/case000
    test_suite_test.go:127: runCase failed: parse failed: expected identifier at 0
=== RUN   TestGroups/hof-single/case001
    test_suite_test.go:127: runCase failed: parse failed: expected '.' or operator at position 7, got ~
=== RUN   TestGroups/hof-single/case002
    test_suite_test.go:127: runCase failed: parse failed: expected '.' or operator at position 7, got (
=== RUN   TestGroups/hof-single/case003
    test_suite_test.go:127: runCase failed: parse failed: expected '.' or operator at position 7, got (
=== RUN   TestGroups/hof-single/case004
    test_suite_test.go:127: runCase failed: parse failed: expected '.' or operator at position 7, got (
=== RUN   TestGroups/hof-single/case005
    test_suite_test.go:127: runCase failed: parse failed: expected '.' or operator at position 7, got (
=== RUN   TestGroups/hof-single/case007
    test_suite_test.go:127: runCase failed: parse failed: expected '.' or operator at position 7, got (
=== RUN   TestGroups/hof-single/case008
    test_suite_test.go:127: runCase failed: parse failed: expected '.' or operator at position 7, got (
=== RUN   TestGroups/hof-single/case006
    test_suite_test.go:127: runCase failed: parse failed: expected '.' or operator at position 7, got (
=== RUN   TestGroups/hof-single/case009
    test_suite_test.go:127: runCase failed: parse failed: expected '.' or operator at position 7, got (
=== RUN   TestGroups/hof-single/case010
    test_suite_test.go:127: runCase failed: parse failed: expected '.' or operator at position 6, got ~
=== RUN   TestGroups/hof-zip-map
=== RUN   TestGroups/hof-zip-map/case000
    test_suite_test.go:127: runCase failed: parse failed: expected identifier at 0
=== RUN   TestGroups/hof-zip-map/case001
    test_suite_test.go:127: runCase failed: parse failed: expected identifier at 0
=== RUN   TestGroups/hof-zip-map/case002
    test_suite_test.go:127: runCase failed: parse failed: expected identifier at 0
=== RUN   TestGroups/hof-zip-map/case003
    test_suite_test.go:127: runCase failed: parse failed: expected identifier at 0
=== RUN   TestGroups/inclusion-operator
=== RUN   TestGroups/inclusion-operator/case007
    test_suite_test.go:127: runCase failed: parse failed: expected identifier at 14
=== RUN   TestGroups/inclusion-operator/case008
    test_suite_test.go:127: runCase failed: parse failed: expected '.' or operator at position 30, got (
=== RUN   TestGroups/inclusion-operator/case004
    test_suite_test.go:127: runCase failed: parse failed: expected '.' or operator at position 3, got i
=== RUN   TestGroups/inclusion-operator/case005
    test_suite_test.go:127: runCase failed: parse failed: expected identifier at 0
=== RUN   TestGroups/inclusion-operator/case000
    test_suite_test.go:127: runCase failed: parse failed: expected identifier at 0
=== RUN   TestGroups/inclusion-operator/case001
    test_suite_test.go:127: runCase failed: parse failed: expected identifier at 0
=== RUN   TestGroups/inclusion-operator/case002
    test_suite_test.go:127: runCase failed: parse failed: expected identifier at 0
=== RUN   TestGroups/inclusion-operator/case003
    test_suite_test.go:127: runCase failed: parse failed: expected identifier at 0
=== RUN   TestGroups/inclusion-operator/case006
    test_suite_test.go:127: runCase failed: parse failed: expected identifier at 0
=== RUN   TestGroups/lambdas
=== RUN   TestGroups/lambdas/case002
    test_suite_test.go:127: runCase failed: parse failed: expected '.' or operator at position 8, got (
=== RUN   TestGroups/lambdas/case004
    test_suite_test.go:127: runCase failed: parse failed: expected identifier at 0
=== RUN   TestGroups/lambdas/case006
    test_suite_test.go:127: runCase failed: parse failed: expected identifier at 0
=== RUN   TestGroups/lambdas/case007
    test_suite_test.go:127: runCase failed: parse failed: expected identifier at 0
=== RUN   TestGroups/lambdas/case008
    test_suite_test.go:127: runCase failed: parse failed: expected identifier at 0
=== RUN   TestGroups/lambdas/case010
    test_suite_test.go:127: runCase failed: parse failed: expected identifier at 0
=== RUN   TestGroups/lambdas/case012
    test_suite_test.go:127: runCase failed: parse failed: expected identifier at 0
=== RUN   TestGroups/lambdas/case000
    test_suite_test.go:127: runCase failed: parse failed: expected '.' or operator at position 8, got (
=== RUN   TestGroups/lambdas/case003
    test_suite_test.go:127: runCase failed: parse failed: expected identifier at 0
=== RUN   TestGroups/lambdas/case005
    test_suite_test.go:127: runCase failed: parse failed: expected identifier at 0
=== RUN   TestGroups/lambdas/case009
    test_suite_test.go:127: runCase failed: parse failed: expected identifier at 0
=== RUN   TestGroups/lambdas/case011
    test_suite_test.go:127: runCase failed: parse failed: expected identifier at 0
=== RUN   TestGroups/lambdas/case013
    test_suite_test.go:127: runCase failed: parse failed: expected identifier at 0
=== RUN   TestGroups/lambdas/case001
    test_suite_test.go:127: runCase failed: parse failed: expected '.' or operator at position 8, got (
=== RUN   TestGroups/literals
=== RUN   TestGroups/literals/case011
    test_suite_test.go:127: runCase failed: parse failed: expected identifier at 0
=== RUN   TestGroups/literals/case012
    test_suite_test.go:127: runCase failed: parse failed: expected identifier at 0
=== RUN   TestGroups/literals/case002
    test_suite_test.go:127: runCase failed: parse failed: expected identifier at 0
=== RUN   TestGroups/literals/case009
    test_suite_test.go:127: runCase failed: parse failed: expected identifier at 0
=== RUN   TestGroups/literals/case010
    test_suite_test.go:127: runCase failed: parse failed: expected identifier at 0
=== RUN   TestGroups/literals/case014
    test_suite_test.go:127: runCase failed: parse failed: expected identifier at 0
=== RUN   TestGroups/literals/case004
    test_suite_test.go:127: runCase failed: parse failed: expected identifier at 0
=== RUN   TestGroups/literals/case007
    test_suite_test.go:127: runCase failed: parse failed: expected identifier at 0
=== RUN   TestGroups/literals/case013
    test_suite_test.go:127: runCase failed: parse failed: expected identifier at 0
=== RUN   TestGroups/literals/case015
    test_suite_test.go:127: runCase failed: parse failed: expected identifier at 0
=== RUN   TestGroups/literals/case016
    test_suite_test.go:127: runCase failed: parse failed: expected identifier at 0
=== RUN   TestGroups/literals/case000
    test_suite_test.go:127: runCase failed: parse failed: expected identifier at 0
=== RUN   TestGroups/literals/case001
    test_suite_test.go:127: runCase failed: parse failed: expected identifier at 0
=== RUN   TestGroups/literals/case003
    test_suite_test.go:127: runCase failed: parse failed: expected identifier at 0
=== RUN   TestGroups/literals/case005
    test_suite_test.go:127: runCase failed: parse failed: expected identifier at 0
=== RUN   TestGroups/literals/case006
    test_suite_test.go:127: runCase failed: parse failed: expected identifier at 0
=== RUN   TestGroups/literals/case019
    test_suite_test.go:127: runCase failed: parse failed: expected identifier at 0
=== RUN   TestGroups/literals/case008
    test_suite_test.go:127: runCase failed: parse failed: expected identifier at 0
=== RUN   TestGroups/literals/case017
    test_suite_test.go:127: runCase failed: parse failed: expected identifier at 0
=== RUN   TestGroups/literals/case018
    test_suite_test.go:127: runCase failed: parse failed: expected identifier at 0
=== RUN   TestGroups/matchers
=== RUN   TestGroups/matchers/case000
    test_suite_test.go:127: runCase failed: parse failed: expected identifier at 0
=== RUN   TestGroups/matchers/case001
    test_suite_test.go:127: runCase failed: parse failed: expected '.' or operator at position 6, got (
=== RUN   TestGroups/missing-paths
=== RUN   TestGroups/missing-paths/case002
=== RUN   TestGroups/missing-paths/case003
=== RUN   TestGroups/missing-paths/case004
=== RUN   TestGroups/missing-paths/case005
=== RUN   TestGroups/missing-paths/case000
=== RUN   TestGroups/missing-paths/case001
=== RUN   TestGroups/multiple-array-selectors
=== RUN   TestGroups/multiple-array-selectors/case001
    test_suite_test.go:127: runCase failed: parse failed: expected identifier at 0
=== RUN   TestGroups/multiple-array-selectors/case002
    test_suite_test.go:127: runCase failed: parse failed: expected identifier at 0
=== RUN   TestGroups/multiple-array-selectors/case000
    test_suite_test.go:127: runCase failed: parse failed: expected identifier at 0
=== RUN   TestGroups/null
=== RUN   TestGroups/null/case002
    test_suite_test.go:127: runCase failed: parse failed: expected identifier at 0
=== RUN   TestGroups/null/case003
    test_suite_test.go:127: runCase failed: parse failed: expected '.' or operator at position 4, got (
=== RUN   TestGroups/null/case004
    test_suite_test.go:127: runCase failed: parse failed: expected '.' or operator at position 5, got =
=== RUN   TestGroups/null/case005
    test_suite_test.go:127: runCase failed: parse failed: expected '.' or operator at position 5, got !
=== RUN   TestGroups/null/case006
    test_suite_test.go:127: runCase failed: parse failed: expected identifier at 0
=== RUN   TestGroups/null/case000
=== RUN   TestGroups/null/case001
    test_suite_test.go:127: runCase failed: parse failed: expected identifier at 0
=== RUN   TestGroups/numeric-operators
=== RUN   TestGroups/numeric-operators/case018
=== RUN   TestGroups/numeric-operators/case000
    test_suite_test.go:147: Skipping failed test. Expected: 140, Got: <nil>
=== RUN   TestGroups/numeric-operators/case007
    test_suite_test.go:127: runCase failed: parse failed: expected '.' or operator at position 4, got /
=== RUN   TestGroups/numeric-operators/case010
    test_suite_test.go:127: runCase failed: parse failed: expected '.' or operator at position 14, got *
=== RUN   TestGroups/numeric-operators/case012
    test_suite_test.go:127: runCase failed: parse failed: expected identifier at 0
=== RUN   TestGroups/numeric-operators/case001
    test_suite_test.go:147: Skipping failed test. Expected: 140, Got: <nil>
=== RUN   TestGroups/numeric-operators/case003
    test_suite_test.go:127: runCase failed: parse failed: expected '.' or operator at position 4, got -
=== RUN   TestGroups/numeric-operators/case013
=== RUN   TestGroups/numeric-operators/case014
    test_suite_test.go:127: runCase failed: parse failed: expected identifier at 0
=== RUN   TestGroups/numeric-operators/case015
    test_suite_test.go:127: runCase failed: parse failed: expected identifier at 0
=== RUN   TestGroups/numeric-operators/case017
=== RUN   TestGroups/numeric-operators/case004
    test_suite_test.go:127: runCase failed: parse failed: expected '.' or operator at position 8, got *
=== RUN   TestGroups/numeric-operators/case005
    test_suite_test.go:127: runCase failed: parse failed: expected '.' or operator at position 4, got *
=== RUN   TestGroups/numeric-operators/case008
    test_suite_test.go:127: runCase failed: parse failed: expected '.' or operator at position 8, got %
=== RUN   TestGroups/numeric-operators/case016
    test_suite_test.go:127: runCase failed: parse failed: expected identifier at 0
=== RUN   TestGroups/numeric-operators/case002
    test_suite_test.go:127: runCase failed: parse failed: expected '.' or operator at position 8, got -
=== RUN   TestGroups/numeric-operators/case006
    test_suite_test.go:127: runCase failed: parse failed: expected '.' or operator at position 8, got /
=== RUN   TestGroups/numeric-operators/case009
    test_suite_test.go:127: runCase failed: parse failed: expected '.' or operator at position 4, got %
=== RUN   TestGroups/numeric-operators/case011
    test_suite_test.go:127: runCase failed: parse failed: expected '.' or operator at position 8, got *
=== RUN   TestGroups/object-constructor
=== RUN   TestGroups/object-constructor/case019
    test_suite_test.go:127: runCase failed: parse failed: expected '.' or operator at position 13, got {
=== RUN   TestGroups/object-constructor/case023
    test_suite_test.go:127: runCase failed: parse failed: expected identifier at 2
=== RUN   TestGroups/object-constructor/case026
    test_suite_test.go:127: runCase failed: parse failed: expected '.' or operator at position 2, got {
=== RUN   TestGroups/object-constructor/case000
    test_suite_test.go:127: runCase failed: parse failed: expected identifier at 0
=== RUN   TestGroups/object-constructor/case003
    test_suite_test.go:127: runCase failed: parse failed: expected identifier at 0
=== RUN   TestGroups/object-constructor/case006
    test_suite_test.go:127: runCase failed: parse failed: expected identifier at 0
=== RUN   TestGroups/object-constructor/case007
    test_suite_test.go:127: runCase failed: parse failed: expected identifier at 5
=== RUN   TestGroups/object-constructor/case010
    test_suite_test.go:127: runCase failed: parse failed: expected '.' or operator at position 21, got {
=== RUN   TestGroups/object-constructor/case012
    test_suite_test.go:127: runCase failed: parse failed: expected identifier at 22
=== RUN   TestGroups/object-constructor/case014
    test_suite_test.go:127: runCase failed: parse failed: expected identifier at 22
=== RUN   TestGroups/object-constructor/case017
    test_suite_test.go:127: runCase failed: parse failed: expected '.' or operator at position 21, got {
=== RUN   TestGroups/object-constructor/case009
    test_suite_test.go:127: runCase failed: parse failed: expected identifier at 14
=== RUN   TestGroups/object-constructor/case011
    test_suite_test.go:127: runCase failed: parse failed: expected '.' or operator at position 21, got {
=== RUN   TestGroups/object-constructor/case015
    test_suite_test.go:127: runCase failed: parse failed: expected '.' or operator at position 13, got {
=== RUN   TestGroups/object-constructor/case016
    test_suite_test.go:127: runCase failed: parse failed: expected identifier at 14
=== RUN   TestGroups/object-constructor/case018
    test_suite_test.go:127: runCase failed: parse failed: expected '.' or operator at position 21, got {
=== RUN   TestGroups/object-constructor/case021
    test_suite_test.go:127: runCase failed: parse failed: expected identifier at 0
=== RUN   TestGroups/object-constructor/case005
    test_suite_test.go:127: runCase failed: parse failed: expected identifier at 0
=== RUN   TestGroups/object-constructor/case008
    test_suite_test.go:127: runCase failed: parse failed: expected '.' or operator at position 13, got {
=== RUN   TestGroups/object-constructor/case020
    test_suite_test.go:127: runCase failed: parse failed: expected identifier at 0
=== RUN   TestGroups/object-constructor/case022
    test_suite_test.go:127: runCase failed: parse failed: expected '.' or operator at position 5, got {
=== RUN   TestGroups/object-constructor/case024
    test_suite_test.go:127: runCase failed: parse failed: expected identifier at 0
=== RUN   TestGroups/object-constructor/case025
    test_suite_test.go:127: runCase failed: parse failed: expected identifier at 0
=== RUN   TestGroups/object-constructor/case001
    test_suite_test.go:127: runCase failed: parse failed: expected identifier at 0
=== RUN   TestGroups/object-constructor/case002
    test_suite_test.go:127: runCase failed: parse failed: expected identifier at 0
=== RUN   TestGroups/object-constructor/case004
    test_suite_test.go:127: runCase failed: parse failed: expected identifier at 0
=== RUN   TestGroups/object-constructor/case013
    test_suite_test.go:127: runCase failed: parse failed: expected '.' or operator at position 21, got {
=== RUN   TestGroups/parentheses
=== RUN   TestGroups/parentheses/case000
    test_suite_test.go:127: runCase failed: parse failed: expected identifier at 4
=== RUN   TestGroups/parentheses/case001
    test_suite_test.go:127: runCase failed: parse failed: expected identifier at 4
=== RUN   TestGroups/parentheses/case002
    test_suite_test.go:127: runCase failed: parse failed: expected identifier at 0
=== RUN   TestGroups/parentheses/case003
    test_suite_test.go:127: runCase failed: parse failed: expected identifier at 9
=== RUN   TestGroups/parentheses/case004
    test_suite_test.go:127: runCase failed: parse failed: expected identifier at 0
=== RUN   TestGroups/parentheses/case005
    test_suite_test.go:127: runCase failed: parse failed: expected identifier at 0
=== RUN   TestGroups/parentheses/case006
    test_suite_test.go:127: runCase failed: parse failed: expected identifier at 0
=== RUN   TestGroups/parentheses/case007
    test_suite_test.go:127: runCase failed: parse failed: expected identifier at 0
=== RUN   TestGroups/partial-application
=== RUN   TestGroups/partial-application/case000
    test_suite_test.go:127: runCase failed: parse failed: expected identifier at 0
=== RUN   TestGroups/partial-application/case001
    test_suite_test.go:127: runCase failed: parse failed: expected identifier at 0
=== RUN   TestGroups/partial-application/case002
    test_suite_test.go:127: runCase failed: parse failed: expected identifier at 0
=== RUN   TestGroups/partial-application/case003
    test_suite_test.go:127: runCase failed: parse failed: expected '.' or operator at position 9, got (
=== RUN   TestGroups/partial-application/case004
    test_suite_test.go:127: runCase failed: parse failed: expected '.' or operator at position 7, got (
=== RUN   TestGroups/performance
=== RUN   TestGroups/performance/case000
    test_suite_test.go:127: runCase failed: parse failed: expected identifier at 0
=== RUN   TestGroups/performance/case001
    test_suite_test.go:127: runCase failed: parse failed: expected identifier at 0
=== RUN   TestGroups/predicates
=== RUN   TestGroups/predicates/case000
    test_suite_test.go:117: panic: reflect: call of reflect.Value.Len on zero Value
=== RUN   TestGroups/predicates/case001
    test_suite_test.go:117: panic: reflect: call of reflect.Value.Len on zero Value
=== RUN   TestGroups/predicates/case002
    test_suite_test.go:117: panic: reflect: call of reflect.Value.Len on zero Value
=== RUN   TestGroups/predicates/case003
    test_suite_test.go:127: runCase failed: parse failed: expected operator after $lowercase
=== RUN   TestGroups/quoted-selectors
=== RUN   TestGroups/quoted-selectors/case004
    test_suite_test.go:127: runCase failed: parse failed: expected identifier at 4
=== RUN   TestGroups/quoted-selectors/case005
    test_suite_test.go:127: runCase failed: parse failed: expected identifier at 4
=== RUN   TestGroups/quoted-selectors/case006
    test_suite_test.go:127: runCase failed: parse failed: expected identifier at 0
=== RUN   TestGroups/quoted-selectors/case007
    test_suite_test.go:127: runCase failed: parse failed: expected identifier at 4
=== RUN   TestGroups/quoted-selectors/case000
    test_suite_test.go:127: runCase failed: parse failed: expected identifier at 4
=== RUN   TestGroups/quoted-selectors/case001
    test_suite_test.go:127: runCase failed: parse failed: expected identifier at 4
=== RUN   TestGroups/quoted-selectors/case002
    test_suite_test.go:127: runCase failed: parse failed: expected identifier at 0
=== RUN   TestGroups/quoted-selectors/case003
    test_suite_test.go:127: runCase failed: parse failed: expected identifier at 4
=== RUN   TestGroups/range-operator
=== RUN   TestGroups/range-operator/case007
    test_suite_test.go:127: runCase failed: parse failed: expected identifier at 0
=== RUN   TestGroups/range-operator/case014
    test_suite_test.go:127: runCase failed: parse failed: expected identifier at 0
=== RUN   TestGroups/range-operator/case015
    test_suite_test.go:127: runCase failed: parse failed: expected identifier at 0
=== RUN   TestGroups/range-operator/case022
    test_suite_test.go:127: runCase failed: parse failed: expected identifier at 0
=== RUN   TestGroups/range-operator/case024
    test_suite_test.go:127: runCase failed: parse failed: expected identifier at 0
=== RUN   TestGroups/range-operator/case013
    test_suite_test.go:127: runCase failed: parse failed: expected identifier at 0
=== RUN   TestGroups/range-operator/case000
    test_suite_test.go:127: runCase failed: parse failed: expected identifier at 0
=== RUN   TestGroups/range-operator/case006
    test_suite_test.go:127: runCase failed: parse failed: expected identifier at 0
=== RUN   TestGroups/range-operator/case008
    test_suite_test.go:127: runCase failed: parse failed: expected identifier at 0
=== RUN   TestGroups/range-operator/case012
    test_suite_test.go:127: runCase failed: parse failed: expected identifier at 0
=== RUN   TestGroups/range-operator/case017
    test_suite_test.go:127: runCase failed: parse failed: expected identifier at 0
=== RUN   TestGroups/range-operator/case001
    test_suite_test.go:127: runCase failed: parse failed: expected identifier at 0
=== RUN   TestGroups/range-operator/case004
    test_suite_test.go:127: runCase failed: parse failed: expected identifier at 0
=== RUN   TestGroups/range-operator/case011
    test_suite_test.go:127: runCase failed: parse failed: expected identifier at 0
=== RUN   TestGroups/range-operator/case019
    test_suite_test.go:127: runCase failed: parse failed: expected identifier at 0
=== RUN   TestGroups/range-operator/case023
    test_suite_test.go:127: runCase failed: parse failed: expected identifier at 0
=== RUN   TestGroups/range-operator/case003
    test_suite_test.go:127: runCase failed: parse failed: expected identifier at 0
=== RUN   TestGroups/range-operator/case005
    test_suite_test.go:127: runCase failed: parse failed: expected identifier at 0
=== RUN   TestGroups/range-operator/case009
    test_suite_test.go:127: runCase failed: parse failed: expected identifier at 0
=== RUN   TestGroups/range-operator/case010
    test_suite_test.go:127: runCase failed: parse failed: expected identifier at 0
=== RUN   TestGroups/range-operator/case016
    test_suite_test.go:127: runCase failed: parse failed: expected identifier at 0
=== RUN   TestGroups/range-operator/case018
    test_suite_test.go:127: runCase failed: parse failed: expected identifier at 0
=== RUN   TestGroups/range-operator/case020
    test_suite_test.go:127: runCase failed: parse failed: expected identifier at 0
=== RUN   TestGroups/range-operator/case021
    test_suite_test.go:127: runCase failed: parse failed: expected identifier at 0
=== RUN   TestGroups/range-operator/case002
    test_suite_test.go:127: runCase failed: parse failed: expected identifier at 0
=== RUN   TestGroups/regex
=== RUN   TestGroups/regex/case016
    test_suite_test.go:127: runCase failed: parse failed: expected '.' or operator at position 8, got (
=== RUN   TestGroups/regex/case021
    test_suite_test.go:127: runCase failed: parse failed: expected '.' or operator at position 8, got (
=== RUN   TestGroups/regex/case024
    test_suite_test.go:127: runCase failed: parse failed: expected '.' or operator at position 8, got (
=== RUN   TestGroups/regex/case026
    test_suite_test.go:127: runCase failed: parse failed: expected '.' or operator at position 8, got (
=== RUN   TestGroups/regex/case027
    test_suite_test.go:127: runCase failed: parse failed: expected '.' or operator at position 8, got (
=== RUN   TestGroups/regex/case006
    test_suite_test.go:127: runCase failed: parse failed: expected operator after $contains
=== RUN   TestGroups/regex/case007
    test_suite_test.go:127: runCase failed: parse failed: expected '.' or operator at position 8, got (
=== RUN   TestGroups/regex/case009
    test_suite_test.go:127: runCase failed: parse failed: expected '.' or operator at position 8, got (
=== RUN   TestGroups/regex/case019
    test_suite_test.go:127: runCase failed: parse failed: expected '.' or operator at position 8, got (
=== RUN   TestGroups/regex/case030
    test_suite_test.go:127: runCase failed: parse failed: expected '.' or operator at position 8, got (
=== RUN   TestGroups/regex/case034
    test_suite_test.go:127: runCase failed: parse failed: expected '.' or operator at position 8, got (
=== RUN   TestGroups/regex/case008
    test_suite_test.go:127: runCase failed: parse failed: expected '.' or operator at position 8, got (
=== RUN   TestGroups/regex/case022
    test_suite_test.go:127: runCase failed: parse failed: expected '.' or operator at position 8, got (
=== RUN   TestGroups/regex/case001
    test_suite_test.go:127: runCase failed: parse failed: expected '.' or operator at position 6, got (
=== RUN   TestGroups/regex/case013
    test_suite_test.go:127: runCase failed: parse failed: expected '.' or operator at position 8, got (
=== RUN   TestGroups/regex/case031
    test_suite_test.go:127: runCase failed: parse failed: expected '.' or operator at position 8, got (
=== RUN   TestGroups/regex/case033
    test_suite_test.go:127: runCase failed: parse failed: expected '.' or operator at position 30, got (
=== RUN   TestGroups/regex/case037
    test_suite_test.go:127: runCase failed: parse failed: expected '.' or operator at position 4, got (
=== RUN   TestGroups/regex/case025
    test_suite_test.go:127: runCase failed: parse failed: expected '.' or operator at position 8, got (
=== RUN   TestGroups/regex/case000
    test_suite_test.go:127: runCase failed: parse failed: expected '.' or operator at position 6, got (
=== RUN   TestGroups/regex/case003
    test_suite_test.go:127: runCase failed: parse failed: expected '.' or operator at position 9, got (
=== RUN   TestGroups/regex/case005
    test_suite_test.go:127: runCase failed: parse failed: expected operator after $contains
=== RUN   TestGroups/regex/case010
    test_suite_test.go:127: runCase failed: parse failed: expected '.' or operator at position 8, got (
=== RUN   TestGroups/regex/case017
    test_suite_test.go:127: runCase failed: parse failed: expected '.' or operator at position 8, got (
=== RUN   TestGroups/regex/case032
    test_suite_test.go:127: runCase failed: parse failed: expected '.' or operator at position 30, got (
=== RUN   TestGroups/regex/case002
    test_suite_test.go:127: runCase failed: parse failed: expected '.' or operator at position 6, got (
=== RUN   TestGroups/regex/case011
    test_suite_test.go:127: runCase failed: parse failed: expected '.' or operator at position 8, got (
=== RUN   TestGroups/regex/case028
    test_suite_test.go:127: runCase failed: parse failed: expected '.' or operator at position 8, got (
=== RUN   TestGroups/regex/case035
    test_suite_test.go:127: runCase failed: parse failed: expected '.' or operator at position 30, got (
=== RUN   TestGroups/regex/case038
    test_suite_test.go:127: runCase failed: parse failed: expected '.' or operator at position 4, got (
=== RUN   TestGroups/regex/case014
    test_suite_test.go:127: runCase failed: parse failed: expected '.' or operator at position 8, got (
=== RUN   TestGroups/regex/case015
    test_suite_test.go:127: runCase failed: parse failed: expected '.' or operator at position 8, got (
=== RUN   TestGroups/regex/case020
    test_suite_test.go:127: runCase failed: parse failed: expected '.' or operator at position 8, got (
=== RUN   TestGroups/regex/case029
    test_suite_test.go:127: runCase failed: parse failed: expected '.' or operator at position 8, got (
=== RUN   TestGroups/regex/case036
    test_suite_test.go:127: runCase failed: parse failed: expected '.' or operator at position 30, got (
=== RUN   TestGroups/regex/case018
    test_suite_test.go:127: runCase failed: parse failed: expected '.' or operator at position 8, got (
=== RUN   TestGroups/regex/case023
    test_suite_test.go:127: runCase failed: parse failed: expected '.' or operator at position 8, got (
=== RUN   TestGroups/regex/case004
    test_suite_test.go:127: runCase failed: parse failed: expected '.' or operator at position 9, got (
=== RUN   TestGroups/regex/case012
    test_suite_test.go:127: runCase failed: parse failed: expected '.' or operator at position 8, got (
=== RUN   TestGroups/simple-array-selectors
=== RUN   TestGroups/simple-array-selectors/case004
    test_suite_test.go:127: runCase failed: parse failed: expected identifier at 0
=== RUN   TestGroups/simple-array-selectors/case006
    test_suite_test.go:147: Skipping failed test. Expected: [hello world], Got: world
=== RUN   TestGroups/simple-array-selectors/case007
    test_suite_test.go:127: runCase failed: parse failed: expected identifier at 0
=== RUN   TestGroups/simple-array-selectors/case008
    test_suite_test.go:127: runCase failed: parse failed: expected identifier at 0
=== RUN   TestGroups/simple-array-selectors/case009
    test_suite_test.go:127: runCase failed: parse failed: expected identifier at 0
=== RUN   TestGroups/simple-array-selectors/case013
    test_suite_test.go:127: runCase failed: parse failed: expected identifier at 0
=== RUN   TestGroups/simple-array-selectors/case018
    test_suite_test.go:147: Skipping failed test. Expected: [1 2], Got: <nil>
=== RUN   TestGroups/simple-array-selectors/case019
    test_suite_test.go:147: Skipping failed test. Expected: [3 4], Got: <nil>
=== RUN   TestGroups/simple-array-selectors/case001
=== RUN   TestGroups/simple-array-selectors/case005
    test_suite_test.go:147: Skipping failed test. Expected: [hello world], Got: hello
=== RUN   TestGroups/simple-array-selectors/case010
    test_suite_test.go:127: runCase failed: parse failed: expected identifier at 0
=== RUN   TestGroups/simple-array-selectors/case017
    test_suite_test.go:127: runCase failed: parse failed: expected identifier at 0
=== RUN   TestGroups/simple-array-selectors/case020
    test_suite_test.go:147: Skipping failed test. Expected: [3 4], Got: <nil>
=== RUN   TestGroups/simple-array-selectors/case021
    test_suite_test.go:147: Skipping failed test. Expected: 3, Got: <nil>
=== RUN   TestGroups/simple-array-selectors/case022
    test_suite_test.go:127: runCase failed: parse failed: expected closing bracket after index
=== RUN   TestGroups/simple-array-selectors/case000
    test_suite_test.go:147: Skipping failed test. Expected: [1 3 5 6], Got: [[1 2] [3 4]]
=== RUN   TestGroups/simple-array-selectors/case003
=== RUN   TestGroups/simple-array-selectors/case011
    test_suite_test.go:127: runCase failed: parse failed: expected identifier at 0
=== RUN   TestGroups/simple-array-selectors/case014
    test_suite_test.go:127: runCase failed: parse failed: expected identifier at 0
=== RUN   TestGroups/simple-array-selectors/case015
=== RUN   TestGroups/simple-array-selectors/case016
    test_suite_test.go:147: Skipping failed test. Expected: [map[fud:hello] map[fud:world]], Got: map[fud:hello]
=== RUN   TestGroups/simple-array-selectors/case002
=== RUN   TestGroups/simple-array-selectors/case012
    test_suite_test.go:127: runCase failed: parse failed: expected identifier at 0
=== RUN   TestGroups/sorting
=== RUN   TestGroups/sorting/case002
    test_suite_test.go:127: runCase failed: parse failed: expected '.' or operator at position 27, got ^
=== RUN   TestGroups/sorting/case005
    test_suite_test.go:127: runCase failed: parse failed: expected '.' or operator at position 21, got ^
=== RUN   TestGroups/sorting/case006
    test_suite_test.go:127: runCase failed: parse failed: expected '.' or operator at position 21, got ^
=== RUN   TestGroups/sorting/case007
    test_suite_test.go:127: runCase failed: parse failed: expected '.' or operator at position 21, got ^
=== RUN   TestGroups/sorting/case010
    test_suite_test.go:127: runCase failed: parse failed: expected '.' or operator at position 21, got ^
=== RUN   TestGroups/sorting/case014
    test_suite_test.go:127: runCase failed: parse failed: expected '.' or operator at position 1, got ^
=== RUN   TestGroups/sorting/case015
    test_suite_test.go:127: runCase failed: parse failed: expected identifier at 0
=== RUN   TestGroups/sorting/case001
    test_suite_test.go:127: runCase failed: parse failed: expected '.' or operator at position 27, got ^
=== RUN   TestGroups/sorting/case004
    test_suite_test.go:127: runCase failed: parse failed: expected '.' or operator at position 21, got ^
=== RUN   TestGroups/sorting/case008
    test_suite_test.go:127: runCase failed: parse failed: expected '.' or operator at position 21, got ^
=== RUN   TestGroups/sorting/case016
    test_suite_test.go:127: runCase failed: parse failed: expected '.' or operator at position 1, got ^
=== RUN   TestGroups/sorting/case017
    test_suite_test.go:127: runCase failed: parse failed: expected identifier at 0
=== RUN   TestGroups/sorting/case020
    test_suite_test.go:127: runCase failed: parse failed: expected '.' or operator at position 13, got #
=== RUN   TestGroups/sorting/case000
    test_suite_test.go:127: runCase failed: parse failed: expected '.' or operator at position 27, got ^
=== RUN   TestGroups/sorting/case003
    test_suite_test.go:127: runCase failed: parse failed: expected '.' or operator at position 21, got ^
=== RUN   TestGroups/sorting/case009
    test_suite_test.go:127: runCase failed: parse failed: expected '.' or operator at position 21, got ^
=== RUN   TestGroups/sorting/case011
    test_suite_test.go:127: runCase failed: parse failed: expected '.' or operator at position 21, got ^
=== RUN   TestGroups/sorting/case013
    test_suite_test.go:127: runCase failed: parse failed: expected '.' or operator at position 21, got ^
=== RUN   TestGroups/sorting/case018
    test_suite_test.go:127: runCase failed: parse failed: expected identifier at 0
=== RUN   TestGroups/sorting/case019
    test_suite_test.go:127: runCase failed: parse failed: expected '.' or operator at position 4, got ^
=== RUN   TestGroups/sorting/case012
    test_suite_test.go:127: runCase failed: parse failed: expected '.' or operator at position 21, got ^
=== RUN   TestGroups/string-concat
=== RUN   TestGroups/string-concat/case011
    test_suite_test.go:127: runCase failed: parse failed: expected identifier at 0
=== RUN   TestGroups/string-concat/case000
    test_suite_test.go:127: runCase failed: parse failed: expected identifier at 0
=== RUN   TestGroups/string-concat/case001
    test_suite_test.go:127: runCase failed: parse failed: expected identifier at 0
=== RUN   TestGroups/string-concat/case002
    test_suite_test.go:127: runCase failed: parse failed: expected '.' or operator at position 20, got &
=== RUN   TestGroups/string-concat/case003
    test_suite_test.go:127: runCase failed: parse failed: expected identifier at 4
=== RUN   TestGroups/string-concat/case005
    test_suite_test.go:127: runCase failed: parse failed: expected identifier at 4
=== RUN   TestGroups/string-concat/case008
    test_suite_test.go:127: runCase failed: parse failed: expected identifier at 0
=== RUN   TestGroups/string-concat/case010
    test_suite_test.go:127: runCase failed: parse failed: expected identifier at 0
=== RUN   TestGroups/string-concat/case004
    test_suite_test.go:127: runCase failed: parse failed: expected identifier at 4
=== RUN   TestGroups/string-concat/case006
    test_suite_test.go:127: runCase failed: parse failed: expected identifier at 0
=== RUN   TestGroups/string-concat/case007
    test_suite_test.go:127: runCase failed: parse failed: expected identifier at 0
=== RUN   TestGroups/string-concat/case009
    test_suite_test.go:127: runCase failed: parse failed: expected identifier at 0
=== RUN   TestGroups/tail-recursion
=== RUN   TestGroups/tail-recursion/case000
    test_suite_test.go:127: runCase failed: parse failed: expected identifier at 0
=== RUN   TestGroups/tail-recursion/case004
    test_suite_test.go:127: runCase failed: parse failed: expected identifier at 0
=== RUN   TestGroups/tail-recursion/case005
    test_suite_test.go:127: runCase failed: parse failed: expected identifier at 0
=== RUN   TestGroups/tail-recursion/case006
    test_suite_test.go:127: runCase failed: parse failed: expected identifier at 0
=== RUN   TestGroups/tail-recursion/case009
    test_suite_test.go:127: runCase failed: parse failed: expected identifier at 0
=== RUN   TestGroups/tail-recursion/case001
    test_suite_test.go:127: runCase failed: parse failed: expected identifier at 0
=== RUN   TestGroups/tail-recursion/case002
    test_suite_test.go:127: runCase failed: parse failed: expected identifier at 0
=== RUN   TestGroups/tail-recursion/case003
    test_suite_test.go:127: runCase failed: parse failed: expected identifier at 0
=== RUN   TestGroups/tail-recursion/case007
    test_suite_test.go:127: runCase failed: parse failed: expected identifier at 0
=== RUN   TestGroups/tail-recursion/case008
    test_suite_test.go:127: runCase failed: parse failed: expected identifier at 0
=== RUN   TestGroups/token-conversion
=== RUN   TestGroups/token-conversion/case003
    test_suite_test.go:127: runCase failed: parse failed: expected identifier at 2
=== RUN   TestGroups/token-conversion/case000
    test_suite_test.go:127: runCase failed: parse failed: expected identifier at 2
=== RUN   TestGroups/token-conversion/case001
    test_suite_test.go:127: runCase failed: parse failed: expected identifier at 2
=== RUN   TestGroups/token-conversion/case002
    test_suite_test.go:127: runCase failed: parse failed: expected identifier at 2
=== RUN   TestGroups/transform
=== RUN   TestGroups/transform/case027
    test_suite_test.go:127: runCase failed: parse failed: expected '.' or operator at position 10, got (
=== RUN   TestGroups/transform/case042
    test_suite_test.go:127: runCase failed: parse failed: expected '.' or operator at position 16, got (
=== RUN   TestGroups/transform/case074
    test_suite_test.go:127: runCase failed: parse failed: expected '.' or operator at position 10, got (
=== RUN   TestGroups/transform/case084
    test_suite_test.go:127: runCase failed: parse failed: expected '.' or operator at position 15, got (
=== RUN   TestGroups/transform/case004
    test_suite_test.go:147: Skipping failed test. Expected: map[gar:50], Got: <nil>
=== RUN   TestGroups/transform/case019
=== RUN   TestGroups/transform/case025
    test_suite_test.go:147: Skipping failed test. Expected: 'Hello', Got: <nil>
=== RUN   TestGroups/transform/case031
    test_suite_test.go:127: runCase failed: parse failed: expected '.' or operator at position 10, got (
=== RUN   TestGroups/transform/case060
    test_suite_test.go:127: runCase failed: parse failed: expected '.' or operator at position 25, got (
=== RUN   TestGroups/transform/case063
    test_suite_test.go:127: runCase failed: parse failed: expected '.' or operator at position 10, got (
=== RUN   TestGroups/transform/case082
    test_suite_test.go:127: runCase failed: parse failed: expected '.' or operator at position 16, got (
=== RUN   TestGroups/transform/case094
    test_suite_test.go:127: runCase failed: parse failed: expected '.' or operator at position 10, got (
=== RUN   TestGroups/transform/case023
    test_suite_test.go:147: Skipping failed test. Expected: "Hello", Got: <nil>
=== RUN   TestGroups/transform/case026
    test_suite_test.go:147: Skipping failed test. Expected: 'Hello', Got: <nil>
=== RUN   TestGroups/transform/case030
    test_suite_test.go:127: runCase failed: parse failed: expected '.' or operator at position 10, got (
=== RUN   TestGroups/transform/case034
    test_suite_test.go:127: runCase failed: parse failed: expected '.' or operator at position 10, got (
=== RUN   TestGroups/transform/case037
    test_suite_test.go:127: runCase failed: parse failed: expected '.' or operator at position 16, got &
=== RUN   TestGroups/transform/case040
    test_suite_test.go:127: runCase failed: parse failed: expected '.' or operator at position 10, got (
=== RUN   TestGroups/transform/case064
    test_suite_test.go:127: runCase failed: parse failed: expected '.' or operator at position 10, got (
=== RUN   TestGroups/transform/case079
    test_suite_test.go:127: runCase failed: parse failed: expected '.' or operator at position 16, got (
=== RUN   TestGroups/transform/case000
    test_suite_test.go:127: runCase failed: parse failed: expected identifier at 0
=== RUN   TestGroups/transform/case011
    test_suite_test.go:147: Skipping failed test. Expected: foo, Got: <nil>
=== RUN   TestGroups/transform/case015
    test_suite_test.go:147: Skipping failed test. Expected: -24, Got: <nil>
=== RUN   TestGroups/transform/case036
    test_suite_test.go:127: runCase failed: parse failed: expected '.' or operator at position 16, got &
=== RUN   TestGroups/transform/case065
    test_suite_test.go:127: runCase failed: parse failed: expected '.' or operator at position 10, got (
=== RUN   TestGroups/transform/case083
    test_suite_test.go:127: runCase failed: parse failed: expected '.' or operator at position 16, got (
=== RUN   TestGroups/transform/case088
    test_suite_test.go:127: runCase failed: parse failed: expected '.' or operator at position 15, got (
=== RUN   TestGroups/transform/case097
    test_suite_test.go:127: runCase failed: parse failed: expected '.' or operator at position 10, got (
=== RUN   TestGroups/transform/case050
    test_suite_test.go:127: runCase failed: parse failed: expected '.' or operator at position 15, got (
=== RUN   TestGroups/transform/case055
    test_suite_test.go:127: runCase failed: parse failed: expected '.' or operator at position 10, got (
=== RUN   TestGroups/transform/case078
    test_suite_test.go:127: runCase failed: parse failed: expected '.' or operator at position 16, got (
=== RUN   TestGroups/transform/case087
    test_suite_test.go:127: runCase failed: parse failed: expected '.' or operator at position 15, got (
=== RUN   TestGroups/transform/case096
    test_suite_test.go:127: runCase failed: parse failed: expected '.' or operator at position 10, got (
=== RUN   TestGroups/transform/case007
    test_suite_test.go:147: Skipping failed test. Expected: 42, Got: <nil>
=== RUN   TestGroups/transform/case035
    test_suite_test.go:127: runCase failed: parse failed: expected '.' or operator at position 10, got (
=== RUN   TestGroups/transform/case048
    test_suite_test.go:127: runCase failed: parse failed: expected '.' or operator at position 15, got (
=== RUN   TestGroups/transform/case052
    test_suite_test.go:127: runCase failed: parse failed: expected '.' or operator at position 17, got &
=== RUN   TestGroups/transform/case067
    test_suite_test.go:127: runCase failed: parse failed: expected '.' or operator at position 10, got (
=== RUN   TestGroups/transform/case090
    test_suite_test.go:127: runCase failed: parse failed: expected '.' or operator at position 15, got (
=== RUN   TestGroups/transform/case091
    test_suite_test.go:127: runCase failed: parse failed: expected '.' or operator at position 15, got (
=== RUN   TestGroups/transform/case092
    test_suite_test.go:127: runCase failed: parse failed: expected '.' or operator at position 10, got (
=== RUN   TestGroups/transform/case038
    test_suite_test.go:127: runCase failed: parse failed: expected '.' or operator at position 10, got (
=== RUN   TestGroups/transform/case039
    test_suite_test.go:127: runCase failed: parse failed: expected '.' or operator at position 10, got (
=== RUN   TestGroups/transform/case076
    test_suite_test.go:127: runCase failed: parse failed: expected '.' or operator at position 16, got (
=== RUN   TestGroups/transform/case102
=== RUN   TestGroups/transform/case054
    test_suite_test.go:127: runCase failed: parse failed: expected '.' or operator at position 10, got (
=== RUN   TestGroups/transform/case024
    test_suite_test.go:147: Skipping failed test. Expected: "Hello", Got: <nil>
=== RUN   TestGroups/transform/case012
    test_suite_test.go:147: Skipping failed test. Expected: foo, Got: <nil>
=== RUN   TestGroups/transform/case001
    test_suite_test.go:127: runCase failed: parse failed: expected identifier at 0
=== RUN   TestGroups/transform/case032
    test_suite_test.go:127: runCase failed: parse failed: expected identifier at 0
=== RUN   TestGroups/transform/case046
    test_suite_test.go:127: runCase failed: parse failed: expected '.' or operator at position 15, got (
=== RUN   TestGroups/transform/case068
    test_suite_test.go:127: runCase failed: parse failed: expected '.' or operator at position 10, got (
=== RUN   TestGroups/transform/case089
    test_suite_test.go:127: runCase failed: parse failed: expected '.' or operator at position 15, got (
=== RUN   TestGroups/transform/case002
    test_suite_test.go:147: Skipping failed test. Expected: map[output:map[is:map[same:map[as:input]]]], Got: <nil>
=== RUN   TestGroups/transform/case013
    test_suite_test.go:147: Skipping failed test. Expected: 6754322, Got: <nil>
=== RUN   TestGroups/transform/case017
    test_suite_test.go:147: Skipping failed test. Expected: true, Got: <nil>
=== RUN   TestGroups/transform/case022
=== RUN   TestGroups/transform/case028
    test_suite_test.go:127: runCase failed: parse failed: expected '.' or operator at position 10, got (
=== RUN   TestGroups/transform/case029
    test_suite_test.go:127: runCase failed: parse failed: expected '.' or operator at position 10, got (
=== RUN   TestGroups/transform/case044
    test_suite_test.go:127: runCase failed: parse failed: expected '.' or operator at position 16, got (
=== RUN   TestGroups/transform/case056
    test_suite_test.go:127: runCase failed: parse failed: expected '.' or operator at position 10, got (
=== RUN   TestGroups/transform/case003
    test_suite_test.go:147: Skipping failed test. Expected: map[bar:42], Got: <nil>
=== RUN   TestGroups/transform/case014
    test_suite_test.go:147: Skipping failed test. Expected: 0, Got: <nil>
=== RUN   TestGroups/transform/case058
    test_suite_test.go:127: runCase failed: parse failed: expected '.' or operator at position 8, got (
=== RUN   TestGroups/transform/case073
    test_suite_test.go:127: runCase failed: parse failed: expected '.' or operator at position 10, got (
=== RUN   TestGroups/transform/case077
    test_suite_test.go:127: runCase failed: parse failed: expected '.' or operator at position 16, got (
=== RUN   TestGroups/transform/case098
    test_suite_test.go:127: runCase failed: parse failed: expected '.' or operator at position 10, got (
=== RUN   TestGroups/transform/case099
    test_suite_test.go:127: runCase failed: parse failed: expected '.' or operator at position 10, got (
=== RUN   TestGroups/transform/case020
=== RUN   TestGroups/transform/case041
    test_suite_test.go:127: runCase failed: parse failed: expected '.' or operator at position 16, got (
=== RUN   TestGroups/transform/case049
    test_suite_test.go:127: runCase failed: parse failed: expected '.' or operator at position 15, got (
=== RUN   TestGroups/transform/case081
    test_suite_test.go:127: runCase failed: parse failed: expected '.' or operator at position 16, got (
=== RUN   TestGroups/transform/case009
=== RUN   TestGroups/transform/case043
    test_suite_test.go:127: runCase failed: parse failed: expected '.' or operator at position 16, got (
=== RUN   TestGroups/transform/case057
    test_suite_test.go:127: runCase failed: parse failed: expected '.' or operator at position 10, got (
=== RUN   TestGroups/transform/case061
    test_suite_test.go:127: runCase failed: parse failed: expected '.' or operator at position 10, got (
=== RUN   TestGroups/transform/case093
    test_suite_test.go:127: runCase failed: parse failed: expected '.' or operator at position 10, got (
=== RUN   TestGroups/transform/case005
    test_suite_test.go:147: Skipping failed test. Expected: map[mama:45], Got: <nil>
=== RUN   TestGroups/transform/case006
    test_suite_test.go:147: Skipping failed test. Expected: map[wa:hume], Got: <nil>
=== RUN   TestGroups/transform/case008
=== RUN   TestGroups/transform/case072
    test_suite_test.go:127: runCase failed: parse failed: expected '.' or operator at position 10, got (
=== RUN   TestGroups/transform/case086
    test_suite_test.go:127: runCase failed: parse failed: expected '.' or operator at position 15, got (
=== RUN   TestGroups/transform/case095
    test_suite_test.go:127: runCase failed: parse failed: expected '.' or operator at position 10, got (
=== RUN   TestGroups/transform/case100
    test_suite_test.go:127: runCase failed: parse failed: expected '.' or operator at position 10, got (
=== RUN   TestGroups/transform/case010
=== RUN   TestGroups/transform/case045
    test_suite_test.go:127: runCase failed: parse failed: expected '.' or operator at position 16, got (
=== RUN   TestGroups/transform/case047
    test_suite_test.go:127: runCase failed: parse failed: expected '.' or operator at position 15, got (
=== RUN   TestGroups/transform/case051
    test_suite_test.go:127: runCase failed: parse failed: expected '.' or operator at position 10, got (
=== RUN   TestGroups/transform/case053
    test_suite_test.go:127: runCase failed: parse failed: expected '.' or operator at position 10, got (
=== RUN   TestGroups/transform/case059
    test_suite_test.go:127: runCase failed: parse failed: expected '.' or operator at position 8, got (
=== RUN   TestGroups/transform/case062
    test_suite_test.go:127: runCase failed: parse failed: expected '.' or operator at position 10, got (
=== RUN   TestGroups/transform/case070
    test_suite_test.go:127: runCase failed: parse failed: expected '.' or operator at position 10, got (
=== RUN   TestGroups/transform/case066
    test_suite_test.go:127: runCase failed: parse failed: expected '.' or operator at position 10, got (
=== RUN   TestGroups/transform/case071
    test_suite_test.go:127: runCase failed: parse failed: expected '.' or operator at position 10, got (
=== RUN   TestGroups/transform/case075
    test_suite_test.go:127: runCase failed: parse failed: expected '.' or operator at position 10, got (
=== RUN   TestGroups/transform/case080
    test_suite_test.go:127: runCase failed: parse failed: expected '.' or operator at position 16, got (
=== RUN   TestGroups/transform/case085
    test_suite_test.go:127: runCase failed: parse failed: expected '.' or operator at position 15, got (
=== RUN   TestGroups/transform/case101
=== RUN   TestGroups/transform/case103
=== RUN   TestGroups/transform/case016
    test_suite_test.go:147: Skipping failed test. Expected: 6.54, Got: <nil>
=== RUN   TestGroups/transform/case021
=== RUN   TestGroups/transform/case033
    test_suite_test.go:127: runCase failed: parse failed: expected '.' or operator at position 10, got (
=== RUN   TestGroups/transform/case069
    test_suite_test.go:127: runCase failed: parse failed: expected '.' or operator at position 10, got (
=== RUN   TestGroups/transform/case018
    test_suite_test.go:147: Skipping failed test. Expected: false, Got: <nil>
=== RUN   TestGroups/transforms
=== RUN   TestGroups/transforms/case000
    test_suite_test.go:127: runCase failed: parse failed: expected '.' or operator at position 2, got ~
=== RUN   TestGroups/transforms/case002
    test_suite_test.go:127: runCase failed: parse failed: expected '.' or operator at position 2, got ~
=== RUN   TestGroups/transforms/case004
    test_suite_test.go:127: runCase failed: parse failed: expected '.' or operator at position 2, got ~
=== RUN   TestGroups/transforms/case011
    test_suite_test.go:127: runCase failed: parse failed: expected '.' or operator at position 8, got ~
=== RUN   TestGroups/transforms/case003
    test_suite_test.go:127: runCase failed: parse failed: expected '.' or operator at position 2, got ~
=== RUN   TestGroups/transforms/case008
    test_suite_test.go:127: runCase failed: parse failed: expected '.' or operator at position 4, got ~
=== RUN   TestGroups/transforms/case013
    test_suite_test.go:127: runCase failed: parse failed: expected '.' or operator at position 2, got ~
=== RUN   TestGroups/transforms/case014
    test_suite_test.go:127: runCase failed: parse failed: expected '.' or operator at position 2, got ~
=== RUN   TestGroups/transforms/case005
    test_suite_test.go:127: runCase failed: parse failed: expected '.' or operator at position 2, got ~
=== RUN   TestGroups/transforms/case006
    test_suite_test.go:127: runCase failed: parse failed: expected '.' or operator at position 2, got ~
=== RUN   TestGroups/transforms/case009
    test_suite_test.go:127: runCase failed: parse failed: expected '.' or operator at position 8, got ~
=== RUN   TestGroups/transforms/case010
    test_suite_test.go:127: runCase failed: parse failed: expected '.' or operator at position 8, got ~
=== RUN   TestGroups/transforms/case012
    test_suite_test.go:127: runCase failed: parse failed: expected identifier at 0
=== RUN   TestGroups/transforms/case001
    test_suite_test.go:127: runCase failed: parse failed: expected '.' or operator at position 14, got ~
=== RUN   TestGroups/transforms/case007
    test_suite_test.go:127: runCase failed: parse failed: expected '.' or operator at position 8, got ~
=== RUN   TestGroups/variables
=== RUN   TestGroups/variables/case006
    test_suite_test.go:127: runCase failed: parse failed: expected identifier at 0
=== RUN   TestGroups/variables/case012
    test_suite_test.go:127: runCase failed: parse failed: expected identifier at 0
=== RUN   TestGroups/variables/case000
    test_suite_test.go:147: Skipping failed test. Expected: 45, Got: <nil>
=== RUN   TestGroups/variables/case002
    test_suite_test.go:147: Skipping failed test. Expected: 2, Got: <nil>
=== RUN   TestGroups/variables/case005
    test_suite_test.go:127: runCase failed: parse failed: expected '.' or operator at position 3, got :
=== RUN   TestGroups/variables/case007
    test_suite_test.go:127: runCase failed: parse failed: expected identifier at 0
=== RUN   TestGroups/variables/case008
    test_suite_test.go:127: runCase failed: parse failed: expected identifier at 0
=== RUN   TestGroups/variables/case009
    test_suite_test.go:127: runCase failed: parse failed: expected identifier at 0
=== RUN   TestGroups/variables/case010
    test_suite_test.go:127: runCase failed: parse failed: expected identifier at 0
=== RUN   TestGroups/variables/case011
    test_suite_test.go:127: runCase failed: parse failed: expected identifier at 0
=== RUN   TestGroups/variables/case001
    test_suite_test.go:147: Skipping failed test. Expected: 45, Got: <nil>
=== RUN   TestGroups/variables/case003
    test_suite_test.go:147: Skipping failed test. Expected: 42, Got: <nil>
=== RUN   TestGroups/variables/case004
    test_suite_test.go:127: runCase failed: parse failed: expected '.' or operator at position 3, got :
=== RUN   TestGroups/wildcards
=== RUN   TestGroups/wildcards/case004
    test_suite_test.go:127: runCase failed: parse failed: expected identifier at 4
=== RUN   TestGroups/wildcards/case006
    test_suite_test.go:127: runCase failed: parse failed: expected identifier at 0
=== RUN   TestGroups/wildcards/case001
    test_suite_test.go:127: runCase failed: parse failed: expected identifier at 4
=== RUN   TestGroups/wildcards/case005
    test_suite_test.go:127: runCase failed: parse failed: expected identifier at 4
=== RUN   TestGroups/wildcards/case007
    test_suite_test.go:127: runCase failed: parse failed: expected operator after $$
=== RUN   TestGroups/wildcards/case008
    test_suite_test.go:127: runCase failed: parse failed: expected operator after $$
=== RUN   TestGroups/wildcards/case009
    test_suite_test.go:127: runCase failed: parse failed: expected identifier at 0
=== RUN   TestGroups/wildcards/case000
    test_suite_test.go:127: runCase failed: parse failed: expected identifier at 4
=== RUN   TestGroups/wildcards/case002
    test_suite_test.go:127: runCase failed: parse failed: expected identifier at 4
=== RUN   TestGroups/wildcards/case003
    test_suite_test.go:127: runCase failed: parse failed: expected identifier at 4
--- PASS: TestGroups (0.14s)
    --- PASS: TestGroups/array-constructor (0.00s)
        --- SKIP: TestGroups/array-constructor/case002 (0.00s)
        --- SKIP: TestGroups/array-constructor/case004 (0.00s)
        --- SKIP: TestGroups/array-constructor/case005 (0.00s)
        --- SKIP: TestGroups/array-constructor/case008 (0.00s)
        --- SKIP: TestGroups/array-constructor/case012 (0.00s)
        --- SKIP: TestGroups/array-constructor/case014 (0.00s)
        --- SKIP: TestGroups/array-constructor/case016 (0.00s)
        --- SKIP: TestGroups/array-constructor/case017 (0.00s)
        --- SKIP: TestGroups/array-constructor/case001 (0.00s)
        --- SKIP: TestGroups/array-constructor/case007 (0.00s)
        --- SKIP: TestGroups/array-constructor/case013 (0.00s)
        --- SKIP: TestGroups/array-constructor/case019 (0.00s)
        --- SKIP: TestGroups/array-constructor/case000 (0.00s)
        --- SKIP: TestGroups/array-constructor/case009 (0.00s)
        --- SKIP: TestGroups/array-constructor/case010 (0.00s)
        --- SKIP: TestGroups/array-constructor/case020 (0.00s)
        --- SKIP: TestGroups/array-constructor/case003 (0.00s)
        --- SKIP: TestGroups/array-constructor/case006 (0.00s)
        --- SKIP: TestGroups/array-constructor/case011 (0.00s)
        --- SKIP: TestGroups/array-constructor/case015 (0.00s)
        --- SKIP: TestGroups/array-constructor/case018 (0.00s)
    --- PASS: TestGroups/blocks (0.00s)
        --- SKIP: TestGroups/blocks/case000 (0.00s)
        --- SKIP: TestGroups/blocks/case001 (0.00s)
        --- SKIP: TestGroups/blocks/case002 (0.00s)
        --- SKIP: TestGroups/blocks/case003 (0.00s)
        --- SKIP: TestGroups/blocks/case004 (0.00s)
        --- SKIP: TestGroups/blocks/case005 (0.00s)
        --- SKIP: TestGroups/blocks/case006 (0.00s)
    --- PASS: TestGroups/boolean-expresssions (0.00s)
        --- SKIP: TestGroups/boolean-expresssions/case003 (0.00s)
        --- SKIP: TestGroups/boolean-expresssions/case007 (0.00s)
        --- SKIP: TestGroups/boolean-expresssions/case015 (0.00s)
        --- SKIP: TestGroups/boolean-expresssions/case023 (0.00s)
        --- SKIP: TestGroups/boolean-expresssions/case027 (0.00s)
        --- SKIP: TestGroups/boolean-expresssions/case010 (0.00s)
        --- SKIP: TestGroups/boolean-expresssions/case017 (0.00s)
        --- SKIP: TestGroups/boolean-expresssions/case019 (0.00s)
        --- SKIP: TestGroups/boolean-expresssions/case022 (0.00s)
        --- SKIP: TestGroups/boolean-expresssions/case013 (0.00s)
        --- SKIP: TestGroups/boolean-expresssions/case020 (0.00s)
        --- SKIP: TestGroups/boolean-expresssions/case026 (0.00s)
        --- SKIP: TestGroups/boolean-expresssions/case006 (0.00s)
        --- SKIP: TestGroups/boolean-expresssions/case009 (0.00s)
        --- SKIP: TestGroups/boolean-expresssions/case016 (0.00s)
        --- SKIP: TestGroups/boolean-expresssions/case004 (0.00s)
        --- SKIP: TestGroups/boolean-expresssions/case008 (0.00s)
        --- SKIP: TestGroups/boolean-expresssions/case024 (0.00s)
        --- SKIP: TestGroups/boolean-expresssions/case029 (0.00s)
        --- SKIP: TestGroups/boolean-expresssions/case014 (0.00s)
        --- SKIP: TestGroups/boolean-expresssions/case021 (0.00s)
        --- SKIP: TestGroups/boolean-expresssions/case028 (0.00s)
        --- SKIP: TestGroups/boolean-expresssions/case030 (0.00s)
        --- SKIP: TestGroups/boolean-expresssions/case001 (0.00s)
        --- SKIP: TestGroups/boolean-expresssions/case002 (0.00s)
        --- SKIP: TestGroups/boolean-expresssions/case005 (0.00s)
        --- SKIP: TestGroups/boolean-expresssions/case011 (0.00s)
        --- SKIP: TestGroups/boolean-expresssions/case012 (0.00s)
        --- SKIP: TestGroups/boolean-expresssions/case018 (0.00s)
        --- SKIP: TestGroups/boolean-expresssions/case000 (0.00s)
        --- SKIP: TestGroups/boolean-expresssions/case025 (0.00s)
    --- PASS: TestGroups/closures (0.00s)
        --- SKIP: TestGroups/closures/case000 (0.00s)
        --- SKIP: TestGroups/closures/case001 (0.00s)
    --- PASS: TestGroups/coalescing-operator (0.00s)
        --- SKIP: TestGroups/coalescing-operator/case006 (0.00s)
        --- SKIP: TestGroups/coalescing-operator/case008 (0.00s)
        --- SKIP: TestGroups/coalescing-operator/case009 (0.00s)
        --- SKIP: TestGroups/coalescing-operator/case003 (0.00s)
        --- SKIP: TestGroups/coalescing-operator/case005 (0.00s)
        --- SKIP: TestGroups/coalescing-operator/case007 (0.00s)
        --- SKIP: TestGroups/coalescing-operator/case010 (0.00s)
        --- SKIP: TestGroups/coalescing-operator/case011 (0.00s)
        --- SKIP: TestGroups/coalescing-operator/case012 (0.00s)
        --- SKIP: TestGroups/coalescing-operator/case000 (0.00s)
        --- SKIP: TestGroups/coalescing-operator/case001 (0.00s)
        --- SKIP: TestGroups/coalescing-operator/case002 (0.00s)
        --- SKIP: TestGroups/coalescing-operator/case004 (0.00s)
    --- PASS: TestGroups/comments (0.00s)
        --- SKIP: TestGroups/comments/case000 (0.00s)
        --- SKIP: TestGroups/comments/case001 (0.00s)
        --- SKIP: TestGroups/comments/case002 (0.00s)
        --- SKIP: TestGroups/comments/case003 (0.00s)
    --- PASS: TestGroups/comparison-operators (0.00s)
        --- SKIP: TestGroups/comparison-operators/case010 (0.00s)
        --- SKIP: TestGroups/comparison-operators/case015 (0.00s)
        --- SKIP: TestGroups/comparison-operators/case020 (0.00s)
        --- SKIP: TestGroups/comparison-operators/case021 (0.00s)
        --- SKIP: TestGroups/comparison-operators/case024 (0.00s)
        --- SKIP: TestGroups/comparison-operators/case028 (0.00s)
        --- SKIP: TestGroups/comparison-operators/case003 (0.00s)
        --- SKIP: TestGroups/comparison-operators/case017 (0.00s)
        --- SKIP: TestGroups/comparison-operators/case006 (0.00s)
        --- SKIP: TestGroups/comparison-operators/case008 (0.00s)
        --- SKIP: TestGroups/comparison-operators/case009 (0.00s)
        --- SKIP: TestGroups/comparison-operators/case025 (0.00s)
        --- SKIP: TestGroups/comparison-operators/case000 (0.00s)
        --- SKIP: TestGroups/comparison-operators/case004 (0.00s)
        --- SKIP: TestGroups/comparison-operators/case007 (0.00s)
        --- SKIP: TestGroups/comparison-operators/case012 (0.00s)
        --- SKIP: TestGroups/comparison-operators/case019 (0.00s)
        --- SKIP: TestGroups/comparison-operators/case022 (0.00s)
        --- SKIP: TestGroups/comparison-operators/case027 (0.00s)
        --- SKIP: TestGroups/comparison-operators/case014 (0.00s)
        --- SKIP: TestGroups/comparison-operators/case018 (0.00s)
        --- SKIP: TestGroups/comparison-operators/case011 (0.00s)
        --- SKIP: TestGroups/comparison-operators/case013 (0.00s)
        --- SKIP: TestGroups/comparison-operators/case016 (0.00s)
        --- SKIP: TestGroups/comparison-operators/case023 (0.00s)
        --- SKIP: TestGroups/comparison-operators/case026 (0.00s)
        --- SKIP: TestGroups/comparison-operators/case001 (0.00s)
        --- SKIP: TestGroups/comparison-operators/case002 (0.00s)
        --- SKIP: TestGroups/comparison-operators/case005 (0.00s)
    --- PASS: TestGroups/conditionals (0.00s)
        --- SKIP: TestGroups/conditionals/case005 (0.00s)
        --- SKIP: TestGroups/conditionals/case007 (0.00s)
        --- SKIP: TestGroups/conditionals/case000 (0.00s)
        --- SKIP: TestGroups/conditionals/case003 (0.00s)
        --- SKIP: TestGroups/conditionals/case006 (0.00s)
        --- SKIP: TestGroups/conditionals/case008 (0.00s)
        --- SKIP: TestGroups/conditionals/case001 (0.00s)
        --- SKIP: TestGroups/conditionals/case002 (0.00s)
        --- SKIP: TestGroups/conditionals/case004 (0.00s)
    --- PASS: TestGroups/context (0.00s)
        --- SKIP: TestGroups/context/case000 (0.00s)
        --- SKIP: TestGroups/context/case001 (0.00s)
        --- SKIP: TestGroups/context/case002 (0.00s)
        --- SKIP: TestGroups/context/case003 (0.00s)
    --- PASS: TestGroups/default-operator (0.00s)
        --- SKIP: TestGroups/default-operator/case009 (0.00s)
        --- SKIP: TestGroups/default-operator/case010 (0.00s)
        --- SKIP: TestGroups/default-operator/case012 (0.00s)
        --- SKIP: TestGroups/default-operator/case013 (0.00s)
        --- SKIP: TestGroups/default-operator/case004 (0.00s)
        --- SKIP: TestGroups/default-operator/case005 (0.00s)
        --- SKIP: TestGroups/default-operator/case006 (0.00s)
        --- SKIP: TestGroups/default-operator/case007 (0.00s)
        --- SKIP: TestGroups/default-operator/case008 (0.00s)
        --- SKIP: TestGroups/default-operator/case011 (0.00s)
        --- SKIP: TestGroups/default-operator/case000 (0.00s)
        --- SKIP: TestGroups/default-operator/case001 (0.00s)
        --- SKIP: TestGroups/default-operator/case002 (0.00s)
        --- SKIP: TestGroups/default-operator/case003 (0.00s)
    --- PASS: TestGroups/descendent-operator (0.00s)
        --- SKIP: TestGroups/descendent-operator/case004 (0.00s)
        --- SKIP: TestGroups/descendent-operator/case007 (0.00s)
        --- SKIP: TestGroups/descendent-operator/case011 (0.00s)
        --- SKIP: TestGroups/descendent-operator/case005 (0.00s)
        --- SKIP: TestGroups/descendent-operator/case010 (0.00s)
        --- SKIP: TestGroups/descendent-operator/case016 (0.00s)
        --- SKIP: TestGroups/descendent-operator/case003 (0.00s)
        --- SKIP: TestGroups/descendent-operator/case008 (0.00s)
        --- SKIP: TestGroups/descendent-operator/case009 (0.00s)
        --- SKIP: TestGroups/descendent-operator/case014 (0.00s)
        --- SKIP: TestGroups/descendent-operator/case015 (0.00s)
        --- SKIP: TestGroups/descendent-operator/case001 (0.00s)
        --- SKIP: TestGroups/descendent-operator/case002 (0.00s)
        --- SKIP: TestGroups/descendent-operator/case006 (0.00s)
        --- SKIP: TestGroups/descendent-operator/case012 (0.00s)
        --- SKIP: TestGroups/descendent-operator/case013 (0.00s)
        --- SKIP: TestGroups/descendent-operator/case000 (0.00s)
    --- PASS: TestGroups/encoding (0.00s)
        --- SKIP: TestGroups/encoding/case000 (0.00s)
        --- SKIP: TestGroups/encoding/case001 (0.00s)
        --- SKIP: TestGroups/encoding/case002 (0.00s)
        --- SKIP: TestGroups/encoding/case003 (0.00s)
    --- PASS: TestGroups/errors (0.00s)
        --- SKIP: TestGroups/errors/case024 (0.00s)
        --- SKIP: TestGroups/errors/case001 (0.00s)
        --- SKIP: TestGroups/errors/case002 (0.00s)
        --- SKIP: TestGroups/errors/case003 (0.00s)
        --- SKIP: TestGroups/errors/case009 (0.00s)
        --- SKIP: TestGroups/errors/case012 (0.00s)
        --- SKIP: TestGroups/errors/case014 (0.00s)
        --- SKIP: TestGroups/errors/case015 (0.00s)
        --- SKIP: TestGroups/errors/case016 (0.00s)
        --- SKIP: TestGroups/errors/case006 (0.00s)
        --- SKIP: TestGroups/errors/case008 (0.00s)
        --- SKIP: TestGroups/errors/case011 (0.00s)
        --- SKIP: TestGroups/errors/case017 (0.00s)
        --- SKIP: TestGroups/errors/case022 (0.00s)
        --- SKIP: TestGroups/errors/case023 (0.00s)
        --- SKIP: TestGroups/errors/case025 (0.00s)
        --- SKIP: TestGroups/errors/case026 (0.00s)
        --- SKIP: TestGroups/errors/case000 (0.00s)
        --- SKIP: TestGroups/errors/case004 (0.00s)
        --- SKIP: TestGroups/errors/case007 (0.00s)
        --- SKIP: TestGroups/errors/case018 (0.00s)
        --- SKIP: TestGroups/errors/case019 (0.00s)
        --- SKIP: TestGroups/errors/case005 (0.00s)
        --- SKIP: TestGroups/errors/case010 (0.00s)
        --- SKIP: TestGroups/errors/case013 (0.00s)
        --- SKIP: TestGroups/errors/case020 (0.00s)
        --- SKIP: TestGroups/errors/case021 (0.00s)
    --- PASS: TestGroups/fields (0.00s)
        --- SKIP: TestGroups/fields/case002 (0.00s)
        --- SKIP: TestGroups/fields/case003 (0.00s)
        --- SKIP: TestGroups/fields/case004 (0.00s)
        --- PASS: TestGroups/fields/case005 (0.00s)
        --- SKIP: TestGroups/fields/case006 (0.00s)
        --- SKIP: TestGroups/fields/case007 (0.00s)
        --- PASS: TestGroups/fields/case000 (0.00s)
        --- PASS: TestGroups/fields/case001 (0.00s)
    --- PASS: TestGroups/flattening (0.00s)
        --- SKIP: TestGroups/flattening/case012 (0.00s)
        --- SKIP: TestGroups/flattening/case015 (0.00s)
        --- SKIP: TestGroups/flattening/case020 (0.00s)
        --- SKIP: TestGroups/flattening/case021 (0.00s)
        --- SKIP: TestGroups/flattening/case022 (0.00s)
        --- SKIP: TestGroups/flattening/case025 (0.00s)
        --- SKIP: TestGroups/flattening/case039 (0.00s)
        --- SKIP: TestGroups/flattening/case045 (0.00s)
        --- SKIP: TestGroups/flattening/case019 (0.00s)
        --- SKIP: TestGroups/flattening/case023 (0.00s)
        --- SKIP: TestGroups/flattening/case028 (0.00s)
        --- SKIP: TestGroups/flattening/case037 (0.00s)
        --- SKIP: TestGroups/flattening/case000 (0.00s)
        --- SKIP: TestGroups/flattening/case006 (0.00s)
        --- SKIP: TestGroups/flattening/case031 (0.00s)
        --- SKIP: TestGroups/flattening/case034a (0.00s)
        --- SKIP: TestGroups/flattening/case024 (0.00s)
        --- SKIP: TestGroups/flattening/case005 (0.00s)
        --- SKIP: TestGroups/flattening/case009 (0.00s)
        --- SKIP: TestGroups/flattening/case010 (0.00s)
        --- SKIP: TestGroups/flattening/case011 (0.00s)
        --- SKIP: TestGroups/flattening/case014 (0.00s)
        --- SKIP: TestGroups/flattening/case018 (0.00s)
        --- SKIP: TestGroups/flattening/case036 (0.00s)
        --- SKIP: TestGroups/flattening/case002 (0.00s)
        --- SKIP: TestGroups/flattening/case008 (0.00s)
        --- SKIP: TestGroups/flattening/case026 (0.00s)
        --- SKIP: TestGroups/flattening/case035 (0.00s)
        --- SKIP: TestGroups/flattening/case038 (0.00s)
        --- SKIP: TestGroups/flattening/case043 (0.00s)
        --- SKIP: TestGroups/flattening/case044 (0.00s)
        --- SKIP: TestGroups/flattening/case001 (0.00s)
        --- SKIP: TestGroups/flattening/case013 (0.00s)
        --- SKIP: TestGroups/flattening/case032 (0.00s)
        --- SKIP: TestGroups/flattening/case042 (0.00s)
        --- SKIP: TestGroups/flattening/case003 (0.00s)
        --- SKIP: TestGroups/flattening/case004 (0.00s)
        --- SKIP: TestGroups/flattening/case016 (0.00s)
        --- SKIP: TestGroups/flattening/case029 (0.00s)
        --- SKIP: TestGroups/flattening/case030 (0.00s)
        --- SKIP: TestGroups/flattening/case033 (0.00s)
        --- SKIP: TestGroups/flattening/case027 (0.00s)
        --- SKIP: TestGroups/flattening/case007 (0.00s)
        --- SKIP: TestGroups/flattening/case017 (0.00s)
        --- SKIP: TestGroups/flattening/case034 (0.00s)
        --- SKIP: TestGroups/flattening/case040 (0.00s)
        --- SKIP: TestGroups/flattening/case041 (0.00s)
    --- PASS: TestGroups/function-abs (0.00s)
        --- SKIP: TestGroups/function-abs/case000 (0.00s)
        --- SKIP: TestGroups/function-abs/case001 (0.00s)
        --- SKIP: TestGroups/function-abs/case002 (0.00s)
        --- SKIP: TestGroups/function-abs/case003 (0.00s)
    --- PASS: TestGroups/function-append (0.00s)
        --- SKIP: TestGroups/function-append/case000 (0.00s)
        --- SKIP: TestGroups/function-append/case001 (0.00s)
        --- SKIP: TestGroups/function-append/case002 (0.00s)
        --- SKIP: TestGroups/function-append/case003 (0.00s)
        --- SKIP: TestGroups/function-append/case004 (0.00s)
        --- SKIP: TestGroups/function-append/case005 (0.00s)
    --- PASS: TestGroups/function-applications (0.00s)
        --- SKIP: TestGroups/function-applications/case012 (0.00s)
        --- SKIP: TestGroups/function-applications/case000 (0.00s)
        --- SKIP: TestGroups/function-applications/case002 (0.00s)
        --- SKIP: TestGroups/function-applications/case005 (0.00s)
        --- SKIP: TestGroups/function-applications/case008 (0.00s)
        --- SKIP: TestGroups/function-applications/case009 (0.00s)
        --- SKIP: TestGroups/function-applications/case011 (0.00s)
        --- SKIP: TestGroups/function-applications/case014 (0.00s)
        --- SKIP: TestGroups/function-applications/case015 (0.00s)
        --- SKIP: TestGroups/function-applications/case018 (0.00s)
        --- SKIP: TestGroups/function-applications/case019 (0.00s)
        --- SKIP: TestGroups/function-applications/case021 (0.00s)
        --- SKIP: TestGroups/function-applications/case013 (0.00s)
        --- SKIP: TestGroups/function-applications/case003 (0.00s)
        --- SKIP: TestGroups/function-applications/case004 (0.00s)
        --- SKIP: TestGroups/function-applications/case006 (0.00s)
        --- SKIP: TestGroups/function-applications/case007 (0.00s)
        --- SKIP: TestGroups/function-applications/case010 (0.00s)
        --- SKIP: TestGroups/function-applications/case016 (0.00s)
        --- SKIP: TestGroups/function-applications/case017 (0.00s)
        --- SKIP: TestGroups/function-applications/case001 (0.00s)
        --- SKIP: TestGroups/function-applications/case020 (0.00s)
    --- PASS: TestGroups/function-assert (0.00s)
        --- SKIP: TestGroups/function-assert/case003 (0.00s)
        --- SKIP: TestGroups/function-assert/case004 (0.00s)
        --- SKIP: TestGroups/function-assert/case005 (0.00s)
        --- SKIP: TestGroups/function-assert/case006 (0.00s)
        --- SKIP: TestGroups/function-assert/case007 (0.00s)
        --- SKIP: TestGroups/function-assert/case000 (0.00s)
        --- SKIP: TestGroups/function-assert/case001 (0.00s)
        --- SKIP: TestGroups/function-assert/case002 (0.00s)
    --- PASS: TestGroups/function-average (0.00s)
        --- SKIP: TestGroups/function-average/case007 (0.00s)
        --- SKIP: TestGroups/function-average/case008 (0.00s)
        --- SKIP: TestGroups/function-average/case012 (0.00s)
        --- SKIP: TestGroups/function-average/case004 (0.00s)
        --- SKIP: TestGroups/function-average/case006 (0.00s)
        --- SKIP: TestGroups/function-average/case009 (0.00s)
        --- SKIP: TestGroups/function-average/case010 (0.00s)
        --- SKIP: TestGroups/function-average/case011 (0.00s)
        --- SKIP: TestGroups/function-average/case000 (0.00s)
        --- SKIP: TestGroups/function-average/case001 (0.00s)
        --- SKIP: TestGroups/function-average/case002 (0.00s)
        --- SKIP: TestGroups/function-average/case003 (0.00s)
        --- SKIP: TestGroups/function-average/case005 (0.00s)
    --- PASS: TestGroups/function-boolean (0.00s)
        --- SKIP: TestGroups/function-boolean/case022 (0.00s)
        --- SKIP: TestGroups/function-boolean/case005 (0.00s)
        --- SKIP: TestGroups/function-boolean/case013 (0.00s)
        --- SKIP: TestGroups/function-boolean/case014 (0.00s)
        --- SKIP: TestGroups/function-boolean/case016 (0.00s)
        --- SKIP: TestGroups/function-boolean/case019 (0.00s)
        --- SKIP: TestGroups/function-boolean/case023 (0.00s)
        --- SKIP: TestGroups/function-boolean/case011 (0.00s)
        --- SKIP: TestGroups/function-boolean/case000 (0.00s)
        --- SKIP: TestGroups/function-boolean/case001 (0.00s)
        --- SKIP: TestGroups/function-boolean/case002 (0.00s)
        --- SKIP: TestGroups/function-boolean/case009 (0.00s)
        --- SKIP: TestGroups/function-boolean/case010 (0.00s)
        --- SKIP: TestGroups/function-boolean/case017 (0.00s)
        --- SKIP: TestGroups/function-boolean/case006 (0.00s)
        --- SKIP: TestGroups/function-boolean/case008 (0.00s)
        --- SKIP: TestGroups/function-boolean/case018 (0.00s)
        --- SKIP: TestGroups/function-boolean/case020 (0.00s)
        --- SKIP: TestGroups/function-boolean/case012 (0.00s)
        --- SKIP: TestGroups/function-boolean/case003 (0.00s)
        --- SKIP: TestGroups/function-boolean/case004 (0.00s)
        --- SKIP: TestGroups/function-boolean/case007 (0.00s)
        --- SKIP: TestGroups/function-boolean/case015 (0.00s)
        --- SKIP: TestGroups/function-boolean/case021 (0.00s)
    --- PASS: TestGroups/function-ceil (0.00s)
        --- SKIP: TestGroups/function-ceil/case001 (0.00s)
        --- SKIP: TestGroups/function-ceil/case002 (0.00s)
        --- SKIP: TestGroups/function-ceil/case003 (0.00s)
        --- SKIP: TestGroups/function-ceil/case000 (0.00s)
    --- PASS: TestGroups/function-contains (0.00s)
        --- SKIP: TestGroups/function-contains/case000 (0.00s)
        --- SKIP: TestGroups/function-contains/case001 (0.00s)
        --- SKIP: TestGroups/function-contains/case002 (0.00s)
        --- SKIP: TestGroups/function-contains/case003 (0.00s)
        --- SKIP: TestGroups/function-contains/case004 (0.00s)
        --- SKIP: TestGroups/function-contains/case005 (0.00s)
        --- SKIP: TestGroups/function-contains/case006 (0.00s)
    --- PASS: TestGroups/function-count (0.00s)
        --- SKIP: TestGroups/function-count/case009 (0.00s)
        --- SKIP: TestGroups/function-count/case011 (0.00s)
        --- SKIP: TestGroups/function-count/case013 (0.00s)
        --- SKIP: TestGroups/function-count/case000 (0.00s)
        --- SKIP: TestGroups/function-count/case005 (0.00s)
        --- SKIP: TestGroups/function-count/case006 (0.00s)
        --- SKIP: TestGroups/function-count/case007 (0.00s)
        --- SKIP: TestGroups/function-count/case010 (0.00s)
        --- SKIP: TestGroups/function-count/case012 (0.00s)
        --- SKIP: TestGroups/function-count/case001 (0.00s)
        --- SKIP: TestGroups/function-count/case002 (0.00s)
        --- SKIP: TestGroups/function-count/case003 (0.00s)
        --- SKIP: TestGroups/function-count/case004 (0.00s)
        --- SKIP: TestGroups/function-count/case008 (0.00s)
    --- PASS: TestGroups/function-decodeUrl (0.00s)
        --- SKIP: TestGroups/function-decodeUrl/case000 (0.00s)
        --- SKIP: TestGroups/function-decodeUrl/case001 (0.00s)
        --- SKIP: TestGroups/function-decodeUrl/case002 (0.00s)
    --- PASS: TestGroups/function-decodeUrlComponent (0.00s)
        --- SKIP: TestGroups/function-decodeUrlComponent/case002 (0.00s)
        --- SKIP: TestGroups/function-decodeUrlComponent/case000 (0.00s)
        --- SKIP: TestGroups/function-decodeUrlComponent/case001 (0.00s)
    --- PASS: TestGroups/function-each (0.00s)
        --- SKIP: TestGroups/function-each/case000 (0.00s)
        --- SKIP: TestGroups/function-each/case001 (0.00s)
        --- SKIP: TestGroups/function-each/case002 (0.00s)
    --- PASS: TestGroups/function-encodeUrl (0.00s)
        --- SKIP: TestGroups/function-encodeUrl/case002 (0.00s)
        --- SKIP: TestGroups/function-encodeUrl/case000 (0.00s)
        --- SKIP: TestGroups/function-encodeUrl/case001 (0.00s)
    --- PASS: TestGroups/function-encodeUrlComponent (0.00s)
        --- SKIP: TestGroups/function-encodeUrlComponent/case000 (0.00s)
        --- SKIP: TestGroups/function-encodeUrlComponent/case001 (0.00s)
        --- SKIP: TestGroups/function-encodeUrlComponent/case002 (0.00s)
    --- PASS: TestGroups/function-error (0.00s)
        --- SKIP: TestGroups/function-error/case005 (0.00s)
        --- SKIP: TestGroups/function-error/case007 (0.00s)
        --- SKIP: TestGroups/function-error/case008 (0.00s)
        --- SKIP: TestGroups/function-error/case010 (0.00s)
        --- SKIP: TestGroups/function-error/case001 (0.00s)
        --- SKIP: TestGroups/function-error/case002 (0.00s)
        --- SKIP: TestGroups/function-error/case003 (0.00s)
        --- SKIP: TestGroups/function-error/case004 (0.00s)
        --- SKIP: TestGroups/function-error/case006 (0.00s)
        --- SKIP: TestGroups/function-error/case009 (0.00s)
        --- SKIP: TestGroups/function-error/case000 (0.00s)
    --- PASS: TestGroups/function-eval (0.00s)
        --- SKIP: TestGroups/function-eval/case007 (0.00s)
        --- SKIP: TestGroups/function-eval/case000 (0.00s)
        --- SKIP: TestGroups/function-eval/case001 (0.00s)
        --- SKIP: TestGroups/function-eval/case002 (0.00s)
        --- SKIP: TestGroups/function-eval/case003 (0.00s)
        --- SKIP: TestGroups/function-eval/case004 (0.00s)
        --- SKIP: TestGroups/function-eval/case005 (0.00s)
        --- SKIP: TestGroups/function-eval/case006 (0.00s)
    --- PASS: TestGroups/function-exists (0.00s)
        --- SKIP: TestGroups/function-exists/case001 (0.00s)
        --- SKIP: TestGroups/function-exists/case003 (0.00s)
        --- SKIP: TestGroups/function-exists/case006 (0.00s)
        --- SKIP: TestGroups/function-exists/case009 (0.00s)
        --- SKIP: TestGroups/function-exists/case011 (0.00s)
        --- SKIP: TestGroups/function-exists/case012 (0.00s)
        --- SKIP: TestGroups/function-exists/case014 (0.00s)
        --- SKIP: TestGroups/function-exists/case019 (0.00s)
        --- SKIP: TestGroups/function-exists/case000 (0.00s)
        --- SKIP: TestGroups/function-exists/case007 (0.00s)
        --- SKIP: TestGroups/function-exists/case010 (0.00s)
        --- SKIP: TestGroups/function-exists/case020 (0.00s)
        --- SKIP: TestGroups/function-exists/case023 (0.00s)
        --- SKIP: TestGroups/function-exists/case024 (0.00s)
        --- SKIP: TestGroups/function-exists/case013 (0.00s)
        --- SKIP: TestGroups/function-exists/case002 (0.00s)
        --- SKIP: TestGroups/function-exists/case008 (0.00s)
        --- SKIP: TestGroups/function-exists/case015 (0.00s)
        --- SKIP: TestGroups/function-exists/case016 (0.00s)
        --- SKIP: TestGroups/function-exists/case022 (0.00s)
        --- SKIP: TestGroups/function-exists/case004 (0.00s)
        --- SKIP: TestGroups/function-exists/case005 (0.00s)
        --- SKIP: TestGroups/function-exists/case017 (0.00s)
        --- SKIP: TestGroups/function-exists/case018 (0.00s)
        --- SKIP: TestGroups/function-exists/case021 (0.00s)
    --- PASS: TestGroups/function-floor (0.00s)
        --- SKIP: TestGroups/function-floor/case001 (0.00s)
        --- SKIP: TestGroups/function-floor/case002 (0.00s)
        --- SKIP: TestGroups/function-floor/case003 (0.00s)
        --- SKIP: TestGroups/function-floor/case000 (0.00s)
    --- PASS: TestGroups/function-formatBase (0.00s)
        --- SKIP: TestGroups/function-formatBase/case001 (0.00s)
        --- SKIP: TestGroups/function-formatBase/case004 (0.00s)
        --- SKIP: TestGroups/function-formatBase/case006 (0.00s)
        --- SKIP: TestGroups/function-formatBase/case002 (0.00s)
        --- SKIP: TestGroups/function-formatBase/case003 (0.00s)
        --- SKIP: TestGroups/function-formatBase/case005 (0.00s)
        --- SKIP: TestGroups/function-formatBase/case007 (0.00s)
        --- SKIP: TestGroups/function-formatBase/case008 (0.00s)
        --- SKIP: TestGroups/function-formatBase/case000 (0.00s)
    --- PASS: TestGroups/function-formatNumber (0.00s)
        --- SKIP: TestGroups/function-formatNumber/case024 (0.00s)
        --- SKIP: TestGroups/function-formatNumber/case031 (0.00s)
        --- SKIP: TestGroups/function-formatNumber/case032 (0.00s)
        --- SKIP: TestGroups/function-formatNumber/case033 (0.00s)
        --- SKIP: TestGroups/function-formatNumber/case025 (0.00s)
        --- SKIP: TestGroups/function-formatNumber/case010 (0.00s)
        --- SKIP: TestGroups/function-formatNumber/case017 (0.00s)
        --- SKIP: TestGroups/function-formatNumber/case019 (0.00s)
        --- SKIP: TestGroups/function-formatNumber/case021 (0.00s)
        --- SKIP: TestGroups/function-formatNumber/case004 (0.00s)
        --- SKIP: TestGroups/function-formatNumber/case012 (0.00s)
        --- SKIP: TestGroups/function-formatNumber/case016 (0.00s)
        --- SKIP: TestGroups/function-formatNumber/case023 (0.00s)
        --- SKIP: TestGroups/function-formatNumber/case034 (0.00s)
        --- SKIP: TestGroups/function-formatNumber/case009 (0.00s)
        --- SKIP: TestGroups/function-formatNumber/case036 (0.00s)
        --- SKIP: TestGroups/function-formatNumber/case006 (0.00s)
        --- SKIP: TestGroups/function-formatNumber/case008 (0.00s)
        --- SKIP: TestGroups/function-formatNumber/case029 (0.00s)
        --- SKIP: TestGroups/function-formatNumber/case035 (0.00s)
        --- SKIP: TestGroups/function-formatNumber/case026 (0.00s)
        --- SKIP: TestGroups/function-formatNumber/case000 (0.00s)
        --- SKIP: TestGroups/function-formatNumber/case007 (0.00s)
        --- SKIP: TestGroups/function-formatNumber/case011 (0.00s)
        --- SKIP: TestGroups/function-formatNumber/case013 (0.00s)
        --- SKIP: TestGroups/function-formatNumber/case014 (0.00s)
        --- SKIP: TestGroups/function-formatNumber/case015 (0.00s)
        --- SKIP: TestGroups/function-formatNumber/case020 (0.00s)
        --- SKIP: TestGroups/function-formatNumber/case022 (0.00s)
        --- SKIP: TestGroups/function-formatNumber/case030 (0.00s)
        --- SKIP: TestGroups/function-formatNumber/case001 (0.00s)
        --- SKIP: TestGroups/function-formatNumber/case003 (0.00s)
        --- SKIP: TestGroups/function-formatNumber/case027 (0.00s)
        --- SKIP: TestGroups/function-formatNumber/case028 (0.00s)
        --- SKIP: TestGroups/function-formatNumber/case002 (0.00s)
        --- SKIP: TestGroups/function-formatNumber/case005 (0.00s)
        --- SKIP: TestGroups/function-formatNumber/case018 (0.00s)
    --- PASS: TestGroups/function-fromMillis (0.00s)
        --- SKIP: TestGroups/function-fromMillis/case000 (0.00s)
        --- SKIP: TestGroups/function-fromMillis/case001 (0.00s)
        --- SKIP: TestGroups/function-fromMillis/case002 (0.00s)
    --- PASS: TestGroups/function-join (0.00s)
        --- SKIP: TestGroups/function-join/case003 (0.00s)
        --- SKIP: TestGroups/function-join/case008 (0.00s)
        --- SKIP: TestGroups/function-join/case009 (0.00s)
        --- SKIP: TestGroups/function-join/case010 (0.00s)
        --- SKIP: TestGroups/function-join/case011 (0.00s)
        --- SKIP: TestGroups/function-join/case000 (0.00s)
        --- SKIP: TestGroups/function-join/case001 (0.00s)
        --- SKIP: TestGroups/function-join/case002 (0.00s)
        --- SKIP: TestGroups/function-join/case004 (0.00s)
        --- SKIP: TestGroups/function-join/case005 (0.00s)
        --- SKIP: TestGroups/function-join/case006 (0.00s)
        --- SKIP: TestGroups/function-join/case007 (0.00s)
    --- PASS: TestGroups/function-keys (0.00s)
        --- SKIP: TestGroups/function-keys/case004 (0.00s)
        --- SKIP: TestGroups/function-keys/case005 (0.00s)
        --- SKIP: TestGroups/function-keys/case006 (0.00s)
        --- SKIP: TestGroups/function-keys/case000 (0.00s)
        --- SKIP: TestGroups/function-keys/case001 (0.00s)
        --- SKIP: TestGroups/function-keys/case002 (0.00s)
        --- SKIP: TestGroups/function-keys/case003 (0.00s)
    --- PASS: TestGroups/function-length (0.01s)
        --- SKIP: TestGroups/function-length/case006 (0.00s)
        --- SKIP: TestGroups/function-length/case014 (0.00s)
        --- SKIP: TestGroups/function-length/case015 (0.00s)
        --- SKIP: TestGroups/function-length/case016 (0.00s)
        --- SKIP: TestGroups/function-length/case002 (0.00s)
        --- SKIP: TestGroups/function-length/case009 (0.00s)
        --- SKIP: TestGroups/function-length/case011 (0.00s)
        --- SKIP: TestGroups/function-length/case008 (0.00s)
        --- SKIP: TestGroups/function-length/case013 (0.00s)
        --- SKIP: TestGroups/function-length/case012 (0.00s)
        --- SKIP: TestGroups/function-length/case003 (0.00s)
        --- SKIP: TestGroups/function-length/case004 (0.00s)
        --- SKIP: TestGroups/function-length/case005 (0.00s)
        --- SKIP: TestGroups/function-length/case007 (0.00s)
        --- SKIP: TestGroups/function-length/case010 (0.00s)
        --- SKIP: TestGroups/function-length/case000 (0.00s)
        --- SKIP: TestGroups/function-length/case001 (0.00s)
    --- PASS: TestGroups/function-lookup (0.00s)
        --- SKIP: TestGroups/function-lookup/case000 (0.00s)
        --- SKIP: TestGroups/function-lookup/case001 (0.00s)
        --- SKIP: TestGroups/function-lookup/case002 (0.00s)
        --- SKIP: TestGroups/function-lookup/case003 (0.00s)
    --- PASS: TestGroups/function-lowercase (0.00s)
        --- SKIP: TestGroups/function-lowercase/case000 (0.00s)
        --- SKIP: TestGroups/function-lowercase/case001 (0.00s)
    --- PASS: TestGroups/function-max (0.00s)
        --- SKIP: TestGroups/function-max/case019 (0.00s)
        --- SKIP: TestGroups/function-max/case021 (0.00s)
        --- SKIP: TestGroups/function-max/case006 (0.00s)
        --- SKIP: TestGroups/function-max/case007 (0.00s)
        --- SKIP: TestGroups/function-max/case008 (0.00s)
        --- SKIP: TestGroups/function-max/case011 (0.00s)
        --- SKIP: TestGroups/function-max/case014 (0.00s)
        --- SKIP: TestGroups/function-max/case020 (0.00s)
        --- SKIP: TestGroups/function-max/case022 (0.00s)
        --- SKIP: TestGroups/function-max/case023 (0.00s)
        --- SKIP: TestGroups/function-max/case000 (0.00s)
        --- SKIP: TestGroups/function-max/case003 (0.00s)
        --- SKIP: TestGroups/function-max/case012 (0.00s)
        --- SKIP: TestGroups/function-max/case025 (0.00s)
        --- SKIP: TestGroups/function-max/case002 (0.00s)
        --- SKIP: TestGroups/function-max/case005 (0.00s)
        --- SKIP: TestGroups/function-max/case009 (0.00s)
        --- SKIP: TestGroups/function-max/case013 (0.00s)
        --- SKIP: TestGroups/function-max/case018 (0.00s)
        --- SKIP: TestGroups/function-max/case024 (0.00s)
        --- SKIP: TestGroups/function-max/case026 (0.00s)
        --- SKIP: TestGroups/function-max/case001 (0.00s)
        --- SKIP: TestGroups/function-max/case004 (0.00s)
        --- SKIP: TestGroups/function-max/case010 (0.00s)
        --- SKIP: TestGroups/function-max/case015 (0.00s)
        --- SKIP: TestGroups/function-max/case016 (0.00s)
        --- SKIP: TestGroups/function-max/case017 (0.00s)
    --- PASS: TestGroups/function-merge (0.00s)
        --- SKIP: TestGroups/function-merge/case000 (0.00s)
        --- SKIP: TestGroups/function-merge/case001 (0.00s)
        --- SKIP: TestGroups/function-merge/case002 (0.00s)
        --- SKIP: TestGroups/function-merge/case003 (0.00s)
        --- SKIP: TestGroups/function-merge/case004 (0.00s)
    --- PASS: TestGroups/function-number (0.00s)
        --- SKIP: TestGroups/function-number/case007 (0.00s)
        --- SKIP: TestGroups/function-number/case008 (0.00s)
        --- SKIP: TestGroups/function-number/case004 (0.00s)
        --- SKIP: TestGroups/function-number/case017 (0.00s)
        --- SKIP: TestGroups/function-number/case019 (0.00s)
        --- SKIP: TestGroups/function-number/case024 (0.00s)
        --- SKIP: TestGroups/function-number/case030 (0.00s)
        --- SKIP: TestGroups/function-number/case000 (0.00s)
        --- SKIP: TestGroups/function-number/case006 (0.00s)
        --- SKIP: TestGroups/function-number/case010 (0.00s)
        --- SKIP: TestGroups/function-number/case032 (0.00s)
        --- SKIP: TestGroups/function-number/case002 (0.00s)
        --- SKIP: TestGroups/function-number/case003 (0.00s)
        --- SKIP: TestGroups/function-number/case009 (0.00s)
        --- SKIP: TestGroups/function-number/case011 (0.00s)
        --- SKIP: TestGroups/function-number/case012 (0.00s)
        --- SKIP: TestGroups/function-number/case018 (0.00s)
        --- SKIP: TestGroups/function-number/case020 (0.00s)
        --- SKIP: TestGroups/function-number/case022 (0.00s)
        --- SKIP: TestGroups/function-number/case023 (0.00s)
        --- SKIP: TestGroups/function-number/case026 (0.00s)
        --- SKIP: TestGroups/function-number/case027 (0.00s)
        --- SKIP: TestGroups/function-number/case028 (0.00s)
        --- SKIP: TestGroups/function-number/case033 (0.00s)
        --- SKIP: TestGroups/function-number/case013 (0.00s)
        --- SKIP: TestGroups/function-number/case015 (0.00s)
        --- SKIP: TestGroups/function-number/case025 (0.00s)
        --- SKIP: TestGroups/function-number/case031 (0.00s)
        --- SKIP: TestGroups/function-number/case005 (0.00s)
        --- SKIP: TestGroups/function-number/case016 (0.00s)
        --- SKIP: TestGroups/function-number/case001 (0.00s)
        --- SKIP: TestGroups/function-number/case014 (0.00s)
        --- SKIP: TestGroups/function-number/case021 (0.00s)
        --- SKIP: TestGroups/function-number/case029 (0.00s)
    --- PASS: TestGroups/function-pad (0.00s)
        --- SKIP: TestGroups/function-pad/case003 (0.00s)
        --- SKIP: TestGroups/function-pad/case004 (0.00s)
        --- SKIP: TestGroups/function-pad/case007 (0.00s)
        --- SKIP: TestGroups/function-pad/case009 (0.00s)
        --- SKIP: TestGroups/function-pad/case011 (0.00s)
        --- SKIP: TestGroups/function-pad/case012 (0.00s)
        --- SKIP: TestGroups/function-pad/case002 (0.00s)
        --- SKIP: TestGroups/function-pad/case005 (0.00s)
        --- SKIP: TestGroups/function-pad/case006 (0.00s)
        --- SKIP: TestGroups/function-pad/case008 (0.00s)
        --- SKIP: TestGroups/function-pad/case010 (0.00s)
        --- SKIP: TestGroups/function-pad/case000 (0.00s)
        --- SKIP: TestGroups/function-pad/case001 (0.00s)
    --- PASS: TestGroups/function-power (0.00s)
        --- SKIP: TestGroups/function-power/case005 (0.00s)
        --- SKIP: TestGroups/function-power/case006 (0.00s)
        --- SKIP: TestGroups/function-power/case000 (0.00s)
        --- SKIP: TestGroups/function-power/case001 (0.00s)
        --- SKIP: TestGroups/function-power/case002 (0.00s)
        --- SKIP: TestGroups/function-power/case003 (0.00s)
        --- SKIP: TestGroups/function-power/case004 (0.00s)
    --- PASS: TestGroups/function-replace (0.00s)
        --- SKIP: TestGroups/function-replace/case000 (0.00s)
        --- SKIP: TestGroups/function-replace/case002 (0.00s)
        --- SKIP: TestGroups/function-replace/case005 (0.00s)
        --- SKIP: TestGroups/function-replace/case008 (0.00s)
        --- SKIP: TestGroups/function-replace/case009 (0.00s)
        --- SKIP: TestGroups/function-replace/case010 (0.00s)
        --- SKIP: TestGroups/function-replace/case011 (0.00s)
        --- SKIP: TestGroups/function-replace/case001 (0.00s)
        --- SKIP: TestGroups/function-replace/case003 (0.00s)
        --- SKIP: TestGroups/function-replace/case004 (0.00s)
        --- SKIP: TestGroups/function-replace/case006 (0.00s)
        --- SKIP: TestGroups/function-replace/case007 (0.00s)
    --- PASS: TestGroups/function-reverse (0.00s)
        --- SKIP: TestGroups/function-reverse/case002 (0.00s)
        --- SKIP: TestGroups/function-reverse/case003 (0.00s)
        --- SKIP: TestGroups/function-reverse/case000 (0.00s)
        --- SKIP: TestGroups/function-reverse/case001 (0.00s)
    --- PASS: TestGroups/function-round (0.00s)
        --- SKIP: TestGroups/function-round/case003 (0.00s)
        --- SKIP: TestGroups/function-round/case008 (0.00s)
        --- SKIP: TestGroups/function-round/case009 (0.00s)
        --- SKIP: TestGroups/function-round/case010 (0.00s)
        --- SKIP: TestGroups/function-round/case016 (0.00s)
        --- SKIP: TestGroups/function-round/case000 (0.00s)
        --- SKIP: TestGroups/function-round/case005 (0.00s)
        --- SKIP: TestGroups/function-round/case011 (0.00s)
        --- SKIP: TestGroups/function-round/case013 (0.00s)
        --- SKIP: TestGroups/function-round/case014 (0.00s)
        --- SKIP: TestGroups/function-round/case002 (0.00s)
        --- SKIP: TestGroups/function-round/case004 (0.00s)
        --- SKIP: TestGroups/function-round/case015 (0.00s)
        --- SKIP: TestGroups/function-round/case017 (0.00s)
        --- SKIP: TestGroups/function-round/case001 (0.00s)
        --- SKIP: TestGroups/function-round/case006 (0.00s)
        --- SKIP: TestGroups/function-round/case007 (0.00s)
        --- SKIP: TestGroups/function-round/case012 (0.00s)
    --- PASS: TestGroups/function-shuffle (0.00s)
        --- SKIP: TestGroups/function-shuffle/case003 (0.00s)
        --- SKIP: TestGroups/function-shuffle/case000 (0.00s)
        --- SKIP: TestGroups/function-shuffle/case001 (0.00s)
        --- SKIP: TestGroups/function-shuffle/case002 (0.00s)
    --- PASS: TestGroups/function-sift (0.00s)
        --- SKIP: TestGroups/function-sift/case003 (0.00s)
        --- SKIP: TestGroups/function-sift/case004 (0.00s)
        --- SKIP: TestGroups/function-sift/case000 (0.00s)
        --- SKIP: TestGroups/function-sift/case001 (0.00s)
        --- SKIP: TestGroups/function-sift/case002 (0.00s)
    --- PASS: TestGroups/function-signatures (0.00s)
        --- SKIP: TestGroups/function-signatures/case015 (0.00s)
        --- SKIP: TestGroups/function-signatures/case023 (0.00s)
        --- SKIP: TestGroups/function-signatures/case028 (0.00s)
        --- SKIP: TestGroups/function-signatures/case005 (0.00s)
        --- SKIP: TestGroups/function-signatures/case008 (0.00s)
        --- SKIP: TestGroups/function-signatures/case013 (0.00s)
        --- SKIP: TestGroups/function-signatures/case004 (0.00s)
        --- SKIP: TestGroups/function-signatures/case010 (0.00s)
        --- SKIP: TestGroups/function-signatures/case014 (0.00s)
        --- SKIP: TestGroups/function-signatures/case029 (0.00s)
        --- SKIP: TestGroups/function-signatures/case033 (0.00s)
        --- SKIP: TestGroups/function-signatures/case000 (0.00s)
        --- SKIP: TestGroups/function-signatures/case001 (0.00s)
        --- SKIP: TestGroups/function-signatures/case011 (0.00s)
        --- SKIP: TestGroups/function-signatures/case012 (0.00s)
        --- SKIP: TestGroups/function-signatures/case017 (0.00s)
        --- SKIP: TestGroups/function-signatures/case009 (0.00s)
        --- SKIP: TestGroups/function-signatures/case020 (0.00s)
        --- SKIP: TestGroups/function-signatures/case022 (0.00s)
        --- SKIP: TestGroups/function-signatures/case027 (0.00s)
        --- SKIP: TestGroups/function-signatures/case006 (0.00s)
        --- SKIP: TestGroups/function-signatures/case025 (0.00s)
        --- SKIP: TestGroups/function-signatures/case030 (0.00s)
        --- SKIP: TestGroups/function-signatures/case031 (0.00s)
        --- SKIP: TestGroups/function-signatures/case034 (0.00s)
        --- SKIP: TestGroups/function-signatures/case003 (0.00s)
        --- SKIP: TestGroups/function-signatures/case018 (0.00s)
        --- SKIP: TestGroups/function-signatures/case019 (0.00s)
        --- SKIP: TestGroups/function-signatures/case032 (0.00s)
        --- SKIP: TestGroups/function-signatures/case026 (0.00s)
        --- SKIP: TestGroups/function-signatures/case016 (0.00s)
        --- SKIP: TestGroups/function-signatures/case021 (0.00s)
        --- SKIP: TestGroups/function-signatures/case024 (0.00s)
        --- SKIP: TestGroups/function-signatures/case002 (0.00s)
        --- SKIP: TestGroups/function-signatures/case007 (0.00s)
    --- PASS: TestGroups/function-sort (0.00s)
        --- SKIP: TestGroups/function-sort/case002 (0.00s)
        --- SKIP: TestGroups/function-sort/case003 (0.00s)
        --- SKIP: TestGroups/function-sort/case004 (0.00s)
        --- SKIP: TestGroups/function-sort/case005 (0.00s)
        --- SKIP: TestGroups/function-sort/case006 (0.00s)
        --- SKIP: TestGroups/function-sort/case009 (0.00s)
        --- SKIP: TestGroups/function-sort/case000 (0.00s)
        --- SKIP: TestGroups/function-sort/case001 (0.00s)
        --- SKIP: TestGroups/function-sort/case007 (0.00s)
        --- SKIP: TestGroups/function-sort/case008 (0.00s)
        --- SKIP: TestGroups/function-sort/case010 (0.00s)
    --- PASS: TestGroups/function-split (0.00s)
        --- SKIP: TestGroups/function-split/case011 (0.00s)
        --- SKIP: TestGroups/function-split/case014 (0.00s)
        --- SKIP: TestGroups/function-split/case017 (0.00s)
        --- SKIP: TestGroups/function-split/case018 (0.00s)
        --- SKIP: TestGroups/function-split/case000 (0.00s)
        --- SKIP: TestGroups/function-split/case002 (0.00s)
        --- SKIP: TestGroups/function-split/case009 (0.00s)
        --- SKIP: TestGroups/function-split/case001 (0.00s)
        --- SKIP: TestGroups/function-split/case004 (0.00s)
        --- SKIP: TestGroups/function-split/case006 (0.00s)
        --- SKIP: TestGroups/function-split/case015 (0.00s)
        --- SKIP: TestGroups/function-split/case016 (0.00s)
        --- SKIP: TestGroups/function-split/case007 (0.00s)
        --- SKIP: TestGroups/function-split/case010 (0.00s)
        --- SKIP: TestGroups/function-split/case012 (0.00s)
        --- SKIP: TestGroups/function-split/case013 (0.00s)
        --- SKIP: TestGroups/function-split/case003 (0.00s)
        --- SKIP: TestGroups/function-split/case005 (0.00s)
        --- SKIP: TestGroups/function-split/case008 (0.00s)
    --- PASS: TestGroups/function-spread (0.00s)
        --- SKIP: TestGroups/function-spread/case001 (0.00s)
        --- SKIP: TestGroups/function-spread/case002 (0.00s)
        --- SKIP: TestGroups/function-spread/case003 (0.00s)
        --- SKIP: TestGroups/function-spread/case000 (0.00s)
    --- PASS: TestGroups/function-sqrt (0.00s)
        --- SKIP: TestGroups/function-sqrt/case000 (0.00s)
        --- SKIP: TestGroups/function-sqrt/case001 (0.00s)
        --- SKIP: TestGroups/function-sqrt/case002 (0.00s)
        --- SKIP: TestGroups/function-sqrt/case003 (0.00s)
    --- PASS: TestGroups/function-string (0.00s)
        --- SKIP: TestGroups/function-string/case009 (0.00s)
        --- SKIP: TestGroups/function-string/case022 (0.00s)
        --- SKIP: TestGroups/function-string/case025 (0.00s)
        --- SKIP: TestGroups/function-string/case030 (0.00s)
        --- SKIP: TestGroups/function-string/case001 (0.00s)
        --- SKIP: TestGroups/function-string/case008 (0.00s)
        --- SKIP: TestGroups/function-string/case010 (0.00s)
        --- SKIP: TestGroups/function-string/case026 (0.00s)
        --- SKIP: TestGroups/function-string/case029 (0.00s)
        --- SKIP: TestGroups/function-string/case014 (0.00s)
        --- SKIP: TestGroups/function-string/case028 (0.00s)
        --- SKIP: TestGroups/function-string/case006 (0.00s)
        --- SKIP: TestGroups/function-string/case016 (0.00s)
        --- SKIP: TestGroups/function-string/case020 (0.00s)
        --- SKIP: TestGroups/function-string/case002 (0.00s)
        --- SKIP: TestGroups/function-string/case003 (0.00s)
        --- SKIP: TestGroups/function-string/case015 (0.00s)
        --- SKIP: TestGroups/function-string/case017 (0.00s)
        --- SKIP: TestGroups/function-string/case018 (0.00s)
        --- SKIP: TestGroups/function-string/case019 (0.00s)
        --- SKIP: TestGroups/function-string/case024 (0.00s)
        --- SKIP: TestGroups/function-string/case000 (0.00s)
        --- SKIP: TestGroups/function-string/case004 (0.00s)
        --- SKIP: TestGroups/function-string/case012 (0.00s)
        --- SKIP: TestGroups/function-string/case027 (0.00s)
        --- SKIP: TestGroups/function-string/case011 (0.00s)
        --- SKIP: TestGroups/function-string/case013 (0.00s)
        --- SKIP: TestGroups/function-string/case021 (0.00s)
        --- SKIP: TestGroups/function-string/case023 (0.00s)
        --- SKIP: TestGroups/function-string/case005 (0.00s)
        --- SKIP: TestGroups/function-string/case007 (0.00s)
    --- PASS: TestGroups/function-substring (0.00s)
        --- SKIP: TestGroups/function-substring/case014 (0.00s)
        --- SKIP: TestGroups/function-substring/case010 (0.00s)
        --- SKIP: TestGroups/function-substring/case011 (0.00s)
        --- SKIP: TestGroups/function-substring/case013 (0.00s)
        --- SKIP: TestGroups/function-substring/case000 (0.00s)
        --- SKIP: TestGroups/function-substring/case004 (0.00s)
        --- SKIP: TestGroups/function-substring/case016 (0.00s)
        --- SKIP: TestGroups/function-substring/case018 (0.00s)
        --- SKIP: TestGroups/function-substring/case006 (0.00s)
        --- SKIP: TestGroups/function-substring/case007 (0.00s)
        --- SKIP: TestGroups/function-substring/case008 (0.00s)
        --- SKIP: TestGroups/function-substring/case012 (0.00s)
        --- SKIP: TestGroups/function-substring/case015 (0.00s)
        --- SKIP: TestGroups/function-substring/case017 (0.00s)
        --- SKIP: TestGroups/function-substring/case001 (0.00s)
        --- SKIP: TestGroups/function-substring/case002 (0.00s)
        --- SKIP: TestGroups/function-substring/case003 (0.00s)
        --- SKIP: TestGroups/function-substring/case005 (0.00s)
        --- SKIP: TestGroups/function-substring/case009 (0.00s)
    --- PASS: TestGroups/function-substringAfter (0.00s)
        --- SKIP: TestGroups/function-substringAfter/case000 (0.00s)
        --- SKIP: TestGroups/function-substringAfter/case001 (0.00s)
        --- SKIP: TestGroups/function-substringAfter/case002 (0.00s)
        --- SKIP: TestGroups/function-substringAfter/case003 (0.00s)
        --- SKIP: TestGroups/function-substringAfter/case004 (0.00s)
    --- PASS: TestGroups/function-substringBefore (0.00s)
        --- SKIP: TestGroups/function-substringBefore/case000 (0.00s)
        --- SKIP: TestGroups/function-substringBefore/case001 (0.00s)
        --- SKIP: TestGroups/function-substringBefore/case002 (0.00s)
        --- SKIP: TestGroups/function-substringBefore/case003 (0.00s)
        --- SKIP: TestGroups/function-substringBefore/case004 (0.00s)
    --- PASS: TestGroups/function-sum (0.00s)
        --- SKIP: TestGroups/function-sum/case001 (0.00s)
        --- SKIP: TestGroups/function-sum/case002 (0.00s)
        --- SKIP: TestGroups/function-sum/case003 (0.00s)
        --- SKIP: TestGroups/function-sum/case004 (0.00s)
        --- SKIP: TestGroups/function-sum/case005 (0.00s)
        --- SKIP: TestGroups/function-sum/case006 (0.00s)
        --- SKIP: TestGroups/function-sum/case000 (0.00s)
    --- PASS: TestGroups/function-tomillis (0.00s)
        --- SKIP: TestGroups/function-tomillis/case007 (0.00s)
        --- SKIP: TestGroups/function-tomillis/case008 (0.00s)
        --- SKIP: TestGroups/function-tomillis/case009 (0.00s)
        --- SKIP: TestGroups/function-tomillis/case013 (0.00s)
        --- SKIP: TestGroups/function-tomillis/case001 (0.00s)
        --- SKIP: TestGroups/function-tomillis/case002 (0.00s)
        --- SKIP: TestGroups/function-tomillis/case004 (0.00s)
        --- SKIP: TestGroups/function-tomillis/case010 (0.00s)
        --- SKIP: TestGroups/function-tomillis/case011 (0.00s)
        --- SKIP: TestGroups/function-tomillis/case012 (0.00s)
        --- SKIP: TestGroups/function-tomillis/case003 (0.00s)
        --- SKIP: TestGroups/function-tomillis/case005 (0.00s)
        --- SKIP: TestGroups/function-tomillis/case006 (0.00s)
    --- PASS: TestGroups/function-trim (0.00s)
        --- SKIP: TestGroups/function-trim/case001 (0.00s)
        --- SKIP: TestGroups/function-trim/case002 (0.00s)
        --- SKIP: TestGroups/function-trim/case000 (0.00s)
    --- PASS: TestGroups/function-typeOf (0.00s)
        --- SKIP: TestGroups/function-typeOf/case007 (0.00s)
        --- SKIP: TestGroups/function-typeOf/case008 (0.00s)
        --- SKIP: TestGroups/function-typeOf/case010 (0.00s)
        --- SKIP: TestGroups/function-typeOf/case011 (0.00s)
        --- SKIP: TestGroups/function-typeOf/case012 (0.00s)
        --- SKIP: TestGroups/function-typeOf/case001 (0.00s)
        --- SKIP: TestGroups/function-typeOf/case002 (0.00s)
        --- SKIP: TestGroups/function-typeOf/case003 (0.00s)
        --- SKIP: TestGroups/function-typeOf/case005 (0.00s)
        --- SKIP: TestGroups/function-typeOf/case006 (0.00s)
        --- SKIP: TestGroups/function-typeOf/case009 (0.00s)
        --- SKIP: TestGroups/function-typeOf/case013 (0.00s)
        --- SKIP: TestGroups/function-typeOf/case004 (0.00s)
    --- PASS: TestGroups/function-uppercase (0.00s)
        --- SKIP: TestGroups/function-uppercase/case001 (0.00s)
        --- SKIP: TestGroups/function-uppercase/case000 (0.00s)
    --- PASS: TestGroups/function-zip (0.00s)
        --- SKIP: TestGroups/function-zip/case003 (0.00s)
        --- SKIP: TestGroups/function-zip/case004 (0.00s)
        --- SKIP: TestGroups/function-zip/case005 (0.00s)
        --- SKIP: TestGroups/function-zip/case000 (0.00s)
        --- SKIP: TestGroups/function-zip/case001 (0.00s)
        --- SKIP: TestGroups/function-zip/case002 (0.00s)
    --- PASS: TestGroups/higher-order-functions (0.00s)
        --- SKIP: TestGroups/higher-order-functions/case000 (0.00s)
        --- SKIP: TestGroups/higher-order-functions/case001 (0.00s)
        --- SKIP: TestGroups/higher-order-functions/case002 (0.00s)
    --- PASS: TestGroups/hof-filter (0.00s)
        --- SKIP: TestGroups/hof-filter/case003 (0.00s)
        --- SKIP: TestGroups/hof-filter/case000 (0.00s)
        --- SKIP: TestGroups/hof-filter/case001 (0.00s)
        --- SKIP: TestGroups/hof-filter/case002 (0.00s)
    --- PASS: TestGroups/hof-map (0.00s)
        --- SKIP: TestGroups/hof-map/case005 (0.00s)
        --- SKIP: TestGroups/hof-map/case007 (0.00s)
        --- SKIP: TestGroups/hof-map/case009 (0.00s)
        --- SKIP: TestGroups/hof-map/case001 (0.00s)
        --- SKIP: TestGroups/hof-map/case0010 (0.00s)
        --- SKIP: TestGroups/hof-map/case002 (0.00s)
        --- SKIP: TestGroups/hof-map/case003 (0.00s)
        --- SKIP: TestGroups/hof-map/case004 (0.00s)
        --- SKIP: TestGroups/hof-map/case006 (0.00s)
        --- SKIP: TestGroups/hof-map/case008 (0.00s)
        --- SKIP: TestGroups/hof-map/case000 (0.00s)
        --- SKIP: TestGroups/hof-map/case0011 (0.00s)
    --- PASS: TestGroups/hof-reduce (0.00s)
        --- SKIP: TestGroups/hof-reduce/case000 (0.00s)
        --- SKIP: TestGroups/hof-reduce/case006 (0.00s)
        --- SKIP: TestGroups/hof-reduce/case007 (0.00s)
        --- SKIP: TestGroups/hof-reduce/case009 (0.00s)
        --- SKIP: TestGroups/hof-reduce/case010 (0.00s)
        --- SKIP: TestGroups/hof-reduce/case001 (0.00s)
        --- SKIP: TestGroups/hof-reduce/case002 (0.00s)
        --- SKIP: TestGroups/hof-reduce/case003 (0.00s)
        --- SKIP: TestGroups/hof-reduce/case004 (0.00s)
        --- SKIP: TestGroups/hof-reduce/case005 (0.00s)
        --- SKIP: TestGroups/hof-reduce/case008 (0.00s)
    --- PASS: TestGroups/hof-single (0.00s)
        --- SKIP: TestGroups/hof-single/case000 (0.00s)
        --- SKIP: TestGroups/hof-single/case001 (0.00s)
        --- SKIP: TestGroups/hof-single/case002 (0.00s)
        --- SKIP: TestGroups/hof-single/case003 (0.00s)
        --- SKIP: TestGroups/hof-single/case004 (0.00s)
        --- SKIP: TestGroups/hof-single/case005 (0.00s)
        --- SKIP: TestGroups/hof-single/case007 (0.00s)
        --- SKIP: TestGroups/hof-single/case008 (0.00s)
        --- SKIP: TestGroups/hof-single/case006 (0.00s)
        --- SKIP: TestGroups/hof-single/case009 (0.00s)
        --- SKIP: TestGroups/hof-single/case010 (0.00s)
    --- PASS: TestGroups/hof-zip-map (0.00s)
        --- SKIP: TestGroups/hof-zip-map/case000 (0.00s)
        --- SKIP: TestGroups/hof-zip-map/case001 (0.00s)
        --- SKIP: TestGroups/hof-zip-map/case002 (0.00s)
        --- SKIP: TestGroups/hof-zip-map/case003 (0.00s)
    --- PASS: TestGroups/inclusion-operator (0.00s)
        --- SKIP: TestGroups/inclusion-operator/case007 (0.00s)
        --- SKIP: TestGroups/inclusion-operator/case008 (0.00s)
        --- SKIP: TestGroups/inclusion-operator/case004 (0.00s)
        --- SKIP: TestGroups/inclusion-operator/case005 (0.00s)
        --- SKIP: TestGroups/inclusion-operator/case000 (0.00s)
        --- SKIP: TestGroups/inclusion-operator/case001 (0.00s)
        --- SKIP: TestGroups/inclusion-operator/case002 (0.00s)
        --- SKIP: TestGroups/inclusion-operator/case003 (0.00s)
        --- SKIP: TestGroups/inclusion-operator/case006 (0.00s)
    --- PASS: TestGroups/lambdas (0.00s)
        --- SKIP: TestGroups/lambdas/case002 (0.00s)
        --- SKIP: TestGroups/lambdas/case004 (0.00s)
        --- SKIP: TestGroups/lambdas/case006 (0.00s)
        --- SKIP: TestGroups/lambdas/case007 (0.00s)
        --- SKIP: TestGroups/lambdas/case008 (0.00s)
        --- SKIP: TestGroups/lambdas/case010 (0.00s)
        --- SKIP: TestGroups/lambdas/case012 (0.00s)
        --- SKIP: TestGroups/lambdas/case000 (0.00s)
        --- SKIP: TestGroups/lambdas/case003 (0.00s)
        --- SKIP: TestGroups/lambdas/case005 (0.00s)
        --- SKIP: TestGroups/lambdas/case009 (0.00s)
        --- SKIP: TestGroups/lambdas/case011 (0.00s)
        --- SKIP: TestGroups/lambdas/case013 (0.00s)
        --- SKIP: TestGroups/lambdas/case001 (0.00s)
    --- PASS: TestGroups/literals (0.00s)
        --- SKIP: TestGroups/literals/case011 (0.00s)
        --- SKIP: TestGroups/literals/case012 (0.00s)
        --- SKIP: TestGroups/literals/case002 (0.00s)
        --- SKIP: TestGroups/literals/case009 (0.00s)
        --- SKIP: TestGroups/literals/case010 (0.00s)
        --- SKIP: TestGroups/literals/case014 (0.00s)
        --- SKIP: TestGroups/literals/case004 (0.00s)
        --- SKIP: TestGroups/literals/case007 (0.00s)
        --- SKIP: TestGroups/literals/case013 (0.00s)
        --- SKIP: TestGroups/literals/case015 (0.00s)
        --- SKIP: TestGroups/literals/case016 (0.00s)
        --- SKIP: TestGroups/literals/case000 (0.00s)
        --- SKIP: TestGroups/literals/case001 (0.00s)
        --- SKIP: TestGroups/literals/case003 (0.00s)
        --- SKIP: TestGroups/literals/case005 (0.00s)
        --- SKIP: TestGroups/literals/case006 (0.00s)
        --- SKIP: TestGroups/literals/case019 (0.00s)
        --- SKIP: TestGroups/literals/case008 (0.00s)
        --- SKIP: TestGroups/literals/case017 (0.00s)
        --- SKIP: TestGroups/literals/case018 (0.00s)
    --- PASS: TestGroups/matchers (0.00s)
        --- SKIP: TestGroups/matchers/case000 (0.00s)
        --- SKIP: TestGroups/matchers/case001 (0.00s)
    --- PASS: TestGroups/missing-paths (0.00s)
        --- PASS: TestGroups/missing-paths/case002 (0.00s)
        --- PASS: TestGroups/missing-paths/case003 (0.00s)
        --- PASS: TestGroups/missing-paths/case004 (0.00s)
        --- PASS: TestGroups/missing-paths/case005 (0.00s)
        --- PASS: TestGroups/missing-paths/case000 (0.00s)
        --- PASS: TestGroups/missing-paths/case001 (0.00s)
    --- PASS: TestGroups/multiple-array-selectors (0.00s)
        --- SKIP: TestGroups/multiple-array-selectors/case001 (0.00s)
        --- SKIP: TestGroups/multiple-array-selectors/case002 (0.00s)
        --- SKIP: TestGroups/multiple-array-selectors/case000 (0.00s)
    --- PASS: TestGroups/null (0.00s)
        --- SKIP: TestGroups/null/case002 (0.00s)
        --- SKIP: TestGroups/null/case003 (0.00s)
        --- SKIP: TestGroups/null/case004 (0.00s)
        --- SKIP: TestGroups/null/case005 (0.00s)
        --- SKIP: TestGroups/null/case006 (0.00s)
        --- PASS: TestGroups/null/case000 (0.00s)
        --- SKIP: TestGroups/null/case001 (0.00s)
    --- PASS: TestGroups/numeric-operators (0.00s)
        --- PASS: TestGroups/numeric-operators/case018 (0.00s)
        --- SKIP: TestGroups/numeric-operators/case000 (0.00s)
        --- SKIP: TestGroups/numeric-operators/case007 (0.00s)
        --- SKIP: TestGroups/numeric-operators/case010 (0.00s)
        --- SKIP: TestGroups/numeric-operators/case012 (0.00s)
        --- SKIP: TestGroups/numeric-operators/case001 (0.00s)
        --- SKIP: TestGroups/numeric-operators/case003 (0.00s)
        --- PASS: TestGroups/numeric-operators/case013 (0.00s)
        --- SKIP: TestGroups/numeric-operators/case014 (0.00s)
        --- SKIP: TestGroups/numeric-operators/case015 (0.00s)
        --- PASS: TestGroups/numeric-operators/case017 (0.00s)
        --- SKIP: TestGroups/numeric-operators/case004 (0.00s)
        --- SKIP: TestGroups/numeric-operators/case005 (0.00s)
        --- SKIP: TestGroups/numeric-operators/case008 (0.00s)
        --- SKIP: TestGroups/numeric-operators/case016 (0.00s)
        --- SKIP: TestGroups/numeric-operators/case002 (0.00s)
        --- SKIP: TestGroups/numeric-operators/case006 (0.00s)
        --- SKIP: TestGroups/numeric-operators/case009 (0.00s)
        --- SKIP: TestGroups/numeric-operators/case011 (0.00s)
    --- PASS: TestGroups/object-constructor (0.00s)
        --- SKIP: TestGroups/object-constructor/case019 (0.00s)
        --- SKIP: TestGroups/object-constructor/case023 (0.00s)
        --- SKIP: TestGroups/object-constructor/case026 (0.00s)
        --- SKIP: TestGroups/object-constructor/case000 (0.00s)
        --- SKIP: TestGroups/object-constructor/case003 (0.00s)
        --- SKIP: TestGroups/object-constructor/case006 (0.00s)
        --- SKIP: TestGroups/object-constructor/case007 (0.00s)
        --- SKIP: TestGroups/object-constructor/case010 (0.00s)
        --- SKIP: TestGroups/object-constructor/case012 (0.00s)
        --- SKIP: TestGroups/object-constructor/case014 (0.00s)
        --- SKIP: TestGroups/object-constructor/case017 (0.00s)
        --- SKIP: TestGroups/object-constructor/case009 (0.00s)
        --- SKIP: TestGroups/object-constructor/case011 (0.00s)
        --- SKIP: TestGroups/object-constructor/case015 (0.00s)
        --- SKIP: TestGroups/object-constructor/case016 (0.00s)
        --- SKIP: TestGroups/object-constructor/case018 (0.00s)
        --- SKIP: TestGroups/object-constructor/case021 (0.00s)
        --- SKIP: TestGroups/object-constructor/case005 (0.00s)
        --- SKIP: TestGroups/object-constructor/case008 (0.00s)
        --- SKIP: TestGroups/object-constructor/case020 (0.00s)
        --- SKIP: TestGroups/object-constructor/case022 (0.00s)
        --- SKIP: TestGroups/object-constructor/case024 (0.00s)
        --- SKIP: TestGroups/object-constructor/case025 (0.00s)
        --- SKIP: TestGroups/object-constructor/case001 (0.00s)
        --- SKIP: TestGroups/object-constructor/case002 (0.00s)
        --- SKIP: TestGroups/object-constructor/case004 (0.00s)
        --- SKIP: TestGroups/object-constructor/case013 (0.00s)
    --- PASS: TestGroups/parentheses (0.00s)
        --- SKIP: TestGroups/parentheses/case000 (0.00s)
        --- SKIP: TestGroups/parentheses/case001 (0.00s)
        --- SKIP: TestGroups/parentheses/case002 (0.00s)
        --- SKIP: TestGroups/parentheses/case003 (0.00s)
        --- SKIP: TestGroups/parentheses/case004 (0.00s)
        --- SKIP: TestGroups/parentheses/case005 (0.00s)
        --- SKIP: TestGroups/parentheses/case006 (0.00s)
        --- SKIP: TestGroups/parentheses/case007 (0.00s)
    --- PASS: TestGroups/partial-application (0.00s)
        --- SKIP: TestGroups/partial-application/case000 (0.00s)
        --- SKIP: TestGroups/partial-application/case001 (0.00s)
        --- SKIP: TestGroups/partial-application/case002 (0.00s)
        --- SKIP: TestGroups/partial-application/case003 (0.00s)
        --- SKIP: TestGroups/partial-application/case004 (0.00s)
    --- PASS: TestGroups/performance (0.00s)
        --- SKIP: TestGroups/performance/case000 (0.00s)
        --- SKIP: TestGroups/performance/case001 (0.00s)
    --- PASS: TestGroups/predicates (0.00s)
        --- SKIP: TestGroups/predicates/case000 (0.00s)
        --- SKIP: TestGroups/predicates/case001 (0.00s)
        --- SKIP: TestGroups/predicates/case002 (0.00s)
        --- SKIP: TestGroups/predicates/case003 (0.00s)
    --- PASS: TestGroups/quoted-selectors (0.00s)
        --- SKIP: TestGroups/quoted-selectors/case004 (0.00s)
        --- SKIP: TestGroups/quoted-selectors/case005 (0.00s)
        --- SKIP: TestGroups/quoted-selectors/case006 (0.00s)
        --- SKIP: TestGroups/quoted-selectors/case007 (0.00s)
        --- SKIP: TestGroups/quoted-selectors/case000 (0.00s)
        --- SKIP: TestGroups/quoted-selectors/case001 (0.00s)
        --- SKIP: TestGroups/quoted-selectors/case002 (0.00s)
        --- SKIP: TestGroups/quoted-selectors/case003 (0.00s)
    --- PASS: TestGroups/range-operator (0.00s)
        --- SKIP: TestGroups/range-operator/case007 (0.00s)
        --- SKIP: TestGroups/range-operator/case014 (0.00s)
        --- SKIP: TestGroups/range-operator/case015 (0.00s)
        --- SKIP: TestGroups/range-operator/case022 (0.00s)
        --- SKIP: TestGroups/range-operator/case024 (0.00s)
        --- SKIP: TestGroups/range-operator/case013 (0.00s)
        --- SKIP: TestGroups/range-operator/case000 (0.00s)
        --- SKIP: TestGroups/range-operator/case006 (0.00s)
        --- SKIP: TestGroups/range-operator/case008 (0.00s)
        --- SKIP: TestGroups/range-operator/case012 (0.00s)
        --- SKIP: TestGroups/range-operator/case017 (0.00s)
        --- SKIP: TestGroups/range-operator/case001 (0.00s)
        --- SKIP: TestGroups/range-operator/case004 (0.00s)
        --- SKIP: TestGroups/range-operator/case011 (0.00s)
        --- SKIP: TestGroups/range-operator/case019 (0.00s)
        --- SKIP: TestGroups/range-operator/case023 (0.00s)
        --- SKIP: TestGroups/range-operator/case003 (0.00s)
        --- SKIP: TestGroups/range-operator/case005 (0.00s)
        --- SKIP: TestGroups/range-operator/case009 (0.00s)
        --- SKIP: TestGroups/range-operator/case010 (0.00s)
        --- SKIP: TestGroups/range-operator/case016 (0.00s)
        --- SKIP: TestGroups/range-operator/case018 (0.00s)
        --- SKIP: TestGroups/range-operator/case020 (0.00s)
        --- SKIP: TestGroups/range-operator/case021 (0.00s)
        --- SKIP: TestGroups/range-operator/case002 (0.00s)
    --- PASS: TestGroups/regex (0.00s)
        --- SKIP: TestGroups/regex/case016 (0.00s)
        --- SKIP: TestGroups/regex/case021 (0.00s)
        --- SKIP: TestGroups/regex/case024 (0.00s)
        --- SKIP: TestGroups/regex/case026 (0.00s)
        --- SKIP: TestGroups/regex/case027 (0.00s)
        --- SKIP: TestGroups/regex/case006 (0.00s)
        --- SKIP: TestGroups/regex/case007 (0.00s)
        --- SKIP: TestGroups/regex/case009 (0.00s)
        --- SKIP: TestGroups/regex/case019 (0.00s)
        --- SKIP: TestGroups/regex/case030 (0.00s)
        --- SKIP: TestGroups/regex/case034 (0.00s)
        --- SKIP: TestGroups/regex/case008 (0.00s)
        --- SKIP: TestGroups/regex/case022 (0.00s)
        --- SKIP: TestGroups/regex/case001 (0.00s)
        --- SKIP: TestGroups/regex/case013 (0.00s)
        --- SKIP: TestGroups/regex/case031 (0.00s)
        --- SKIP: TestGroups/regex/case033 (0.00s)
        --- SKIP: TestGroups/regex/case037 (0.00s)
        --- SKIP: TestGroups/regex/case025 (0.00s)
        --- SKIP: TestGroups/regex/case000 (0.00s)
        --- SKIP: TestGroups/regex/case003 (0.00s)
        --- SKIP: TestGroups/regex/case005 (0.00s)
        --- SKIP: TestGroups/regex/case010 (0.00s)
        --- SKIP: TestGroups/regex/case017 (0.00s)
        --- SKIP: TestGroups/regex/case032 (0.00s)
        --- SKIP: TestGroups/regex/case002 (0.00s)
        --- SKIP: TestGroups/regex/case011 (0.00s)
        --- SKIP: TestGroups/regex/case028 (0.00s)
        --- SKIP: TestGroups/regex/case035 (0.00s)
        --- SKIP: TestGroups/regex/case038 (0.00s)
        --- SKIP: TestGroups/regex/case014 (0.00s)
        --- SKIP: TestGroups/regex/case015 (0.00s)
        --- SKIP: TestGroups/regex/case020 (0.00s)
        --- SKIP: TestGroups/regex/case029 (0.00s)
        --- SKIP: TestGroups/regex/case036 (0.00s)
        --- SKIP: TestGroups/regex/case018 (0.00s)
        --- SKIP: TestGroups/regex/case023 (0.00s)
        --- SKIP: TestGroups/regex/case004 (0.00s)
        --- SKIP: TestGroups/regex/case012 (0.00s)
    --- PASS: TestGroups/simple-array-selectors (0.00s)
        --- SKIP: TestGroups/simple-array-selectors/case004 (0.00s)
        --- SKIP: TestGroups/simple-array-selectors/case006 (0.00s)
        --- SKIP: TestGroups/simple-array-selectors/case007 (0.00s)
        --- SKIP: TestGroups/simple-array-selectors/case008 (0.00s)
        --- SKIP: TestGroups/simple-array-selectors/case009 (0.00s)
        --- SKIP: TestGroups/simple-array-selectors/case013 (0.00s)
        --- SKIP: TestGroups/simple-array-selectors/case018 (0.00s)
        --- SKIP: TestGroups/simple-array-selectors/case019 (0.00s)
        --- PASS: TestGroups/simple-array-selectors/case001 (0.00s)
        --- SKIP: TestGroups/simple-array-selectors/case005 (0.00s)
        --- SKIP: TestGroups/simple-array-selectors/case010 (0.00s)
        --- SKIP: TestGroups/simple-array-selectors/case017 (0.00s)
        --- SKIP: TestGroups/simple-array-selectors/case020 (0.00s)
        --- SKIP: TestGroups/simple-array-selectors/case021 (0.00s)
        --- SKIP: TestGroups/simple-array-selectors/case022 (0.00s)
        --- SKIP: TestGroups/simple-array-selectors/case000 (0.00s)
        --- PASS: TestGroups/simple-array-selectors/case003 (0.00s)
        --- SKIP: TestGroups/simple-array-selectors/case011 (0.00s)
        --- SKIP: TestGroups/simple-array-selectors/case014 (0.00s)
        --- PASS: TestGroups/simple-array-selectors/case015 (0.00s)
        --- SKIP: TestGroups/simple-array-selectors/case016 (0.00s)
        --- PASS: TestGroups/simple-array-selectors/case002 (0.00s)
        --- SKIP: TestGroups/simple-array-selectors/case012 (0.00s)
    --- PASS: TestGroups/sorting (0.00s)
        --- SKIP: TestGroups/sorting/case002 (0.00s)
        --- SKIP: TestGroups/sorting/case005 (0.00s)
        --- SKIP: TestGroups/sorting/case006 (0.00s)
        --- SKIP: TestGroups/sorting/case007 (0.00s)
        --- SKIP: TestGroups/sorting/case010 (0.00s)
        --- SKIP: TestGroups/sorting/case014 (0.00s)
        --- SKIP: TestGroups/sorting/case015 (0.00s)
        --- SKIP: TestGroups/sorting/case001 (0.00s)
        --- SKIP: TestGroups/sorting/case004 (0.00s)
        --- SKIP: TestGroups/sorting/case008 (0.00s)
        --- SKIP: TestGroups/sorting/case016 (0.00s)
        --- SKIP: TestGroups/sorting/case017 (0.00s)
        --- SKIP: TestGroups/sorting/case020 (0.00s)
        --- SKIP: TestGroups/sorting/case000 (0.00s)
        --- SKIP: TestGroups/sorting/case003 (0.00s)
        --- SKIP: TestGroups/sorting/case009 (0.00s)
        --- SKIP: TestGroups/sorting/case011 (0.00s)
        --- SKIP: TestGroups/sorting/case013 (0.00s)
        --- SKIP: TestGroups/sorting/case018 (0.00s)
        --- SKIP: TestGroups/sorting/case019 (0.00s)
        --- SKIP: TestGroups/sorting/case012 (0.00s)
    --- PASS: TestGroups/string-concat (0.00s)
        --- SKIP: TestGroups/string-concat/case011 (0.00s)
        --- SKIP: TestGroups/string-concat/case000 (0.00s)
        --- SKIP: TestGroups/string-concat/case001 (0.00s)
        --- SKIP: TestGroups/string-concat/case002 (0.00s)
        --- SKIP: TestGroups/string-concat/case003 (0.00s)
        --- SKIP: TestGroups/string-concat/case005 (0.00s)
        --- SKIP: TestGroups/string-concat/case008 (0.00s)
        --- SKIP: TestGroups/string-concat/case010 (0.00s)
        --- SKIP: TestGroups/string-concat/case004 (0.00s)
        --- SKIP: TestGroups/string-concat/case006 (0.00s)
        --- SKIP: TestGroups/string-concat/case007 (0.00s)
        --- SKIP: TestGroups/string-concat/case009 (0.00s)
    --- PASS: TestGroups/tail-recursion (0.00s)
        --- SKIP: TestGroups/tail-recursion/case000 (0.00s)
        --- SKIP: TestGroups/tail-recursion/case004 (0.00s)
        --- SKIP: TestGroups/tail-recursion/case005 (0.00s)
        --- SKIP: TestGroups/tail-recursion/case006 (0.00s)
        --- SKIP: TestGroups/tail-recursion/case009 (0.00s)
        --- SKIP: TestGroups/tail-recursion/case001 (0.00s)
        --- SKIP: TestGroups/tail-recursion/case002 (0.00s)
        --- SKIP: TestGroups/tail-recursion/case003 (0.00s)
        --- SKIP: TestGroups/tail-recursion/case007 (0.00s)
        --- SKIP: TestGroups/tail-recursion/case008 (0.00s)
    --- PASS: TestGroups/token-conversion (0.00s)
        --- SKIP: TestGroups/token-conversion/case003 (0.00s)
        --- SKIP: TestGroups/token-conversion/case000 (0.00s)
        --- SKIP: TestGroups/token-conversion/case001 (0.00s)
        --- SKIP: TestGroups/token-conversion/case002 (0.00s)
    --- PASS: TestGroups/transform (0.01s)
        --- SKIP: TestGroups/transform/case027 (0.00s)
        --- SKIP: TestGroups/transform/case042 (0.00s)
        --- SKIP: TestGroups/transform/case074 (0.00s)
        --- SKIP: TestGroups/transform/case084 (0.00s)
        --- SKIP: TestGroups/transform/case004 (0.00s)
        --- PASS: TestGroups/transform/case019 (0.00s)
        --- SKIP: TestGroups/transform/case025 (0.00s)
        --- SKIP: TestGroups/transform/case031 (0.00s)
        --- SKIP: TestGroups/transform/case060 (0.00s)
        --- SKIP: TestGroups/transform/case063 (0.00s)
        --- SKIP: TestGroups/transform/case082 (0.00s)
        --- SKIP: TestGroups/transform/case094 (0.00s)
        --- SKIP: TestGroups/transform/case023 (0.00s)
        --- SKIP: TestGroups/transform/case026 (0.00s)
        --- SKIP: TestGroups/transform/case030 (0.00s)
        --- SKIP: TestGroups/transform/case034 (0.00s)
        --- SKIP: TestGroups/transform/case037 (0.00s)
        --- SKIP: TestGroups/transform/case040 (0.00s)
        --- SKIP: TestGroups/transform/case064 (0.00s)
        --- SKIP: TestGroups/transform/case079 (0.00s)
        --- SKIP: TestGroups/transform/case000 (0.00s)
        --- SKIP: TestGroups/transform/case011 (0.00s)
        --- SKIP: TestGroups/transform/case015 (0.00s)
        --- SKIP: TestGroups/transform/case036 (0.00s)
        --- SKIP: TestGroups/transform/case065 (0.00s)
        --- SKIP: TestGroups/transform/case083 (0.00s)
        --- SKIP: TestGroups/transform/case088 (0.00s)
        --- SKIP: TestGroups/transform/case097 (0.00s)
        --- SKIP: TestGroups/transform/case050 (0.00s)
        --- SKIP: TestGroups/transform/case055 (0.00s)
        --- SKIP: TestGroups/transform/case078 (0.00s)
        --- SKIP: TestGroups/transform/case087 (0.00s)
        --- SKIP: TestGroups/transform/case096 (0.00s)
        --- SKIP: TestGroups/transform/case007 (0.00s)
        --- SKIP: TestGroups/transform/case035 (0.00s)
        --- SKIP: TestGroups/transform/case048 (0.00s)
        --- SKIP: TestGroups/transform/case052 (0.00s)
        --- SKIP: TestGroups/transform/case067 (0.00s)
        --- SKIP: TestGroups/transform/case090 (0.00s)
        --- SKIP: TestGroups/transform/case091 (0.00s)
        --- SKIP: TestGroups/transform/case092 (0.00s)
        --- SKIP: TestGroups/transform/case038 (0.00s)
        --- SKIP: TestGroups/transform/case039 (0.00s)
        --- SKIP: TestGroups/transform/case076 (0.00s)
        --- PASS: TestGroups/transform/case102 (0.00s)
        --- SKIP: TestGroups/transform/case054 (0.00s)
        --- SKIP: TestGroups/transform/case024 (0.00s)
        --- SKIP: TestGroups/transform/case012 (0.00s)
        --- SKIP: TestGroups/transform/case001 (0.00s)
        --- SKIP: TestGroups/transform/case032 (0.00s)
        --- SKIP: TestGroups/transform/case046 (0.00s)
        --- SKIP: TestGroups/transform/case068 (0.00s)
        --- SKIP: TestGroups/transform/case089 (0.00s)
        --- SKIP: TestGroups/transform/case002 (0.00s)
        --- SKIP: TestGroups/transform/case013 (0.00s)
        --- SKIP: TestGroups/transform/case017 (0.00s)
        --- PASS: TestGroups/transform/case022 (0.00s)
        --- SKIP: TestGroups/transform/case028 (0.00s)
        --- SKIP: TestGroups/transform/case029 (0.00s)
        --- SKIP: TestGroups/transform/case044 (0.00s)
        --- SKIP: TestGroups/transform/case056 (0.00s)
        --- SKIP: TestGroups/transform/case003 (0.00s)
        --- SKIP: TestGroups/transform/case014 (0.00s)
        --- SKIP: TestGroups/transform/case058 (0.00s)
        --- SKIP: TestGroups/transform/case073 (0.00s)
        --- SKIP: TestGroups/transform/case077 (0.00s)
        --- SKIP: TestGroups/transform/case098 (0.00s)
        --- SKIP: TestGroups/transform/case099 (0.00s)
        --- PASS: TestGroups/transform/case020 (0.00s)
        --- SKIP: TestGroups/transform/case041 (0.00s)
        --- SKIP: TestGroups/transform/case049 (0.00s)
        --- SKIP: TestGroups/transform/case081 (0.00s)
        --- PASS: TestGroups/transform/case009 (0.00s)
        --- SKIP: TestGroups/transform/case043 (0.00s)
        --- SKIP: TestGroups/transform/case057 (0.00s)
        --- SKIP: TestGroups/transform/case061 (0.00s)
        --- SKIP: TestGroups/transform/case093 (0.00s)
        --- SKIP: TestGroups/transform/case005 (0.00s)
        --- SKIP: TestGroups/transform/case006 (0.00s)
        --- PASS: TestGroups/transform/case008 (0.00s)
        --- SKIP: TestGroups/transform/case072 (0.00s)
        --- SKIP: TestGroups/transform/case086 (0.00s)
        --- SKIP: TestGroups/transform/case095 (0.00s)
        --- SKIP: TestGroups/transform/case100 (0.00s)
        --- PASS: TestGroups/transform/case010 (0.00s)
        --- SKIP: TestGroups/transform/case045 (0.00s)
        --- SKIP: TestGroups/transform/case047 (0.00s)
        --- SKIP: TestGroups/transform/case051 (0.00s)
        --- SKIP: TestGroups/transform/case053 (0.00s)
        --- SKIP: TestGroups/transform/case059 (0.00s)
        --- SKIP: TestGroups/transform/case062 (0.00s)
        --- SKIP: TestGroups/transform/case070 (0.00s)
        --- SKIP: TestGroups/transform/case066 (0.00s)
        --- SKIP: TestGroups/transform/case071 (0.00s)
        --- SKIP: TestGroups/transform/case075 (0.00s)
        --- SKIP: TestGroups/transform/case080 (0.00s)
        --- SKIP: TestGroups/transform/case085 (0.00s)
        --- PASS: TestGroups/transform/case101 (0.00s)
        --- PASS: TestGroups/transform/case103 (0.00s)
        --- SKIP: TestGroups/transform/case016 (0.00s)
        --- PASS: TestGroups/transform/case021 (0.00s)
        --- SKIP: TestGroups/transform/case033 (0.00s)
        --- SKIP: TestGroups/transform/case069 (0.00s)
        --- SKIP: TestGroups/transform/case018 (0.00s)
    --- PASS: TestGroups/transforms (0.00s)
        --- SKIP: TestGroups/transforms/case000 (0.00s)
        --- SKIP: TestGroups/transforms/case002 (0.00s)
        --- SKIP: TestGroups/transforms/case004 (0.00s)
        --- SKIP: TestGroups/transforms/case011 (0.00s)
        --- SKIP: TestGroups/transforms/case003 (0.00s)
        --- SKIP: TestGroups/transforms/case008 (0.00s)
        --- SKIP: TestGroups/transforms/case013 (0.00s)
        --- SKIP: TestGroups/transforms/case014 (0.00s)
        --- SKIP: TestGroups/transforms/case005 (0.00s)
        --- SKIP: TestGroups/transforms/case006 (0.00s)
        --- SKIP: TestGroups/transforms/case009 (0.00s)
        --- SKIP: TestGroups/transforms/case010 (0.00s)
        --- SKIP: TestGroups/transforms/case012 (0.00s)
        --- SKIP: TestGroups/transforms/case001 (0.00s)
        --- SKIP: TestGroups/transforms/case007 (0.00s)
    --- PASS: TestGroups/variables (0.00s)
        --- SKIP: TestGroups/variables/case006 (0.00s)
        --- SKIP: TestGroups/variables/case012 (0.00s)
        --- SKIP: TestGroups/variables/case000 (0.00s)
        --- SKIP: TestGroups/variables/case002 (0.00s)
        --- SKIP: TestGroups/variables/case005 (0.00s)
        --- SKIP: TestGroups/variables/case007 (0.00s)
        --- SKIP: TestGroups/variables/case008 (0.00s)
        --- SKIP: TestGroups/variables/case009 (0.00s)
        --- SKIP: TestGroups/variables/case010 (0.00s)
        --- SKIP: TestGroups/variables/case011 (0.00s)
        --- SKIP: TestGroups/variables/case001 (0.00s)
        --- SKIP: TestGroups/variables/case003 (0.00s)
        --- SKIP: TestGroups/variables/case004 (0.00s)
    --- PASS: TestGroups/wildcards (0.00s)
        --- SKIP: TestGroups/wildcards/case004 (0.00s)
        --- SKIP: TestGroups/wildcards/case006 (0.00s)
        --- SKIP: TestGroups/wildcards/case001 (0.00s)
        --- SKIP: TestGroups/wildcards/case005 (0.00s)
        --- SKIP: TestGroups/wildcards/case007 (0.00s)
        --- SKIP: TestGroups/wildcards/case008 (0.00s)
        --- SKIP: TestGroups/wildcards/case009 (0.00s)
        --- SKIP: TestGroups/wildcards/case000 (0.00s)
        --- SKIP: TestGroups/wildcards/case002 (0.00s)
        --- SKIP: TestGroups/wildcards/case003 (0.00s)
PASS
ok  	github.com/arran4/lookup/jsonata	0.147s
